{"symbol":"TVSMOTOR-EQ","action":"BUY","price":3468.31,"quantity":1,"timestamp":1768645571629}
{"symbol":"BRITANNIA-EQ","action":"BUY","price":5556.05,"quantity":1,"timestamp":1768645572588}
{"symbol":"VBL-EQ","action":"BUY","price":469.06,"quantity":1,"timestamp":1768645572603}
{"symbol":"HAL-EQ","action":"BUY","price":4468.38,"quantity":1,"timestamp":1768645572890}
{"symbol":"BPCL-EQ","action":"BUY","price":339.4,"quantity":1,"timestamp":1768645572912}
{"symbol":"DIVISLAB-EQ","action":"BUY","price":6159.16,"quantity":1,"timestamp":1768645574759}
{"symbol":"TATAPOWER-EQ","action":"BUY","price":340.48,"quantity":1,"timestamp":1768645574788}
{"symbol":"BPCL-EQ","action":"BUY","price":339.72,"quantity":1,"timestamp":1768645579468}
{"symbol":"DIVISLAB-EQ","action":"SELL","price":6551.45,"quantity":1,"pnl":392.28999999999996,"timestamp":1768645582251}
{"symbol":"HAL-EQ","action":"SELL","price":4693.19,"quantity":1,"pnl":224.8099999999995,"timestamp":1768645582875}
{"symbol":"BRITANNIA-EQ","action":"SELL","price":5856.91,"quantity":1,"pnl":300.8599999999997,"timestamp":1768645587512}
{"symbol":"BPCL-EQ","action":"BUY","price":335.49,"quantity":1,"timestamp":1768645609039}
{"symbol":"VEDL-EQ","action":"BUY","price":671.09,"quantity":1,"timestamp":1768645611171}
{"symbol":"DIVISLAB-EQ","action":"BUY","price":6182.66,"quantity":1,"timestamp":1768645624281}
{"symbol":"VEDL-EQ","action":"BUY","price":665.59,"quantity":1,"timestamp":1768645625193}
{"symbol":"BRITANNIA-EQ","action":"BUY","price":5520.3,"quantity":1,"timestamp":1768645651132}
{"symbol":"BPCL-EQ","action":"BUY","price":335.8,"quantity":1,"timestamp":1768645670450}
{"symbol":"BRITANNIA-EQ","action":"BUY","price":5456.42,"quantity":1,"timestamp":1768645676084}
{"symbol":"BPCL-EQ","action":"BUY","price":333.71,"quantity":1,"timestamp":1768645679202}
{"symbol":"DIVISLAB-EQ","action":"BUY","price":6232.65,"quantity":1,"timestamp":1768645680451}
{"symbol":"BRITANNIA-EQ","action":"BUY","price":5401.17,"quantity":1,"timestamp":1768645682961}
{"symbol":"BPCL-EQ","action":"BUY","price":333.59,"quantity":1,"timestamp":1768645686066}
{"symbol":"BPCL-EQ","action":"BUY","price":333.14,"quantity":1,"timestamp":1768645701366}
{"symbol":"BPCL-EQ","action":"BUY","price":334.07,"quantity":1,"timestamp":1768645726665}
{"symbol":"TVSMOTOR-EQ","action":"BUY","price":3505.91,"quantity":1,"timestamp":1768645740392}
{"symbol":"BPCL-EQ","action":"BUY","price":334.48,"quantity":1,"timestamp":1768645743230}
{"symbol":"BPCL-EQ","action":"BUY","price":335.1,"quantity":1,"timestamp":1768645747625}
{"symbol":"CHOLAFIN-EQ","action":"BUY","price":1718.84,"quantity":1,"timestamp":1768645780951}
{"symbol":"BRITANNIA-EQ","action":"BUY","price":5390.38,"quantity":1,"timestamp":1768645799058}
{"symbol":"BPCL-EQ","action":"BUY","price":334.79,"quantity":1,"timestamp":1768645813710}
{"symbol":"BPCL-EQ","action":"BUY","price":338.65,"quantity":1,"timestamp":1768645826479}
{"symbol":"BPCL-EQ","action":"BUY","price":333.41,"quantity":1,"timestamp":1768645831499}
{"symbol":"BPCL-EQ","action":"BUY","price":331.04,"quantity":1,"timestamp":1768645839599}
{"symbol":"BRITANNIA-EQ","action":"BUY","price":5352.5,"quantity":1,"timestamp":1768645854572}
{"symbol":"BPCL-EQ","action":"BUY","price":329.4,"quantity":1,"timestamp":1768645881423}
{"symbol":"TVSMOTOR-EQ","action":"BUY","price":3515.95,"quantity":1,"timestamp":1768645894234}
{"symbol":"BPCL-EQ","action":"BUY","price":341.74,"quantity":1,"timestamp":1768647096165}
{"symbol":"BRITANNIA-EQ","action":"BUY","price":5884.09,"quantity":1,"timestamp":1768647102052}
{"symbol":"CHOLAFIN-EQ","action":"BUY","price":1676.85,"quantity":1,"timestamp":1768647102365}
{"symbol":"BRITANNIA-EQ","action":"BUY","price":5850.78,"quantity":1,"timestamp":1768647106712}
{"symbol":"BPCL-EQ","action":"BUY","price":341.28,"quantity":1,"timestamp":1768647111387}
{"symbol":"BRITANNIA-EQ","action":"BUY","price":5810.37,"quantity":1,"timestamp":1768647116069}
{"symbol":"BRITANNIA-EQ","action":"BUY","price":5541.75,"quantity":1,"timestamp":1768672033475}
{"symbol":"HAL-EQ","action":"BUY","price":4472.21,"quantity":1,"timestamp":1768672037150}
{"symbol":"DIVISLAB-EQ","action":"BUY","price":6187.96,"quantity":1,"timestamp":1768672037466}
{"symbol":"DIVISLAB-EQ","action":"SELL","price":6547.57,"quantity":1,"pnl":359.6099999999997,"timestamp":1768672058850}
{"symbol":"HAL-EQ","action":"SELL","price":4701.79,"quantity":1,"pnl":229.57999999999993,"timestamp":1768672064434}
{"symbol":"VEDL-EQ","action":"BUY","price":705.88,"quantity":1,"timestamp":1768672099568}
{"symbol":"VEDL-EQ","action":"SELL","price":717.22,"quantity":1,"pnl":11.340000000000032,"timestamp":1768672100193}
{"symbol":"VEDL-EQ","action":"BUY","price":700.92,"quantity":1,"timestamp":1768672252802}
{"symbol":"TATAPOWER-EQ","action":"BUY","price":343.93,"quantity":1,"timestamp":1768672265764}
{"symbol":"VEDL-EQ","action":"SELL","price":802.59,"quantity":1,"pnl":101.67000000000007,"timestamp":1768672276672}
{"symbol":"TATAPOWER-EQ","action":"BUY","price":339.33,"quantity":1,"timestamp":1768672280456}
{"symbol":"TVSMOTOR-EQ","action":"BUY","price":3479.77,"quantity":1,"timestamp":1768672283238}
{"symbol":"BRITANNIA-EQ","action":"BUY","price":5616.07,"quantity":1,"timestamp":1768672284800}
{"symbol":"BRITANNIA-EQ","action":"BUY","price":5630.65,"quantity":1,"timestamp":1768672302581}
{"symbol":"VEDL-EQ","action":"BUY","price":666.32,"quantity":1,"timestamp":1768672302885}
{"symbol":"VEDL-EQ","action":"BUY","price":659.07,"quantity":1,"timestamp":1768672336831}
{"symbol":"BRITANNIA-EQ","action":"BUY","price":5599.97,"quantity":1,"timestamp":1768672399034}
{"symbol":"VEDL-EQ","action":"BUY","price":645.4,"quantity":1,"timestamp":1768672416710}
{"symbol":"VEDL-EQ","action":"BUY","price":644.72,"quantity":1,"timestamp":1768672427002}
{"symbol":"VEDL-EQ","action":"BUY","price":641.8,"quantity":1,"timestamp":1768672433821}
{"symbol":"TATAPOWER-EQ","action":"BUY","price":338.46,"quantity":1,"timestamp":1768672448424}
{"symbol":"HAL-EQ","action":"BUY","price":4369.14,"quantity":1,"timestamp":1768672453998}
{"symbol":"TATAPOWER-EQ","action":"BUY","price":338.11,"quantity":1,"timestamp":1768672458990}
{"symbol":"BRITANNIA-EQ","action":"BUY","price":5640.7,"quantity":1,"timestamp":1768672471434}
{"symbol":"BRITANNIA-EQ","action":"BUY","price":5652.58,"quantity":1,"timestamp":1768672473617}
{"symbol":"TATAPOWER-EQ","action":"BUY","price":336.37,"quantity":1,"timestamp":1768672504730}
{"symbol":"CHOLAFIN-EQ","action":"BUY","price":1698.79,"quantity":1,"timestamp":1768672556984}
{"symbol":"VEDL-EQ","action":"BUY","price":484.51,"quantity":1,"timestamp":1768672560997}
{"symbol":"VEDL-EQ","action":"BUY","price":461.68,"quantity":1,"timestamp":1768672566592}
{"symbol":"VEDL-EQ","action":"BUY","price":471.72,"quantity":1,"timestamp":1768672598039}
{"symbol":"VEDL-EQ","action":"BUY","price":466.15,"quantity":1,"timestamp":1768672603297}
{"symbol":"VEDL-EQ","action":"BUY","price":459.11,"quantity":1,"timestamp":1768672608570}
{"symbol":"VEDL-EQ","action":"BUY","price":456.06,"quantity":1,"timestamp":1768672609785}
{"symbol":"VEDL-EQ","action":"BUY","price":427.89,"quantity":1,"timestamp":1768672615373}
{"symbol":"VEDL-EQ","action":"BUY","price":634.56,"quantity":1,"timestamp":1768672680236}
{"symbol":"VEDL-EQ","action":"BUY","price":686.13,"quantity":1,"timestamp":1768672685227}
{"symbol":"HAL-EQ","action":"BUY","price":4188.8,"quantity":1,"timestamp":1768672685544}
{"symbol":"VEDL-EQ","action":"BUY","price":668.94,"quantity":1,"timestamp":1768672701720}
{"symbol":"HAL-EQ","action":"BUY","price":4204.08,"quantity":1,"timestamp":1768672703890}
{"symbol":"DIVISLAB-EQ","action":"BUY","price":5824.77,"quantity":1,"timestamp":1768672706052}
{"symbol":"VBL-EQ","action":"BUY","price":499.47,"quantity":1,"timestamp":1768672715380}
{"symbol":"VEDL-EQ","action":"BUY","price":669.4,"quantity":1,"timestamp":1768672754619}
{"symbol":"VBL-EQ","action":"BUY","price":494.5,"quantity":1,"timestamp":1768672756501}
{"symbol":"VEDL-EQ","action":"BUY","price":668.62,"quantity":1,"timestamp":1768672773615}
{"symbol":"VEDL-EQ","action":"BUY","price":664.63,"quantity":1,"timestamp":1768672785143}
{"symbol":"CHOLAFIN-EQ","action":"BUY","price":1603.68,"quantity":1,"timestamp":1768672816300}
{"symbol":"DIVISLAB-EQ","action":"BUY","price":5914.03,"quantity":1,"timestamp":1768672817807}
{"symbol":"VEDL-EQ","action":"BUY","price":634.05,"quantity":1,"timestamp":1768673067446}
{"symbol":"VEDL-EQ","action":"BUY","price":636.97,"quantity":1,"timestamp":1768673099102}
{"symbol":"VEDL-EQ","action":"BUY","price":639,"quantity":1,"timestamp":1768673124740}
{"symbol":"BRITANNIA-EQ","action":"BUY","price":5817.76,"quantity":1,"timestamp":1768673135283}
{"symbol":"TATAPOWER-EQ","action":"BUY","price":343.93,"quantity":1,"timestamp":1768673138295}
{"symbol":"CHOLAFIN-EQ","action":"BUY","price":1609.91,"quantity":1,"timestamp":1768673168029}
{"symbol":"VEDL-EQ","action":"BUY","price":642.97,"quantity":1,"timestamp":1768673175564}
{"symbol":"BPCL-EQ","action":"BUY","price":340.16,"quantity":1,"timestamp":1768673180100}
{"symbol":"TATAPOWER-EQ","action":"BUY","price":347.75,"quantity":1,"timestamp":1768673195301}
{"symbol":"VEDL-EQ","action":"BUY","price":686.15,"quantity":1,"timestamp":1768673205869}
{"symbol":"VBL-EQ","action":"BUY","price":473.1,"quantity":1,"timestamp":1768673207392}
{"symbol":"DIVISLAB-EQ","action":"BUY","price":5873.59,"quantity":1,"timestamp":1768673210397}
{"symbol":"BPCL-EQ","action":"BUY","price":344.6,"quantity":1,"timestamp":1768673210406}
{"symbol":"TVSMOTOR-EQ","action":"BUY","price":3476.22,"quantity":1,"timestamp":1768673213409}
{"symbol":"CHOLAFIN-EQ","action":"BUY","price":1613.77,"quantity":1,"timestamp":1768673220965}
{"symbol":"BRITANNIA-EQ","action":"BUY","price":5523.67,"quantity":1,"timestamp":1768673220971}
{"symbol":"VEDL-EQ","action":"SELL","price":724.88,"quantity":1,"pnl":38.73000000000002,"timestamp":1768673222471}
{"symbol":"TATAPOWER-EQ","action":"SELL","price":367.66,"quantity":1,"pnl":19.910000000000025,"timestamp":1768673225495}
{"symbol":"BPCL-EQ","action":"SELL","price":363.81,"quantity":1,"pnl":19.20999999999998,"timestamp":1768673237539}
{"symbol":"DIVISLAB-EQ","action":"SELL","price":6179.89,"quantity":1,"pnl":306.3000000000002,"timestamp":1768673254126}
{"symbol":"VEDL-EQ","action":"BUY","price":622.56,"quantity":1,"timestamp":1768673288064}
{"symbol":"VBL-EQ","action":"BUY","price":474.64,"quantity":1,"timestamp":1768673288079}
{"symbol":"BPCL-EQ","action":"BUY","price":363.65,"quantity":1,"timestamp":1768673291099}
{"symbol":"VEDL-EQ","action":"BUY","price":629.16,"quantity":1,"timestamp":1768673294110}
{"symbol":"VEDL-EQ","action":"BUY","price":635.07,"quantity":1,"timestamp":1768673300146}
{"symbol":"TVSMOTOR-EQ","action":"BUY","price":3472.78,"quantity":1,"timestamp":1768673307681}
{"symbol":"BRITANNIA-EQ","action":"BUY","price":5875.47,"quantity":1,"timestamp":1768673318226}
{"symbol":"VBL-EQ","action":"BUY","price":473.49,"quantity":1,"timestamp":1768673321244}
{"symbol":"CHOLAFIN-EQ","action":"BUY","price":1689.14,"quantity":1,"timestamp":1768673330277}
{"symbol":"VEDL-EQ","action":"BUY","price":643.52,"quantity":1,"timestamp":1768673334803}
{"symbol":"TATAPOWER-EQ","action":"BUY","price":340.81,"quantity":1,"timestamp":1768673364999}
{"symbol":"TVSMOTOR-EQ","action":"BUY","price":3406.32,"quantity":1,"timestamp":1768673366504}
{"symbol":"TATAPOWER-EQ","action":"BUY","price":338.52,"quantity":1,"timestamp":1768673396681}
{"symbol":"DIVISLAB-EQ","action":"BUY","price":5905.46,"quantity":1,"timestamp":1768673425306}
{"symbol":"TATAPOWER-EQ","action":"BUY","price":339.61,"quantity":1,"timestamp":1768673447936}
