{"symbol":"CHOLAFIN-EQ","action":"BUY","price":1676.1,"quantity":1,"timestamp":1768721574653}
{"symbol":"BPCL-EQ","action":"BUY","price":345.8,"quantity":1,"timestamp":1768721576160}
{"symbol":"BRITANNIA-EQ","action":"BUY","price":5507.07,"quantity":1,"timestamp":1768721604821}
{"symbol":"TVSMOTOR-EQ","action":"BUY","price":3574.76,"quantity":1,"timestamp":1768722055978}
{"symbol":"BPCL-EQ","action":"SELL","price":366.03,"quantity":1,"pnl":20.22999999999996,"timestamp":1768722108777}
{"symbol":"CHOLAFIN-EQ","action":"SELL","price":1736.97,"quantity":1,"pnl":60.87000000000012,"timestamp":1768722448268}
{"symbol":"BRITANNIA-EQ","action":"SELL","price":5820.64,"quantity":1,"pnl":313.5700000000006,"timestamp":1768722493513}
{"symbol":"BPCL-EQ","action":"BUY","price":338.98,"quantity":1,"timestamp":1768723100164}
{"symbol":"BPCL-EQ","action":"SELL","price":356.36,"quantity":1,"pnl":17.379999999999995,"timestamp":1768723254099}
{"symbol":"CHOLAFIN-EQ","action":"BUY","price":1588.55,"quantity":1,"timestamp":1768724361624}
{"symbol":"CHOLAFIN-EQ","action":"BUY","price":1583.43,"quantity":1,"timestamp":1768724376703}
{"symbol":"CHOLAFIN-EQ","action":"BUY","price":1596.04,"quantity":1,"timestamp":1768724524605}
{"symbol":"TATAPOWER-EQ","action":"BUY","price":362.93,"quantity":1,"timestamp":1768724630254}
{"symbol":"BPCL-EQ","action":"BUY","price":360.24,"quantity":1,"timestamp":1768740083028}
{"symbol":"HAL-EQ","action":"BUY","price":4196.59,"quantity":1,"timestamp":1768740087545}
{"symbol":"BRITANNIA-EQ","action":"BUY","price":5581.09,"quantity":1,"timestamp":1768740093575}
{"symbol":"DIVISLAB-EQ","action":"BUY","price":5906.18,"quantity":1,"timestamp":1768740111674}
{"symbol":"CHOLAFIN-EQ","action":"BUY","price":1599.4,"quantity":1,"timestamp":1768740119217}
{"symbol":"HAL-EQ","action":"SELL","price":4478.2,"quantity":1,"pnl":281.6099999999997,"timestamp":1768740150841}
{"symbol":"DIVISLAB-EQ","action":"SELL","price":6300.82,"quantity":1,"pnl":394.6399999999994,"timestamp":1768740159892}
{"symbol":"CHOLAFIN-EQ","action":"BUY","price":1590.87,"quantity":1,"timestamp":1768740285048}
{"symbol":"BPCL-EQ","action":"BUY","price":343.47,"quantity":1,"timestamp":1768740285054}
{"symbol":"TATAPOWER-EQ","action":"BUY","price":344.72,"quantity":1,"timestamp":1768740288053}
{"symbol":"DIVISLAB-EQ","action":"BUY","price":5860.69,"quantity":1,"timestamp":1768740289545}
{"symbol":"CHOLAFIN-EQ","action":"SELL","price":1693.39,"quantity":1,"pnl":102.52000000000021,"timestamp":1768740307642}
{"symbol":"TATAPOWER-EQ","action":"SELL","price":364.25,"quantity":1,"pnl":19.529999999999973,"timestamp":1768740319686}
{"symbol":"VEDL-EQ","action":"BUY","price":623.86,"quantity":1,"timestamp":1768740330218}
{"symbol":"TVSMOTOR-EQ","action":"BUY","price":3583.74,"quantity":1,"timestamp":1768740334741}
{"symbol":"BPCL-EQ","action":"BUY","price":345.66,"quantity":1,"timestamp":1768740354312}
{"symbol":"BRITANNIA-EQ","action":"BUY","price":5895.32,"quantity":1,"timestamp":1768740393499}
{"symbol":"TATAPOWER-EQ","action":"BUY","price":343.21,"quantity":1,"timestamp":1768740399536}
{"symbol":"VEDL-EQ","action":"SELL","price":734.72,"quantity":1,"pnl":110.86000000000001,"timestamp":1768740434236}
{"symbol":"DIVISLAB-EQ","action":"SELL","price":6168.54,"quantity":1,"pnl":307.85000000000036,"timestamp":1768740464459}
{"symbol":"BRITANNIA-EQ","action":"SELL","price":6210.09,"quantity":1,"pnl":314.77000000000044,"timestamp":1768740506693}
{"symbol":"TVSMOTOR-EQ","action":"SELL","price":3779.81,"quantity":1,"pnl":196.07000000000016,"timestamp":1768740539854}
{"symbol":"VEDL-EQ","action":"BUY","price":549.53,"quantity":1,"timestamp":1768740692174}
{"symbol":"TVSMOTOR-EQ","action":"BUY","price":3571.17,"quantity":1,"timestamp":1768740717801}
{"symbol":"TATAPOWER-EQ","action":"BUY","price":340.26,"quantity":1,"timestamp":1768740790130}
{"symbol":"TVSMOTOR-EQ","action":"BUY","price":3607.57,"quantity":1,"timestamp":1768740877504}
{"symbol":"CHOLAFIN-EQ","action":"BUY","price":1591.66,"quantity":1,"timestamp":1768740877558}
{"symbol":"CHOLAFIN-EQ","action":"BUY","price":1588.4,"quantity":1,"timestamp":1768740913680}
{"symbol":"VEDL-EQ","action":"BUY","price":599.2,"quantity":1,"timestamp":1768740939274}
{"symbol":"VEDL-EQ","action":"BUY","price":541.11,"quantity":1,"timestamp":1768740976965}
{"symbol":"TVSMOTOR-EQ","action":"BUY","price":3592.46,"quantity":1,"timestamp":1768740978472}
{"symbol":"VEDL-EQ","action":"BUY","price":571.59,"quantity":1,"timestamp":1768740993556}
{"symbol":"VEDL-EQ","action":"BUY","price":587.9,"quantity":1,"timestamp":1768741032763}
{"symbol":"VEDL-EQ","action":"BUY","price":618.54,"quantity":1,"timestamp":1768741043324}
{"symbol":"TATAPOWER-EQ","action":"SELL","price":359.03,"quantity":1,"pnl":17.29499999999996,"timestamp":1768741188188}
{"symbol":"TATAPOWER-EQ","action":"SELL","price":358.45,"quantity":1,"pnl":16.714999999999975,"timestamp":1768741459596}
{"symbol":"VEDL-EQ","action":"SELL","price":663.99,"quantity":1,"pnl":86.01166666666666,"timestamp":1768741486742}
{"symbol":"VEDL-EQ","action":"SELL","price":658.96,"quantity":1,"pnl":80.98166666666668,"timestamp":1768741661693}
{"symbol":"VEDL-EQ","action":"BUY","price":628.82,"quantity":1,"timestamp":1768741927400}
{"symbol":"VEDL-EQ","action":"BUY","price":604.73,"quantity":1,"timestamp":1768741948510}
{"symbol":"VEDL-EQ","action":"BUY","price":572.2,"quantity":1,"timestamp":1768741959058}
{"symbol":"VEDL-EQ","action":"BUY","price":639.85,"quantity":1,"timestamp":1768741980140}
{"symbol":"VEDL-EQ","action":"SELL","price":680.86,"quantity":1,"pnl":69.45999999999992,"timestamp":1768742121871}
{"symbol":"VEDL-EQ","action":"BUY","price":545.46,"quantity":1,"timestamp":1768742180630}
{"symbol":"DIVISLAB-EQ","action":"BUY","price":6047.14,"quantity":1,"timestamp":1768742215330}
{"symbol":"BRITANNIA-EQ","action":"BUY","price":5831.05,"quantity":1,"timestamp":1768742260594}
{"symbol":"VEDL-EQ","action":"BUY","price":586.77,"quantity":1,"timestamp":1768742376652}
{"symbol":"VEDL-EQ","action":"BUY","price":557.36,"quantity":1,"timestamp":1768742396250}
{"symbol":"VEDL-EQ","action":"BUY","price":586.09,"quantity":1,"timestamp":1768742453547}
{"symbol":"HAL-EQ","action":"BUY","price":4423.15,"quantity":1,"timestamp":1768742453553}
{"symbol":"VEDL-EQ","action":"BUY","price":553.61,"quantity":1,"timestamp":1768742483686}
{"symbol":"HAL-EQ","action":"BUY","price":4440.94,"quantity":1,"timestamp":1768742518371}
{"symbol":"HAL-EQ","action":"BUY","price":4448.2,"quantity":1,"timestamp":1768742587732}
{"symbol":"HAL-EQ","action":"BUY","price":4487.59,"quantity":1,"timestamp":1768742613383}
{"symbol":"HAL-EQ","action":"BUY","price":4470.5,"quantity":1,"timestamp":1768742690245}
{"symbol":"CHOLAFIN-EQ","action":"BUY","price":1576.63,"quantity":1,"timestamp":1768742736997}
{"symbol":"HAL-EQ","action":"BUY","price":4485.53,"quantity":1,"timestamp":1768742738498}
{"symbol":"CHOLAFIN-EQ","action":"BUY","price":1576.67,"quantity":1,"timestamp":1768742756611}
{"symbol":"DIVISLAB-EQ","action":"BUY","price":6059.46,"quantity":1,"timestamp":1768742996313}
{"symbol":"TATAPOWER-EQ","action":"BUY","price":347.05,"quantity":1,"timestamp":1768743034029}
{"symbol":"TATAPOWER-EQ","action":"BUY","price":349.55,"quantity":1,"timestamp":1768743091286}
{"symbol":"BPCL-EQ","action":"BUY","price":361.68,"quantity":1,"timestamp":1768743097315}
{"symbol":"BPCL-EQ","action":"BUY","price":359.81,"quantity":1,"timestamp":1768743190798}
{"symbol":"BPCL-EQ","action":"BUY","price":362.09,"quantity":1,"timestamp":1768743308368}
{"symbol":"BPCL-EQ","action":"BUY","price":361.88,"quantity":1,"timestamp":1768743332539}
{"symbol":"HAL-EQ","action":"BUY","price":4418.33,"quantity":1,"timestamp":1768743490905}
{"symbol":"BRITANNIA-EQ","action":"BUY","price":5794.07,"quantity":1,"timestamp":1768743573744}
{"symbol":"TATAPOWER-EQ","action":"BUY","price":346.64,"quantity":1,"timestamp":1768743682251}
{"symbol":"CHOLAFIN-EQ","action":"BUY","price":1571.86,"quantity":1,"timestamp":1768743743998}
{"symbol":"TATAPOWER-EQ","action":"BUY","price":343.8,"quantity":1,"timestamp":1768743774126}
{"symbol":"CHOLAFIN-EQ","action":"BUY","price":1559.68,"quantity":1,"timestamp":1768743897681}
{"symbol":"CHOLAFIN-EQ","action":"BUY","price":1539,"quantity":1,"timestamp":1768743914236}
{"symbol":"HAL-EQ","action":"BUY","price":4418.05,"quantity":1,"timestamp":1768744027391}
{"symbol":"DIVISLAB-EQ","action":"BUY","price":6004.81,"quantity":1,"timestamp":1768744548939}
{"symbol":"CHOLAFIN-EQ","action":"BUY","price":1534.88,"quantity":1,"timestamp":1768746142643}
{"symbol":"CHOLAFIN-EQ","action":"BUY","price":1533.76,"quantity":1,"timestamp":1768746556250}
{"symbol":"VEDL-EQ","action":"BUY","price":715.17,"quantity":1,"timestamp":1768747044296}
{"symbol":"VEDL-EQ","action":"BUY","price":581.61,"quantity":1,"timestamp":1768747118788}
{"symbol":"VEDL-EQ","action":"SELL","price":770.02,"quantity":1,"pnl":121.63,"timestamp":1768747140707}
{"symbol":"VEDL-EQ","action":"SELL","price":798.01,"quantity":1,"pnl":149.62,"timestamp":1768747295680}
{"symbol":"VEDL-EQ","action":"BUY","price":619.71,"quantity":1,"timestamp":1768747316378}
{"symbol":"VEDL-EQ","action":"SELL","price":574.67,"quantity":1,"pnl":-45.04000000000008,"timestamp":1768747446331}
{"symbol":"VEDL-EQ","action":"BUY","price":497.09,"quantity":1,"timestamp":1768747513673}
{"symbol":"VEDL-EQ","action":"SELL","price":546.73,"quantity":1,"pnl":49.64000000000004,"timestamp":1768747532398}
{"symbol":"VEDL-EQ","action":"BUY","price":787.68,"quantity":1,"timestamp":1768747961393}
{"symbol":"VEDL-EQ","action":"SELL","price":963.49,"quantity":1,"pnl":175.81000000000006,"timestamp":1768748002030}
{"symbol":"VEDL-EQ","action":"BUY","price":1229.85,"quantity":1,"timestamp":1768748148255}
{"symbol":"VEDL-EQ","action":"BUY","price":1163.09,"quantity":1,"timestamp":1768748296186}
{"symbol":"VEDL-EQ","action":"SELL","price":1212.82,"quantity":1,"pnl":16.350000000000136,"timestamp":1768748370686}
{"symbol":"VEDL-EQ","action":"SELL","price":1133.56,"quantity":1,"pnl":-62.909999999999854,"timestamp":1768748385877}
{"symbol":"VEDL-EQ","action":"BUY","price":628.02,"quantity":1,"timestamp":1768748578451}
{"symbol":"VEDL-EQ","action":"SELL","price":668.86,"quantity":1,"pnl":40.84000000000003,"timestamp":1768748672543}
{"symbol":"VEDL-EQ","action":"BUY","price":658.05,"quantity":1,"timestamp":1768748778312}
{"symbol":"VEDL-EQ","action":"SELL","price":418.74,"quantity":1,"pnl":-239.30999999999995,"timestamp":1768749003558}
{"symbol":"VEDL-EQ","action":"BUY","price":616.37,"quantity":1,"timestamp":1768749342960}
{"symbol":"VEDL-EQ","action":"SELL","price":682.52,"quantity":1,"pnl":66.14999999999998,"timestamp":1768749471766}
{"symbol":"VEDL-EQ","action":"BUY","price":522.57,"quantity":1,"timestamp":1768749613240}
{"symbol":"VEDL-EQ","action":"BUY","price":489.01,"quantity":1,"timestamp":1768749737214}
{"symbol":"VEDL-EQ","action":"SELL","price":523.37,"quantity":1,"pnl":17.579999999999984,"timestamp":1768749755082}
{"symbol":"VEDL-EQ","action":"BUY","price":496.8,"quantity":1,"timestamp":1768749759688}
{"symbol":"VEDL-EQ","action":"SELL","price":523.38,"quantity":1,"pnl":22.08499999999998,"timestamp":1768749765806}
{"symbol":"VEDL-EQ","action":"BUY","price":476.04,"quantity":1,"timestamp":1768749835179}
{"symbol":"VEDL-EQ","action":"SELL","price":433.95,"quantity":1,"pnl":-54.71750000000003,"timestamp":1768749944604}
{"symbol":"VEDL-EQ","action":"BUY","price":443.24,"quantity":1,"timestamp":1768749968029}
{"symbol":"VEDL-EQ","action":"SELL","price":461.3,"quantity":1,"pnl":-4.653750000000002,"timestamp":1768749994509}
{"symbol":"VEDL-EQ","action":"SELL","price":490.1,"quantity":1,"pnl":24.14625000000001,"timestamp":1768749998586}
{"symbol":"VEDL-EQ","action":"BUY","price":463.97,"quantity":1,"timestamp":1768750105026}
{"symbol":"VEDL-EQ","action":"BUY","price":386.02,"quantity":1,"timestamp":1768750180945}
{"symbol":"VEDL-EQ","action":"BUY","price":364.41,"quantity":1,"timestamp":1768750192634}
{"symbol":"VEDL-EQ","action":"BUY","price":844.21,"quantity":1,"timestamp":1768750430824}
{"symbol":"VEDL-EQ","action":"SELL","price":905.51,"quantity":1,"pnl":61.299999999999955,"timestamp":1768750434397}
{"symbol":"VEDL-EQ","action":"BUY","price":649.59,"quantity":1,"timestamp":1768750587029}
{"symbol":"VEDL-EQ","action":"SELL","price":649.21,"quantity":1,"pnl":-0.37999999999999545,"timestamp":1768750663343}
{"symbol":"VEDL-EQ","action":"BUY","price":582.75,"quantity":1,"timestamp":1768750726013}
{"symbol":"VEDL-EQ","action":"BUY","price":531.52,"quantity":1,"timestamp":1768750765727}
{"symbol":"VEDL-EQ","action":"SELL","price":409.45,"quantity":1,"pnl":-147.685,"timestamp":1768750933337}
{"symbol":"VEDL-EQ","action":"SELL","price":402.39,"quantity":1,"pnl":-154.745,"timestamp":1768750952193}
{"symbol":"VEDL-EQ","action":"BUY","price":760.51,"quantity":1,"timestamp":1768752710783}
{"symbol":"VEDL-EQ","action":"BUY","price":752.49,"quantity":1,"timestamp":1768752730197}
{"symbol":"VEDL-EQ","action":"BUY","price":763.62,"quantity":1,"timestamp":1768752764315}
{"symbol":"VEDL-EQ","action":"BUY","price":685.51,"quantity":1,"timestamp":1768752773504}
