{"symbol":"ADANIGREEN-EQ","action":"HOLD","stockDirection":"DOWN","sensexDirection":"NEUTRAL","stockPrice":822.9,"sensexPrice":82180.47,"lastStockPrice":914,"lastSensexPrice":82180.47,"timestamp":1769620651442}
{"symbol":"HAVELLS-EQ","action":"HOLD","stockDirection":"DOWN","sensexDirection":"NEUTRAL","stockPrice":1286.8,"sensexPrice":82180.47,"lastStockPrice":1447.1,"lastSensexPrice":82180.47,"timestamp":1769620651467}
{"symbol":"HINDZINC-EQ","action":"HOLD","stockDirection":"UP","sensexDirection":"NEUTRAL","stockPrice":708.2,"sensexPrice":82180.47,"lastStockPrice":660.4,"lastSensexPrice":82180.47,"timestamp":1769620651484}
{"symbol":"LTIM-EQ","action":"HOLD","stockDirection":"DOWN","sensexDirection":"NEUTRAL","stockPrice":6015.5,"sensexPrice":82180.47,"lastStockPrice":6407,"lastSensexPrice":82180.47,"timestamp":1769620651487}
{"symbol":"SOLARINDS-EQ","action":"HOLD","stockDirection":"UP","sensexDirection":"NEUTRAL","stockPrice":13916,"sensexPrice":82180.47,"lastStockPrice":12925,"lastSensexPrice":82180.47,"timestamp":1769620651491}
{"symbol":"LODHA-EQ","action":"HOLD","stockDirection":"DOWN","sensexDirection":"NEUTRAL","stockPrice":929.1,"sensexPrice":82180.47,"lastStockPrice":1044,"lastSensexPrice":82180.47,"timestamp":1769620651502}
{"symbol":"HYUNDAI-EQ","action":"HOLD","stockDirection":"DOWN","sensexDirection":"NEUTRAL","stockPrice":2161.1,"sensexPrice":82180.47,"lastStockPrice":2346.4,"lastSensexPrice":82180.47,"timestamp":1769620651504}
{"symbol":"VEDL-EQ","action":"HOLD","stockDirection":"UP","sensexDirection":"NEUTRAL","stockPrice":737.1,"sensexPrice":82180.47,"lastStockPrice":674.8,"lastSensexPrice":82180.47,"timestamp":1769620651507}
{"symbol":"JSWENERGY-EQ","action":"HOLD","stockDirection":"DOWN","sensexDirection":"NEUTRAL","stockPrice":446.25,"sensexPrice":82180.47,"lastStockPrice":486.35,"lastSensexPrice":82180.47,"timestamp":1769620651511}
{"symbol":"JINDALSTEL-EQ","action":"HOLD","stockDirection":"UP","sensexDirection":"NEUTRAL","stockPrice":1119.4,"sensexPrice":82180.47,"lastStockPrice":1055.6,"lastSensexPrice":82180.47,"timestamp":1769620651530}
{"symbol":"VBL-EQ","action":"HOLD","stockDirection":"DOWN","sensexDirection":"NEUTRAL","stockPrice":468.4,"sensexPrice":82180.47,"lastStockPrice":496,"lastSensexPrice":82180.47,"timestamp":1769620651535}
{"symbol":"HAL-EQ","action":"HOLD","stockDirection":"UP","sensexDirection":"NEUTRAL","stockPrice":4755.94,"sensexPrice":82111.88,"lastStockPrice":4504.3,"lastSensexPrice":82180.47,"timestamp":1769622133548}
{"symbol":"BANKBARODA-EQ","action":"HOLD","stockDirection":"DOWN","sensexDirection":"NEUTRAL","stockPrice":291.71,"sensexPrice":82111.88,"lastStockPrice":307.15,"lastSensexPrice":82180.47,"timestamp":1769622133574}
{"symbol":"HYUNDAI-EQ","action":"HOLD","stockDirection":"DOWN","sensexDirection":"NEUTRAL","stockPrice":2226.23,"sensexPrice":82111.88,"lastStockPrice":2346.4,"lastSensexPrice":82180.47,"timestamp":1769622133585}
{"symbol":"INDHOTEL-EQ","action":"HOLD","stockDirection":"DOWN","sensexDirection":"NEUTRAL","stockPrice":631.14,"sensexPrice":83702.16,"lastStockPrice":668.35,"lastSensexPrice":82180.47,"timestamp":1769622134563}
{"symbol":"GAIL-EQ","action":"HOLD","stockDirection":"UP","sensexDirection":"NEUTRAL","stockPrice":174.03,"sensexPrice":83702.16,"lastStockPrice":164.72,"lastSensexPrice":82180.47,"timestamp":1769622134567}
{"symbol":"IRFC-EQ","action":"HOLD","stockDirection":"DOWN","sensexDirection":"NEUTRAL","stockPrice":114.17,"sensexPrice":83702.16,"lastStockPrice":120.9,"lastSensexPrice":82180.47,"timestamp":1769622134571}
{"symbol":"LTIM-EQ","action":"HOLD","stockDirection":"UP","sensexDirection":"NEUTRAL","stockPrice":6790.22,"sensexPrice":82999.28,"lastStockPrice":6407,"lastSensexPrice":82180.47,"timestamp":1769622135577}
{"symbol":"VEDL-EQ","action":"HOLD","stockDirection":"DOWN","sensexDirection":"NEUTRAL","stockPrice":631.87,"sensexPrice":81825.36,"lastStockPrice":674.8,"lastSensexPrice":82180.47,"timestamp":1769622136588}
{"symbol":"TVSMOTOR-EQ","action":"HOLD","stockDirection":"UP","sensexDirection":"NEUTRAL","stockPrice":3904.29,"sensexPrice":81825.36,"lastStockPrice":3701.9,"lastSensexPrice":82180.47,"timestamp":1769622136591}
{"symbol":"DIVISLAB-EQ","action":"HOLD","stockDirection":"DOWN","sensexDirection":"NEUTRAL","stockPrice":5803.71,"sensexPrice":81825.36,"lastStockPrice":6140,"lastSensexPrice":82180.47,"timestamp":1769622136593}
{"symbol":"CHOLAFIN-EQ","action":"HOLD","stockDirection":"DOWN","sensexDirection":"NEUTRAL","stockPrice":1592.56,"sensexPrice":81825.36,"lastStockPrice":1700.4,"lastSensexPrice":82180.47,"timestamp":1769622136595}
{"symbol":"BPCL-EQ","action":"HOLD","stockDirection":"UP","sensexDirection":"NEUTRAL","stockPrice":380.21,"sensexPrice":81825.36,"lastStockPrice":361.25,"lastSensexPrice":82180.47,"timestamp":1769622136597}
{"symbol":"IOC-EQ","action":"HOLD","stockDirection":"UP","sensexDirection":"NEUTRAL","stockPrice":169.52,"sensexPrice":81825.36,"lastStockPrice":160.9,"lastSensexPrice":82180.47,"timestamp":1769622136600}
{"symbol":"PFC-EQ","action":"HOLD","stockDirection":"UP","sensexDirection":"NEUTRAL","stockPrice":397.88,"sensexPrice":81825.36,"lastStockPrice":372.15,"lastSensexPrice":82180.47,"timestamp":1769622136604}
{"symbol":"CANBK-EQ","action":"HOLD","stockDirection":"DOWN","sensexDirection":"NEUTRAL","stockPrice":145.97,"sensexPrice":81825.36,"lastStockPrice":156.86,"lastSensexPrice":82180.47,"timestamp":1769622136609}
{"symbol":"RECLTD-EQ","action":"HOLD","stockDirection":"DOWN","sensexDirection":"NEUTRAL","stockPrice":350.24,"sensexPrice":81825.36,"lastStockPrice":370.1,"lastSensexPrice":82180.47,"timestamp":1769622136612}
{"symbol":"SIEMENS-EQ","action":"HOLD","stockDirection":"DOWN","sensexDirection":"NEUTRAL","stockPrice":2781.85,"sensexPrice":81825.36,"lastStockPrice":2952.6,"lastSensexPrice":82180.47,"timestamp":1769622136621}
{"symbol":"LICI-EQ","action":"HOLD","stockDirection":"DOWN","sensexDirection":"NEUTRAL","stockPrice":751.63,"sensexPrice":81825.36,"lastStockPrice":809.75,"lastSensexPrice":82180.47,"timestamp":1769622136626}
{"symbol":"VEDL-EQ","action":"HOLD","stockDirection":"NEUTRAL","sensexDirection":"DOWN","stockPrice":636.47,"sensexPrice":80061.8,"lastStockPrice":631.87,"lastSensexPrice":82180.47,"timestamp":1769622137590}
{"symbol":"BRITANNIA-EQ","action":"HOLD","stockDirection":"UP","sensexDirection":"NEUTRAL","stockPrice":6245.16,"sensexPrice":80061.8,"lastStockPrice":5943.5,"lastSensexPrice":80061.8,"timestamp":1769622137593}
{"symbol":"CGPOWER-EQ","action":"HOLD","stockDirection":"UP","sensexDirection":"NEUTRAL","stockPrice":620.12,"sensexPrice":80061.8,"lastStockPrice":590,"lastSensexPrice":80061.8,"timestamp":1769622137598}
{"symbol":"HINDZINC-EQ","action":"HOLD","stockDirection":"UP","sensexDirection":"NEUTRAL","stockPrice":695.4,"sensexPrice":80061.8,"lastStockPrice":660.4,"lastSensexPrice":80061.8,"timestamp":1769622137601}
{"symbol":"ZYDUSLIFE-EQ","action":"HOLD","stockDirection":"DOWN","sensexDirection":"NEUTRAL","stockPrice":824.71,"sensexPrice":80061.8,"lastStockPrice":881.1,"lastSensexPrice":80061.8,"timestamp":1769622137605}
{"symbol":"JINDALSTEL-EQ","action":"HOLD","stockDirection":"DOWN","sensexDirection":"NEUTRAL","stockPrice":996.18,"sensexPrice":80035.87,"lastStockPrice":1055.6,"lastSensexPrice":80061.8,"timestamp":1769622138603}
{"symbol":"BOSCHLTD-EQ","action":"HOLD","stockDirection":"UP","sensexDirection":"NEUTRAL","stockPrice":38745.79,"sensexPrice":80035.87,"lastStockPrice":36510,"lastSensexPrice":80061.8,"timestamp":1769622138605}
{"symbol":"VEDL-EQ","action":"SELL","stockDirection":"UP","sensexDirection":"UP","stockPrice":669.64,"sensexPrice":82337.11,"lastStockPrice":631.87,"lastSensexPrice":80061.8,"timestamp":1769622140608}
{"symbol":"VBL-EQ","action":"HOLD","stockDirection":"DOWN","sensexDirection":"NEUTRAL","stockPrice":467.39,"sensexPrice":82337.11,"lastStockPrice":496,"lastSensexPrice":82337.11,"timestamp":1769622140612}
{"symbol":"GAIL-EQ","action":"HOLD","stockDirection":"DOWN","sensexDirection":"NEUTRAL","stockPrice":164.56,"sensexPrice":82337.11,"lastStockPrice":174.03,"lastSensexPrice":82337.11,"timestamp":1769622140616}
{"symbol":"BAJAJHFL-EQ","action":"HOLD","stockDirection":"UP","sensexDirection":"NEUTRAL","stockPrice":97.21,"sensexPrice":82337.11,"lastStockPrice":91.35,"lastSensexPrice":82337.11,"timestamp":1769622140620}
{"symbol":"CANBK-EQ","action":"HOLD","stockDirection":"UP","sensexDirection":"NEUTRAL","stockPrice":153.46,"sensexPrice":81215.03,"lastStockPrice":145.97,"lastSensexPrice":82337.11,"timestamp":1769622141619}
{"symbol":"SOLARINDS-EQ","action":"HOLD","stockDirection":"UP","sensexDirection":"NEUTRAL","stockPrice":13615.75,"sensexPrice":81215.03,"lastStockPrice":12925,"lastSensexPrice":82337.11,"timestamp":1769622141645}
{"symbol":"CHOLAFIN-EQ","action":"HOLD","stockDirection":"DOWN","sensexDirection":"NEUTRAL","stockPrice":1502.95,"sensexPrice":82954.16,"lastStockPrice":1592.56,"lastSensexPrice":82337.11,"timestamp":1769622142634}
{"symbol":"BRITANNIA-EQ","action":"HOLD","stockDirection":"UP","sensexDirection":"NEUTRAL","stockPrice":6651.75,"sensexPrice":82954.16,"lastStockPrice":6245.16,"lastSensexPrice":82337.11,"timestamp":1769622142636}
{"symbol":"TORNTPHARM-EQ","action":"HOLD","stockDirection":"DOWN","sensexDirection":"NEUTRAL","stockPrice":3869.42,"sensexPrice":82954.16,"lastStockPrice":4086.6,"lastSensexPrice":82337.11,"timestamp":1769622142639}
{"symbol":"UNITDSPR-EQ","action":"HOLD","stockDirection":"UP","sensexDirection":"NEUTRAL","stockPrice":1413.8,"sensexPrice":82954.16,"lastStockPrice":1324.8,"lastSensexPrice":82337.11,"timestamp":1769622142642}
{"symbol":"ZYDUSLIFE-EQ","action":"HOLD","stockDirection":"DOWN","sensexDirection":"NEUTRAL","stockPrice":764.77,"sensexPrice":82954.16,"lastStockPrice":824.71,"lastSensexPrice":82337.11,"timestamp":1769622142645}
{"symbol":"MAZDOCK-EQ","action":"HOLD","stockDirection":"DOWN","sensexDirection":"NEUTRAL","stockPrice":2279.17,"sensexPrice":82954.16,"lastStockPrice":2436.7,"lastSensexPrice":82337.11,"timestamp":1769622142653}
{"symbol":"PNB-EQ","action":"HOLD","stockDirection":"UP","sensexDirection":"NEUTRAL","stockPrice":134.74,"sensexPrice":83063.86,"lastStockPrice":128.05,"lastSensexPrice":82337.11,"timestamp":1769622143634}
{"symbol":"ENRIN-EQ","action":"HOLD","stockDirection":"DOWN","sensexDirection":"NEUTRAL","stockPrice":2177.34,"sensexPrice":83063.86,"lastStockPrice":2316.9,"lastSensexPrice":82337.11,"timestamp":1769622143638}
{"symbol":"VEDL-EQ","action":"HOLD","stockDirection":"NEUTRAL","sensexDirection":"UP","stockPrice":682.51,"sensexPrice":84083.54,"lastStockPrice":669.64,"lastSensexPrice":82337.11,"timestamp":1769622144648}
{"symbol":"BPCL-EQ","action":"HOLD","stockDirection":"UP","sensexDirection":"NEUTRAL","stockPrice":399.9,"sensexPrice":84083.54,"lastStockPrice":380.21,"lastSensexPrice":84083.54,"timestamp":1769622144651}
{"symbol":"HYUNDAI-EQ","action":"HOLD","stockDirection":"UP","sensexDirection":"NEUTRAL","stockPrice":2339.87,"sensexPrice":84083.54,"lastStockPrice":2226.23,"lastSensexPrice":84083.54,"timestamp":1769622144655}
{"symbol":"LODHA-EQ","action":"HOLD","stockDirection":"UP","sensexDirection":"NEUTRAL","stockPrice":1120.62,"sensexPrice":84083.54,"lastStockPrice":1044,"lastSensexPrice":84083.54,"timestamp":1769622144657}
{"symbol":"ADANIGREEN-EQ","action":"HOLD","stockDirection":"DOWN","sensexDirection":"NEUTRAL","stockPrice":853.97,"sensexPrice":84083.54,"lastStockPrice":914,"lastSensexPrice":84083.54,"timestamp":1769622144658}
{"symbol":"HAL-EQ","action":"HOLD","stockDirection":"UP","sensexDirection":"NEUTRAL","stockPrice":5038.39,"sensexPrice":84644.02,"lastStockPrice":4755.94,"lastSensexPrice":84083.54,"timestamp":1769622145659}
{"symbol":"SHREECEM-EQ","action":"HOLD","stockDirection":"UP","sensexDirection":"NEUTRAL","stockPrice":28969.53,"sensexPrice":84644.02,"lastStockPrice":27510,"lastSensexPrice":84083.54,"timestamp":1769622145664}
{"symbol":"IRFC-EQ","action":"HOLD","stockDirection":"DOWN","sensexDirection":"NEUTRAL","stockPrice":107.64,"sensexPrice":84644.02,"lastStockPrice":114.17,"lastSensexPrice":84083.54,"timestamp":1769622145666}
{"symbol":"BAJAJHFL-EQ","action":"HOLD","stockDirection":"UP","sensexDirection":"NEUTRAL","stockPrice":103.01,"sensexPrice":84644.02,"lastStockPrice":97.21,"lastSensexPrice":84083.54,"timestamp":1769622145668}
{"symbol":"BRITANNIA-EQ","action":"HOLD","stockDirection":"DOWN","sensexDirection":"NEUTRAL","stockPrice":6272.29,"sensexPrice":84811.41,"lastStockPrice":6651.75,"lastSensexPrice":84083.54,"timestamp":1769622146670}
{"symbol":"VBL-EQ","action":"HOLD","stockDirection":"DOWN","sensexDirection":"NEUTRAL","stockPrice":441.16,"sensexPrice":84811.41,"lastStockPrice":467.39,"lastSensexPrice":84083.54,"timestamp":1769622146673}
{"symbol":"PFC-EQ","action":"HOLD","stockDirection":"UP","sensexDirection":"NEUTRAL","stockPrice":421.98,"sensexPrice":84811.41,"lastStockPrice":397.88,"lastSensexPrice":84083.54,"timestamp":1769622146675}
{"symbol":"MOTHERSON-EQ","action":"HOLD","stockDirection":"DOWN","sensexDirection":"NEUTRAL","stockPrice":105.95,"sensexPrice":84811.41,"lastStockPrice":112.33,"lastSensexPrice":84083.54,"timestamp":1769622146678}
{"symbol":"ABB-EQ","action":"HOLD","stockDirection":"DOWN","sensexDirection":"NEUTRAL","stockPrice":4583.96,"sensexPrice":84811.41,"lastStockPrice":4865.5,"lastSensexPrice":84083.54,"timestamp":1769622146682}
{"symbol":"VEDL-EQ","action":"HOLD","stockDirection":"NEUTRAL","sensexDirection":"UP","stockPrice":699.28,"sensexPrice":86543.18,"lastStockPrice":669.64,"lastSensexPrice":84083.54,"timestamp":1769622147683}
{"symbol":"TVSMOTOR-EQ","action":"HOLD","stockDirection":"DOWN","sensexDirection":"NEUTRAL","stockPrice":3705.76,"sensexPrice":86543.18,"lastStockPrice":3904.29,"lastSensexPrice":86543.18,"timestamp":1769622147685}
{"symbol":"TATAPOWER-EQ","action":"HOLD","stockDirection":"DOWN","sensexDirection":"NEUTRAL","stockPrice":344.18,"sensexPrice":86543.18,"lastStockPrice":363.2,"lastSensexPrice":86543.18,"timestamp":1769622147688}
{"symbol":"NAUKRI-EQ","action":"HOLD","stockDirection":"UP","sensexDirection":"NEUTRAL","stockPrice":1402.4,"sensexPrice":86543.18,"lastStockPrice":1317.4,"lastSensexPrice":86543.18,"timestamp":1769622147742}
{"symbol":"BOSCHLTD-EQ","action":"HOLD","stockDirection":"DOWN","sensexDirection":"NEUTRAL","stockPrice":36806.87,"sensexPrice":86543.18,"lastStockPrice":38745.79,"lastSensexPrice":86543.18,"timestamp":1769622147746}
{"symbol":"ENRIN-EQ","action":"HOLD","stockDirection":"DOWN","sensexDirection":"NEUTRAL","stockPrice":2063.73,"sensexPrice":86543.18,"lastStockPrice":2177.34,"lastSensexPrice":86543.18,"timestamp":1769622147748}
{"symbol":"VEDL-EQ","action":"HOLD","stockDirection":"UP","sensexDirection":"NEUTRAL","stockPrice":710.4,"sensexPrice":87338.01,"lastStockPrice":669.64,"lastSensexPrice":86543.18,"timestamp":1769622148688}
{"symbol":"CHOLAFIN-EQ","action":"HOLD","stockDirection":"DOWN","sensexDirection":"NEUTRAL","stockPrice":1421.98,"sensexPrice":87338.01,"lastStockPrice":1502.95,"lastSensexPrice":86543.18,"timestamp":1769622148690}
{"symbol":"ADANIGREEN-EQ","action":"HOLD","stockDirection":"UP","sensexDirection":"NEUTRAL","stockPrice":897.39,"sensexPrice":87338.01,"lastStockPrice":853.97,"lastSensexPrice":86543.18,"timestamp":1769622148695}
{"symbol":"VEDL-EQ","action":"HOLD","stockDirection":"NEUTRAL","sensexDirection":"UP","stockPrice":697.29,"sensexPrice":88411.71,"lastStockPrice":710.4,"lastSensexPrice":86543.18,"timestamp":1769622149699}
{"symbol":"ICICIGI-EQ","action":"HOLD","stockDirection":"DOWN","sensexDirection":"NEUTRAL","stockPrice":1763.42,"sensexPrice":88411.71,"lastStockPrice":1884.8,"lastSensexPrice":88411.71,"timestamp":1769622149703}
{"symbol":"LTIM-EQ","action":"HOLD","stockDirection":"DOWN","sensexDirection":"NEUTRAL","stockPrice":6335.68,"sensexPrice":89100.62,"lastStockPrice":6790.22,"lastSensexPrice":88411.71,"timestamp":1769622150713}
{"symbol":"VEDL-EQ","action":"HOLD","stockDirection":"NEUTRAL","sensexDirection":"UP","stockPrice":692,"sensexPrice":91218.56,"lastStockPrice":710.4,"lastSensexPrice":88411.71,"timestamp":1769622151714}
{"symbol":"LODHA-EQ","action":"HOLD","stockDirection":"DOWN","sensexDirection":"NEUTRAL","stockPrice":1047.97,"sensexPrice":91218.56,"lastStockPrice":1120.62,"lastSensexPrice":91218.56,"timestamp":1769622151719}
{"symbol":"HAL-EQ","action":"HOLD","stockDirection":"DOWN","sensexDirection":"NEUTRAL","stockPrice":4736.91,"sensexPrice":92402.25,"lastStockPrice":5038.39,"lastSensexPrice":91218.56,"timestamp":1769622152724}
{"symbol":"SOLARINDS-EQ","action":"HOLD","stockDirection":"DOWN","sensexDirection":"NEUTRAL","stockPrice":12911.18,"sensexPrice":92402.25,"lastStockPrice":13615.75,"lastSensexPrice":91218.56,"timestamp":1769622152730}
{"symbol":"BRITANNIA-EQ","action":"HOLD","stockDirection":"UP","sensexDirection":"NEUTRAL","stockPrice":6632.43,"sensexPrice":90099.39,"lastStockPrice":6272.29,"lastSensexPrice":91218.56,"timestamp":1769622153725}
{"symbol":"ABB-EQ","action":"HOLD","stockDirection":"UP","sensexDirection":"NEUTRAL","stockPrice":4844.66,"sensexPrice":90099.39,"lastStockPrice":4583.96,"lastSensexPrice":91218.56,"timestamp":1769622153730}
{"symbol":"IRFC-EQ","action":"HOLD","stockDirection":"DOWN","sensexDirection":"NEUTRAL","stockPrice":101.81,"sensexPrice":90099.39,"lastStockPrice":107.64,"lastSensexPrice":91218.56,"timestamp":1769622153732}
{"symbol":"BOSCHLTD-EQ","action":"HOLD","stockDirection":"DOWN","sensexDirection":"NEUTRAL","stockPrice":34916.18,"sensexPrice":91339.39,"lastStockPrice":36806.87,"lastSensexPrice":91218.56,"timestamp":1769622154733}
{"symbol":"HAVELLS-EQ","action":"HOLD","stockDirection":"DOWN","sensexDirection":"NEUTRAL","stockPrice":1357.06,"sensexPrice":92911.79,"lastStockPrice":1447.1,"lastSensexPrice":91218.56,"timestamp":1769622155746}
{"symbol":"SOLARINDS-EQ","action":"HOLD","stockDirection":"UP","sensexDirection":"NEUTRAL","stockPrice":13580.95,"sensexPrice":92911.79,"lastStockPrice":12911.18,"lastSensexPrice":91218.56,"timestamp":1769622155749}
{"symbol":"IOC-EQ","action":"HOLD","stockDirection":"DOWN","sensexDirection":"NEUTRAL","stockPrice":160.71,"sensexPrice":91760.8,"lastStockPrice":169.52,"lastSensexPrice":91218.56,"timestamp":1769622156761}
{"symbol":"TORNTPHARM-EQ","action":"HOLD","stockDirection":"DOWN","sensexDirection":"NEUTRAL","stockPrice":3633.55,"sensexPrice":91760.8,"lastStockPrice":3869.42,"lastSensexPrice":91218.56,"timestamp":1769622156765}
{"symbol":"AMBUJACEM-EQ","action":"HOLD","stockDirection":"DOWN","sensexDirection":"NEUTRAL","stockPrice":520.01,"sensexPrice":91760.8,"lastStockPrice":552.15,"lastSensexPrice":91218.56,"timestamp":1769622156767}
{"symbol":"GAIL-EQ","action":"HOLD","stockDirection":"UP","sensexDirection":"NEUTRAL","stockPrice":174.31,"sensexPrice":90453.79,"lastStockPrice":164.56,"lastSensexPrice":91218.56,"timestamp":1769622157777}
{"symbol":"BOSCHLTD-EQ","action":"HOLD","stockDirection":"UP","sensexDirection":"NEUTRAL","stockPrice":36982.31,"sensexPrice":90453.79,"lastStockPrice":34916.18,"lastSensexPrice":91218.56,"timestamp":1769622157781}
{"symbol":"ABB-EQ","action":"HOLD","stockDirection":"DOWN","sensexDirection":"NEUTRAL","stockPrice":4535.51,"sensexPrice":90453.79,"lastStockPrice":4844.66,"lastSensexPrice":91218.56,"timestamp":1769622157783}
{"symbol":"LICI-EQ","action":"HOLD","stockDirection":"UP","sensexDirection":"NEUTRAL","stockPrice":793.2,"sensexPrice":90453.79,"lastStockPrice":751.63,"lastSensexPrice":91218.56,"timestamp":1769622157785}
{"symbol":"NAUKRI-EQ","action":"HOLD","stockDirection":"UP","sensexDirection":"NEUTRAL","stockPrice":1478.78,"sensexPrice":92557.51,"lastStockPrice":1402.4,"lastSensexPrice":91218.56,"timestamp":1769622158791}
{"symbol":"MOTHERSON-EQ","action":"HOLD","stockDirection":"UP","sensexDirection":"NEUTRAL","stockPrice":112.95,"sensexPrice":92557.51,"lastStockPrice":105.95,"lastSensexPrice":91218.56,"timestamp":1769622158793}
{"symbol":"RECLTD-EQ","action":"HOLD","stockDirection":"UP","sensexDirection":"NEUTRAL","stockPrice":371.44,"sensexPrice":92557.51,"lastStockPrice":350.24,"lastSensexPrice":91218.56,"timestamp":1769622158796}
{"symbol":"VEDL-EQ","action":"HOLD","stockDirection":"NEUTRAL","sensexDirection":"UP","stockPrice":704.97,"sensexPrice":94055.47,"lastStockPrice":710.4,"lastSensexPrice":91218.56,"timestamp":1769622159793}
{"symbol":"INDHOTEL-EQ","action":"HOLD","stockDirection":"UP","sensexDirection":"NEUTRAL","stockPrice":665.66,"sensexPrice":94055.47,"lastStockPrice":631.14,"lastSensexPrice":94055.47,"timestamp":1769622159795}
{"symbol":"CANBK-EQ","action":"HOLD","stockDirection":"DOWN","sensexDirection":"NEUTRAL","stockPrice":144.89,"sensexPrice":94055.47,"lastStockPrice":153.46,"lastSensexPrice":94055.47,"timestamp":1769622159796}
{"symbol":"CGPOWER-EQ","action":"HOLD","stockDirection":"DOWN","sensexDirection":"NEUTRAL","stockPrice":586.4,"sensexPrice":94055.47,"lastStockPrice":620.12,"lastSensexPrice":94055.47,"timestamp":1769622159798}
{"symbol":"IRFC-EQ","action":"HOLD","stockDirection":"UP","sensexDirection":"NEUTRAL","stockPrice":108.2,"sensexPrice":94055.47,"lastStockPrice":101.81,"lastSensexPrice":94055.47,"timestamp":1769622159800}
{"symbol":"BRITANNIA-EQ","action":"HOLD","stockDirection":"DOWN","sensexDirection":"NEUTRAL","stockPrice":6251.99,"sensexPrice":94175.65,"lastStockPrice":6632.43,"lastSensexPrice":94055.47,"timestamp":1769622160804}
{"symbol":"VBL-EQ","action":"HOLD","stockDirection":"DOWN","sensexDirection":"NEUTRAL","stockPrice":417.82,"sensexPrice":94175.65,"lastStockPrice":441.16,"lastSensexPrice":94055.47,"timestamp":1769622160806}
{"symbol":"JINDALSTEL-EQ","action":"HOLD","stockDirection":"DOWN","sensexDirection":"NEUTRAL","stockPrice":940.98,"sensexPrice":94175.65,"lastStockPrice":996.18,"lastSensexPrice":94055.47,"timestamp":1769622160811}
{"symbol":"HAVELLS-EQ","action":"HOLD","stockDirection":"UP","sensexDirection":"NEUTRAL","stockPrice":1433.55,"sensexPrice":94175.65,"lastStockPrice":1357.06,"lastSensexPrice":94055.47,"timestamp":1769622160813}
{"symbol":"JSWENERGY-EQ","action":"HOLD","stockDirection":"DOWN","sensexDirection":"NEUTRAL","stockPrice":459.22,"sensexPrice":94175.65,"lastStockPrice":486.35,"lastSensexPrice":94055.47,"timestamp":1769622160824}
{"symbol":"MAZDOCK-EQ","action":"HOLD","stockDirection":"DOWN","sensexDirection":"NEUTRAL","stockPrice":2158.43,"sensexPrice":94175.65,"lastStockPrice":2279.17,"lastSensexPrice":94055.47,"timestamp":1769622160830}
{"symbol":"CHOLAFIN-EQ","action":"HOLD","stockDirection":"UP","sensexDirection":"NEUTRAL","stockPrice":1503.9,"sensexPrice":94378.17,"lastStockPrice":1421.98,"lastSensexPrice":94055.47,"timestamp":1769622161818}
{"symbol":"ADANIENSOL-EQ","action":"HOLD","stockDirection":"UP","sensexDirection":"NEUTRAL","stockPrice":965.48,"sensexPrice":94378.17,"lastStockPrice":908.4,"lastSensexPrice":94055.47,"timestamp":1769622161823}
{"symbol":"VEDL-EQ","action":"HOLD","stockDirection":"NEUTRAL","sensexDirection":"UP","stockPrice":712.69,"sensexPrice":96054.61,"lastStockPrice":710.4,"lastSensexPrice":94055.47,"timestamp":1769622162819}
{"symbol":"RECLTD-EQ","action":"HOLD","stockDirection":"DOWN","sensexDirection":"NEUTRAL","stockPrice":347.68,"sensexPrice":96054.61,"lastStockPrice":371.44,"lastSensexPrice":96054.61,"timestamp":1769622162823}
{"symbol":"ICICIGI-EQ","action":"HOLD","stockDirection":"UP","sensexDirection":"NEUTRAL","stockPrice":1856.37,"sensexPrice":96054.61,"lastStockPrice":1763.42,"lastSensexPrice":96054.61,"timestamp":1769622162824}
{"symbol":"ADANIPOWER-EQ","action":"HOLD","stockDirection":"UP","sensexDirection":"NEUTRAL","stockPrice":147.72,"sensexPrice":94774.37,"lastStockPrice":140.56,"lastSensexPrice":96054.61,"timestamp":1769622163834}
{"symbol":"VEDL-EQ","action":"HOLD","stockDirection":"NEUTRAL","sensexDirection":"DOWN","stockPrice":709.9,"sensexPrice":93418.38,"lastStockPrice":710.4,"lastSensexPrice":96054.61,"timestamp":1769622164846}
{"symbol":"INDHOTEL-EQ","action":"HOLD","stockDirection":"UP","sensexDirection":"NEUTRAL","stockPrice":700.03,"sensexPrice":93418.38,"lastStockPrice":665.66,"lastSensexPrice":93418.38,"timestamp":1769622164849}
{"symbol":"DMART-EQ","action":"HOLD","stockDirection":"UP","sensexDirection":"NEUTRAL","stockPrice":4026.13,"sensexPrice":93418.38,"lastStockPrice":3766.7,"lastSensexPrice":93418.38,"timestamp":1769622164850}
{"symbol":"ADANIGREEN-EQ","action":"HOLD","stockDirection":"DOWN","sensexDirection":"NEUTRAL","stockPrice":850.73,"sensexPrice":93418.38,"lastStockPrice":897.39,"lastSensexPrice":93418.38,"timestamp":1769622164853}
{"symbol":"IRFC-EQ","action":"HOLD","stockDirection":"UP","sensexDirection":"NEUTRAL","stockPrice":114.29,"sensexPrice":93418.38,"lastStockPrice":108.2,"lastSensexPrice":93418.38,"timestamp":1769622164857}
{"symbol":"ENRIN-EQ","action":"HOLD","stockDirection":"DOWN","sensexDirection":"NEUTRAL","stockPrice":1957.46,"sensexPrice":93418.38,"lastStockPrice":2063.73,"lastSensexPrice":93418.38,"timestamp":1769622164860}
{"symbol":"VEDL-EQ","action":"HOLD","stockDirection":"NEUTRAL","sensexDirection":"UP","stockPrice":726.3,"sensexPrice":95652.31,"lastStockPrice":710.4,"lastSensexPrice":93418.38,"timestamp":1769622165847}
{"symbol":"HAVELLS-EQ","action":"HOLD","stockDirection":"UP","sensexDirection":"NEUTRAL","stockPrice":1507.02,"sensexPrice":95652.31,"lastStockPrice":1433.55,"lastSensexPrice":95652.31,"timestamp":1769622165850}
{"symbol":"VEDL-EQ","action":"HOLD","stockDirection":"NEUTRAL","sensexDirection":"DOWN","stockPrice":709.13,"sensexPrice":93269.54,"lastStockPrice":710.4,"lastSensexPrice":95652.31,"timestamp":1769622166859}
{"symbol":"TATAPOWER-EQ","action":"HOLD","stockDirection":"DOWN","sensexDirection":"NEUTRAL","stockPrice":323.62,"sensexPrice":93269.54,"lastStockPrice":344.18,"lastSensexPrice":93269.54,"timestamp":1769622166862}
{"symbol":"BAJAJHLDNG-EQ","action":"HOLD","stockDirection":"UP","sensexDirection":"NEUTRAL","stockPrice":11258.52,"sensexPrice":93269.54,"lastStockPrice":10648,"lastSensexPrice":93269.54,"timestamp":1769622166913}
{"symbol":"CGPOWER-EQ","action":"HOLD","stockDirection":"DOWN","sensexDirection":"NEUTRAL","stockPrice":546.67,"sensexPrice":93269.54,"lastStockPrice":586.4,"lastSensexPrice":93269.54,"timestamp":1769622166915}
{"symbol":"ADANIENSOL-EQ","action":"HOLD","stockDirection":"UP","sensexDirection":"NEUTRAL","stockPrice":1035.03,"sensexPrice":93269.54,"lastStockPrice":965.48,"lastSensexPrice":93269.54,"timestamp":1769622166916}
{"symbol":"BAJAJHFL-EQ","action":"HOLD","stockDirection":"DOWN","sensexDirection":"NEUTRAL","stockPrice":96.89,"sensexPrice":93269.54,"lastStockPrice":103.01,"lastSensexPrice":93269.54,"timestamp":1769622166919}
{"symbol":"BANKBARODA-EQ","action":"HOLD","stockDirection":"DOWN","sensexDirection":"NEUTRAL","stockPrice":274.83,"sensexPrice":93664.93,"lastStockPrice":291.71,"lastSensexPrice":93269.54,"timestamp":1769622167873}
{"symbol":"GODREJCP-EQ","action":"HOLD","stockDirection":"UP","sensexDirection":"NEUTRAL","stockPrice":1295.99,"sensexPrice":93664.93,"lastStockPrice":1232.2,"lastSensexPrice":93269.54,"timestamp":1769622167875}
{"symbol":"IOC-EQ","action":"HOLD","stockDirection":"DOWN","sensexDirection":"NEUTRAL","stockPrice":150.56,"sensexPrice":94815.76,"lastStockPrice":160.71,"lastSensexPrice":93269.54,"timestamp":1769622168883}
{"symbol":"MOTHERSON-EQ","action":"HOLD","stockDirection":"DOWN","sensexDirection":"NEUTRAL","stockPrice":106.67,"sensexPrice":94815.76,"lastStockPrice":112.95,"lastSensexPrice":93269.54,"timestamp":1769622168887}
{"symbol":"NAUKRI-EQ","action":"HOLD","stockDirection":"DOWN","sensexDirection":"NEUTRAL","stockPrice":1395.33,"sensexPrice":95024.97,"lastStockPrice":1478.78,"lastSensexPrice":93269.54,"timestamp":1769622169895}
{"symbol":"VEDL-EQ","action":"HOLD","stockDirection":"NEUTRAL","sensexDirection":"UP","stockPrice":741.88,"sensexPrice":96777.49,"lastStockPrice":710.4,"lastSensexPrice":93269.54,"timestamp":1769622170898}
{"symbol":"HAL-EQ","action":"HOLD","stockDirection":"UP","sensexDirection":"NEUTRAL","stockPrice":5043.01,"sensexPrice":96777.49,"lastStockPrice":4736.91,"lastSensexPrice":96777.49,"timestamp":1769622170900}
{"symbol":"PFC-EQ","action":"HOLD","stockDirection":"UP","sensexDirection":"NEUTRAL","stockPrice":447.14,"sensexPrice":96777.49,"lastStockPrice":421.98,"lastSensexPrice":96777.49,"timestamp":1769622170903}
{"symbol":"JINDALSTEL-EQ","action":"HOLD","stockDirection":"UP","sensexDirection":"NEUTRAL","stockPrice":1009.34,"sensexPrice":96777.49,"lastStockPrice":940.98,"lastSensexPrice":96777.49,"timestamp":1769622170906}
{"symbol":"VEDL-EQ","action":"HOLD","stockDirection":"UP","sensexDirection":"NEUTRAL","stockPrice":754.43,"sensexPrice":96362.91,"lastStockPrice":710.4,"lastSensexPrice":96777.49,"timestamp":1769622171912}
{"symbol":"CANBK-EQ","action":"HOLD","stockDirection":"UP","sensexDirection":"NEUTRAL","stockPrice":152.81,"sensexPrice":96362.91,"lastStockPrice":144.89,"lastSensexPrice":96777.49,"timestamp":1769622171915}
{"symbol":"CGPOWER-EQ","action":"HOLD","stockDirection":"DOWN","sensexDirection":"NEUTRAL","stockPrice":517.28,"sensexPrice":96362.91,"lastStockPrice":546.67,"lastSensexPrice":96777.49,"timestamp":1769622171918}
{"symbol":"SIEMENS-EQ","action":"HOLD","stockDirection":"DOWN","sensexDirection":"NEUTRAL","stockPrice":2619.94,"sensexPrice":96362.91,"lastStockPrice":2781.85,"lastSensexPrice":96777.49,"timestamp":1769622171921}
{"symbol":"ABB-EQ","action":"HOLD","stockDirection":"UP","sensexDirection":"NEUTRAL","stockPrice":4780.29,"sensexPrice":96362.91,"lastStockPrice":4535.51,"lastSensexPrice":96777.49,"timestamp":1769622171923}
{"symbol":"BRITANNIA-EQ","action":"HOLD","stockDirection":"DOWN","sensexDirection":"NEUTRAL","stockPrice":5895.16,"sensexPrice":98329.51,"lastStockPrice":6251.99,"lastSensexPrice":96777.49,"timestamp":1769622172919}
{"symbol":"PIDILITIND-EQ","action":"HOLD","stockDirection":"DOWN","sensexDirection":"NEUTRAL","stockPrice":1371.02,"sensexPrice":98329.51,"lastStockPrice":1474.8,"lastSensexPrice":96777.49,"timestamp":1769622172922}
{"symbol":"ICICIGI-EQ","action":"HOLD","stockDirection":"DOWN","sensexDirection":"NEUTRAL","stockPrice":1759.61,"sensexPrice":98329.51,"lastStockPrice":1856.37,"lastSensexPrice":96777.49,"timestamp":1769622172924}
{"symbol":"BOSCHLTD-EQ","action":"HOLD","stockDirection":"DOWN","sensexDirection":"NEUTRAL","stockPrice":34438.5,"sensexPrice":98329.51,"lastStockPrice":36982.31,"lastSensexPrice":96777.49,"timestamp":1769622172926}
{"symbol":"VEDL-EQ","action":"HOLD","stockDirection":"NEUTRAL","sensexDirection":"UP","stockPrice":745.48,"sensexPrice":98939.69,"lastStockPrice":754.43,"lastSensexPrice":96777.49,"timestamp":1769622173933}
{"symbol":"DMART-EQ","action":"HOLD","stockDirection":"DOWN","sensexDirection":"NEUTRAL","stockPrice":3763.64,"sensexPrice":98939.69,"lastStockPrice":4026.13,"lastSensexPrice":98939.69,"timestamp":1769622173936}
{"symbol":"UNITDSPR-EQ","action":"HOLD","stockDirection":"DOWN","sensexDirection":"NEUTRAL","stockPrice":1342.73,"sensexPrice":98939.69,"lastStockPrice":1413.8,"lastSensexPrice":98939.69,"timestamp":1769622173939}
{"symbol":"BPCL-EQ","action":"HOLD","stockDirection":"UP","sensexDirection":"NEUTRAL","stockPrice":428.89,"sensexPrice":98385.25,"lastStockPrice":399.9,"lastSensexPrice":98939.69,"timestamp":1769622174939}
{"symbol":"PFC-EQ","action":"HOLD","stockDirection":"DOWN","sensexDirection":"NEUTRAL","stockPrice":420.63,"sensexPrice":98385.25,"lastStockPrice":447.14,"lastSensexPrice":98939.69,"timestamp":1769622174942}
{"symbol":"GODREJCP-EQ","action":"HOLD","stockDirection":"DOWN","sensexDirection":"NEUTRAL","stockPrice":1225.39,"sensexPrice":98385.25,"lastStockPrice":1295.99,"lastSensexPrice":98939.69,"timestamp":1769622174946}
{"symbol":"JSWENERGY-EQ","action":"HOLD","stockDirection":"UP","sensexDirection":"NEUTRAL","stockPrice":485.64,"sensexPrice":98385.25,"lastStockPrice":459.22,"lastSensexPrice":98939.69,"timestamp":1769622174949}
{"symbol":"MAZDOCK-EQ","action":"HOLD","stockDirection":"UP","sensexDirection":"NEUTRAL","stockPrice":2278.08,"sensexPrice":98385.25,"lastStockPrice":2158.43,"lastSensexPrice":98939.69,"timestamp":1769622174953}
{"symbol":"LICI-EQ","action":"HOLD","stockDirection":"DOWN","sensexDirection":"NEUTRAL","stockPrice":743.08,"sensexPrice":98385.25,"lastStockPrice":793.2,"lastSensexPrice":98939.69,"timestamp":1769622174960}
{"symbol":"VEDL-EQ","action":"HOLD","stockDirection":"NEUTRAL","sensexDirection":"DOWN","stockPrice":746.41,"sensexPrice":96167.29,"lastStockPrice":754.43,"lastSensexPrice":98939.69,"timestamp":1769622175939}
{"symbol":"TATAPOWER-EQ","action":"HOLD","stockDirection":"DOWN","sensexDirection":"NEUTRAL","stockPrice":304.31,"sensexPrice":96167.29,"lastStockPrice":323.62,"lastSensexPrice":96167.29,"timestamp":1769622175942}
{"symbol":"MOTHERSON-EQ","action":"HOLD","stockDirection":"DOWN","sensexDirection":"NEUTRAL","stockPrice":99.66,"sensexPrice":96167.29,"lastStockPrice":106.67,"lastSensexPrice":96167.29,"timestamp":1769622175945}
{"symbol":"NAUKRI-EQ","action":"HOLD","stockDirection":"UP","sensexDirection":"NEUTRAL","stockPrice":1480.09,"sensexPrice":94384.96,"lastStockPrice":1395.33,"lastSensexPrice":96167.29,"timestamp":1769622176941}
{"symbol":"RECLTD-EQ","action":"HOLD","stockDirection":"UP","sensexDirection":"NEUTRAL","stockPrice":368.59,"sensexPrice":94384.96,"lastStockPrice":347.68,"lastSensexPrice":96167.29,"timestamp":1769622176943}
{"symbol":"HAL-EQ","action":"HOLD","stockDirection":"DOWN","sensexDirection":"NEUTRAL","stockPrice":4777.68,"sensexPrice":94538.73,"lastStockPrice":5043.01,"lastSensexPrice":96167.29,"timestamp":1769622177948}
{"symbol":"DMART-EQ","action":"HOLD","stockDirection":"DOWN","sensexDirection":"NEUTRAL","stockPrice":3514.95,"sensexPrice":94538.73,"lastStockPrice":3763.64,"lastSensexPrice":96167.29,"timestamp":1769622177953}
{"symbol":"PFC-EQ","action":"HOLD","stockDirection":"UP","sensexDirection":"NEUTRAL","stockPrice":447.83,"sensexPrice":94538.73,"lastStockPrice":420.63,"lastSensexPrice":96167.29,"timestamp":1769622177956}
{"symbol":"UNITDSPR-EQ","action":"HOLD","stockDirection":"UP","sensexDirection":"NEUTRAL","stockPrice":1424.96,"sensexPrice":94538.73,"lastStockPrice":1342.73,"lastSensexPrice":96167.29,"timestamp":1769622177958}
{"symbol":"MAZDOCK-EQ","action":"HOLD","stockDirection":"DOWN","sensexDirection":"NEUTRAL","stockPrice":2154.66,"sensexPrice":94538.73,"lastStockPrice":2278.08,"lastSensexPrice":96167.29,"timestamp":1769622177961}
{"symbol":"VEDL-EQ","action":"HOLD","stockDirection":"NEUTRAL","sensexDirection":"DOWN","stockPrice":768.04,"sensexPrice":93641.76,"lastStockPrice":754.43,"lastSensexPrice":96167.29,"timestamp":1769622178952}
{"symbol":"CHOLAFIN-EQ","action":"HOLD","stockDirection":"UP","sensexDirection":"NEUTRAL","stockPrice":1589.54,"sensexPrice":93641.76,"lastStockPrice":1503.9,"lastSensexPrice":93641.76,"timestamp":1769622178954}
{"symbol":"BPCL-EQ","action":"HOLD","stockDirection":"DOWN","sensexDirection":"NEUTRAL","stockPrice":406.93,"sensexPrice":93641.76,"lastStockPrice":428.89,"lastSensexPrice":93641.76,"timestamp":1769622178956}
{"symbol":"PNB-EQ","action":"HOLD","stockDirection":"DOWN","sensexDirection":"NEUTRAL","stockPrice":127.89,"sensexPrice":93641.76,"lastStockPrice":134.74,"lastSensexPrice":93641.76,"timestamp":1769622178958}
{"symbol":"ABB-EQ","action":"HOLD","stockDirection":"DOWN","sensexDirection":"NEUTRAL","stockPrice":4536.26,"sensexPrice":93641.76,"lastStockPrice":4780.29,"lastSensexPrice":93641.76,"timestamp":1769622178960}
{"symbol":"VEDL-EQ","action":"HOLD","stockDirection":"NEUTRAL","sensexDirection":"DOWN","stockPrice":760.22,"sensexPrice":91353.3,"lastStockPrice":754.43,"lastSensexPrice":93641.76,"timestamp":1769622179952}
{"symbol":"LODHA-EQ","action":"HOLD","stockDirection":"DOWN","sensexDirection":"NEUTRAL","stockPrice":994.61,"sensexPrice":91353.3,"lastStockPrice":1047.97,"lastSensexPrice":91353.3,"timestamp":1769622179956}
{"symbol":"BANKBARODA-EQ","action":"HOLD","stockDirection":"DOWN","sensexDirection":"NEUTRAL","stockPrice":258.97,"sensexPrice":93124.84,"lastStockPrice":274.83,"lastSensexPrice":91353.3,"timestamp":1769622180965}
{"symbol":"MOTHERSON-EQ","action":"HOLD","stockDirection":"DOWN","sensexDirection":"NEUTRAL","stockPrice":93.9,"sensexPrice":93124.84,"lastStockPrice":99.66,"lastSensexPrice":91353.3,"timestamp":1769622180968}
{"symbol":"BAJAJHLDNG-EQ","action":"HOLD","stockDirection":"DOWN","sensexDirection":"NEUTRAL","stockPrice":10686.23,"sensexPrice":93124.84,"lastStockPrice":11258.52,"lastSensexPrice":91353.3,"timestamp":1769622180970}
{"symbol":"SIEMENS-EQ","action":"HOLD","stockDirection":"DOWN","sensexDirection":"NEUTRAL","stockPrice":2453.24,"sensexPrice":93124.84,"lastStockPrice":2619.94,"lastSensexPrice":91353.3,"timestamp":1769622180972}
{"symbol":"ZYDUSLIFE-EQ","action":"HOLD","stockDirection":"DOWN","sensexDirection":"NEUTRAL","stockPrice":713.14,"sensexPrice":93124.84,"lastStockPrice":764.77,"lastSensexPrice":91353.3,"timestamp":1769622180973}
{"symbol":"DIVISLAB-EQ","action":"HOLD","stockDirection":"DOWN","sensexDirection":"NEUTRAL","stockPrice":5505.75,"sensexPrice":92808.02,"lastStockPrice":5803.71,"lastSensexPrice":91353.3,"timestamp":1769622181966}
{"symbol":"CANBK-EQ","action":"HOLD","stockDirection":"UP","sensexDirection":"NEUTRAL","stockPrice":160.79,"sensexPrice":92808.02,"lastStockPrice":152.81,"lastSensexPrice":91353.3,"timestamp":1769622181969}
{"symbol":"HAVELLS-EQ","action":"HOLD","stockDirection":"UP","sensexDirection":"NEUTRAL","stockPrice":1584.2,"sensexPrice":91099.99,"lastStockPrice":1507.02,"lastSensexPrice":91353.3,"timestamp":1769622182972}
{"symbol":"MAZDOCK-EQ","action":"HOLD","stockDirection":"DOWN","sensexDirection":"NEUTRAL","stockPrice":2039.85,"sensexPrice":91099.99,"lastStockPrice":2154.66,"lastSensexPrice":91353.3,"timestamp":1769622182975}
{"symbol":"CHOLAFIN-EQ","action":"HOLD","stockDirection":"DOWN","sensexDirection":"NEUTRAL","stockPrice":1483.75,"sensexPrice":91069.15,"lastStockPrice":1589.54,"lastSensexPrice":91353.3,"timestamp":1769622183976}
{"symbol":"ADANIPOWER-EQ","action":"HOLD","stockDirection":"UP","sensexDirection":"NEUTRAL","stockPrice":155.84,"sensexPrice":91069.15,"lastStockPrice":147.72,"lastSensexPrice":91353.3,"timestamp":1769622183979}
{"symbol":"CGPOWER-EQ","action":"HOLD","stockDirection":"UP","sensexDirection":"NEUTRAL","stockPrice":546.85,"sensexPrice":91069.15,"lastStockPrice":517.28,"lastSensexPrice":91353.3,"timestamp":1769622183981}
{"symbol":"SOLARINDS-EQ","action":"HOLD","stockDirection":"DOWN","sensexDirection":"NEUTRAL","stockPrice":12619.3,"sensexPrice":91069.15,"lastStockPrice":13580.95,"lastSensexPrice":91353.3,"timestamp":1769622183983}
{"symbol":"BRITANNIA-EQ","action":"HOLD","stockDirection":"UP","sensexDirection":"NEUTRAL","stockPrice":6322.88,"sensexPrice":89706.9,"lastStockPrice":5895.16,"lastSensexPrice":91353.3,"timestamp":1769622184991}
{"symbol":"BPCL-EQ","action":"HOLD","stockDirection":"DOWN","sensexDirection":"NEUTRAL","stockPrice":386.25,"sensexPrice":89706.9,"lastStockPrice":406.93,"lastSensexPrice":91353.3,"timestamp":1769622184993}
{"symbol":"ICICIGI-EQ","action":"HOLD","stockDirection":"DOWN","sensexDirection":"NEUTRAL","stockPrice":1670.4,"sensexPrice":89706.9,"lastStockPrice":1759.61,"lastSensexPrice":91353.3,"timestamp":1769622184996}
{"symbol":"UNITDSPR-EQ","action":"HOLD","stockDirection":"DOWN","sensexDirection":"NEUTRAL","stockPrice":1342.41,"sensexPrice":89706.9,"lastStockPrice":1424.96,"lastSensexPrice":91353.3,"timestamp":1769622184998}
{"symbol":"ENRIN-EQ","action":"HOLD","stockDirection":"DOWN","sensexDirection":"NEUTRAL","stockPrice":1852.53,"sensexPrice":89706.9,"lastStockPrice":1957.46,"lastSensexPrice":91353.3,"timestamp":1769622185000}
{"symbol":"TVSMOTOR-EQ","action":"HOLD","stockDirection":"DOWN","sensexDirection":"NEUTRAL","stockPrice":3482.72,"sensexPrice":89994.99,"lastStockPrice":3705.76,"lastSensexPrice":91353.3,"timestamp":1769622185999}
{"symbol":"PFC-EQ","action":"HOLD","stockDirection":"DOWN","sensexDirection":"NEUTRAL","stockPrice":424.9,"sensexPrice":89994.99,"lastStockPrice":447.83,"lastSensexPrice":91353.3,"timestamp":1769622186002}
{"symbol":"JINDALSTEL-EQ","action":"HOLD","stockDirection":"DOWN","sensexDirection":"NEUTRAL","stockPrice":954.32,"sensexPrice":89994.99,"lastStockPrice":1009.34,"lastSensexPrice":91353.3,"timestamp":1769622186005}
{"symbol":"JSWENERGY-EQ","action":"HOLD","stockDirection":"UP","sensexDirection":"NEUTRAL","stockPrice":512.83,"sensexPrice":89994.99,"lastStockPrice":485.64,"lastSensexPrice":91353.3,"timestamp":1769622186007}
{"symbol":"VEDL-EQ","action":"HOLD","stockDirection":"NEUTRAL","sensexDirection":"DOWN","stockPrice":746.4,"sensexPrice":88960.56,"lastStockPrice":754.43,"lastSensexPrice":91353.3,"timestamp":1769622187007}
{"symbol":"IOC-EQ","action":"HOLD","stockDirection":"DOWN","sensexDirection":"NEUTRAL","stockPrice":140.98,"sensexPrice":88960.56,"lastStockPrice":150.56,"lastSensexPrice":88960.56,"timestamp":1769622187010}
{"symbol":"CANBK-EQ","action":"HOLD","stockDirection":"DOWN","sensexDirection":"NEUTRAL","stockPrice":150.79,"sensexPrice":88960.56,"lastStockPrice":160.79,"lastSensexPrice":88960.56,"timestamp":1769622187012}
{"symbol":"MAZDOCK-EQ","action":"HOLD","stockDirection":"UP","sensexDirection":"NEUTRAL","stockPrice":2157.19,"sensexPrice":88960.56,"lastStockPrice":2039.85,"lastSensexPrice":88960.56,"timestamp":1769622187015}
{"symbol":"BPCL-EQ","action":"HOLD","stockDirection":"UP","sensexDirection":"NEUTRAL","stockPrice":406.44,"sensexPrice":88206.76,"lastStockPrice":386.25,"lastSensexPrice":88960.56,"timestamp":1769622188012}
{"symbol":"RECLTD-EQ","action":"HOLD","stockDirection":"DOWN","sensexDirection":"NEUTRAL","stockPrice":348.89,"sensexPrice":88206.76,"lastStockPrice":368.59,"lastSensexPrice":88960.56,"timestamp":1769622188015}
{"symbol":"DLF-EQ","action":"HOLD","stockDirection":"DOWN","sensexDirection":"NEUTRAL","stockPrice":597.82,"sensexPrice":88206.76,"lastStockPrice":641.85,"lastSensexPrice":88960.56,"timestamp":1769622188017}
{"symbol":"SOLARINDS-EQ","action":"HOLD","stockDirection":"DOWN","sensexDirection":"NEUTRAL","stockPrice":11956.89,"sensexPrice":88206.76,"lastStockPrice":12619.3,"lastSensexPrice":88960.56,"timestamp":1769622188019}
{"symbol":"VEDL-EQ","action":"HOLD","stockDirection":"NEUTRAL","sensexDirection":"DOWN","stockPrice":735.55,"sensexPrice":86417.89,"lastStockPrice":754.43,"lastSensexPrice":88960.56,"timestamp":1769622189016}
{"symbol":"LTIM-EQ","action":"HOLD","stockDirection":"DOWN","sensexDirection":"NEUTRAL","stockPrice":5937.98,"sensexPrice":86417.89,"lastStockPrice":6335.68,"lastSensexPrice":86417.89,"timestamp":1769622189025}
{"symbol":"GODREJCP-EQ","action":"HOLD","stockDirection":"DOWN","sensexDirection":"NEUTRAL","stockPrice":1152.33,"sensexPrice":86417.89,"lastStockPrice":1225.39,"lastSensexPrice":86417.89,"timestamp":1769622189045}
{"symbol":"SHREECEM-EQ","action":"HOLD","stockDirection":"DOWN","sensexDirection":"NEUTRAL","stockPrice":27354.49,"sensexPrice":86417.89,"lastStockPrice":28969.53,"lastSensexPrice":86417.89,"timestamp":1769622189048}
{"symbol":"BOSCHLTD-EQ","action":"HOLD","stockDirection":"DOWN","sensexDirection":"NEUTRAL","stockPrice":32647.06,"sensexPrice":86417.89,"lastStockPrice":34438.5,"lastSensexPrice":86417.89,"timestamp":1769622189050}
{"symbol":"ADANIGREEN-EQ","action":"HOLD","stockDirection":"DOWN","sensexDirection":"NEUTRAL","stockPrice":800.72,"sensexPrice":86417.89,"lastStockPrice":850.73,"lastSensexPrice":86417.89,"timestamp":1769622189051}
{"symbol":"ABB-EQ","action":"HOLD","stockDirection":"UP","sensexDirection":"NEUTRAL","stockPrice":4783.14,"sensexPrice":86417.89,"lastStockPrice":4536.26,"lastSensexPrice":86417.89,"timestamp":1769622189055}
{"symbol":"IRFC-EQ","action":"HOLD","stockDirection":"UP","sensexDirection":"NEUTRAL","stockPrice":122.43,"sensexPrice":86417.89,"lastStockPrice":114.29,"lastSensexPrice":86417.89,"timestamp":1769622189056}
{"symbol":"VBL-EQ","action":"HOLD","stockDirection":"UP","sensexDirection":"NEUTRAL","stockPrice":439.94,"sensexPrice":86943.86,"lastStockPrice":417.82,"lastSensexPrice":86417.89,"timestamp":1769622190020}
{"symbol":"TATAPOWER-EQ","action":"HOLD","stockDirection":"DOWN","sensexDirection":"NEUTRAL","stockPrice":286.57,"sensexPrice":86943.86,"lastStockPrice":304.31,"lastSensexPrice":86417.89,"timestamp":1769622190022}
{"symbol":"DMART-EQ","action":"HOLD","stockDirection":"UP","sensexDirection":"NEUTRAL","stockPrice":3709.29,"sensexPrice":86943.86,"lastStockPrice":3514.95,"lastSensexPrice":86417.89,"timestamp":1769622190023}
{"symbol":"HAL-EQ","action":"HOLD","stockDirection":"UP","sensexDirection":"NEUTRAL","stockPrice":5032.59,"sensexPrice":87858.61,"lastStockPrice":4777.68,"lastSensexPrice":86417.89,"timestamp":1769622191024}
{"symbol":"HAVELLS-EQ","action":"HOLD","stockDirection":"UP","sensexDirection":"NEUTRAL","stockPrice":1682.31,"sensexPrice":87858.61,"lastStockPrice":1584.2,"lastSensexPrice":86417.89,"timestamp":1769622191027}
{"symbol":"AMBUJACEM-EQ","action":"HOLD","stockDirection":"UP","sensexDirection":"NEUTRAL","stockPrice":550.56,"sensexPrice":87858.61,"lastStockPrice":520.01,"lastSensexPrice":86417.89,"timestamp":1769622191029}
{"symbol":"VEDL-EQ","action":"HOLD","stockDirection":"NEUTRAL","sensexDirection":"UP","stockPrice":753.02,"sensexPrice":89956.01,"lastStockPrice":754.43,"lastSensexPrice":86417.89,"timestamp":1769622192029}
{"symbol":"INDHOTEL-EQ","action":"HOLD","stockDirection":"UP","sensexDirection":"NEUTRAL","stockPrice":741.77,"sensexPrice":89956.01,"lastStockPrice":700.03,"lastSensexPrice":89956.01,"timestamp":1769622192031}
{"symbol":"SHREECEM-EQ","action":"HOLD","stockDirection":"UP","sensexDirection":"NEUTRAL","stockPrice":28956.31,"sensexPrice":89956.01,"lastStockPrice":27354.49,"lastSensexPrice":89956.01,"timestamp":1769622192035}
{"symbol":"LICI-EQ","action":"HOLD","stockDirection":"DOWN","sensexDirection":"NEUTRAL","stockPrice":705.72,"sensexPrice":89956.01,"lastStockPrice":743.08,"lastSensexPrice":89956.01,"timestamp":1769622192037}
{"symbol":"ADANIPOWER-EQ","action":"HOLD","stockDirection":"UP","sensexDirection":"NEUTRAL","stockPrice":165.91,"sensexPrice":91659.07,"lastStockPrice":155.84,"lastSensexPrice":89956.01,"timestamp":1769622193032}
{"symbol":"BANKBARODA-EQ","action":"HOLD","stockDirection":"DOWN","sensexDirection":"NEUTRAL","stockPrice":242.86,"sensexPrice":91678.4,"lastStockPrice":258.97,"lastSensexPrice":89956.01,"timestamp":1769622194036}
{"symbol":"DMART-EQ","action":"HOLD","stockDirection":"UP","sensexDirection":"NEUTRAL","stockPrice":3902.35,"sensexPrice":91678.4,"lastStockPrice":3709.29,"lastSensexPrice":89956.01,"timestamp":1769622194039}
{"symbol":"BAJAJHFL-EQ","action":"HOLD","stockDirection":"DOWN","sensexDirection":"NEUTRAL","stockPrice":90.99,"sensexPrice":91678.4,"lastStockPrice":96.89,"lastSensexPrice":89956.01,"timestamp":1769622194044}
{"symbol":"VEDL-EQ","action":"HOLD","stockDirection":"NEUTRAL","sensexDirection":"UP","stockPrice":747.74,"sensexPrice":93648.46,"lastStockPrice":754.43,"lastSensexPrice":89956.01,"timestamp":1769622195042}
{"symbol":"BPCL-EQ","action":"HOLD","stockDirection":"DOWN","sensexDirection":"NEUTRAL","stockPrice":383.38,"sensexPrice":93648.46,"lastStockPrice":406.44,"lastSensexPrice":93648.46,"timestamp":1769622195044}
{"symbol":"RECLTD-EQ","action":"HOLD","stockDirection":"UP","sensexDirection":"NEUTRAL","stockPrice":366.71,"sensexPrice":93648.46,"lastStockPrice":348.89,"lastSensexPrice":93648.46,"timestamp":1769622195047}
{"symbol":"PNB-EQ","action":"HOLD","stockDirection":"UP","sensexDirection":"NEUTRAL","stockPrice":134.33,"sensexPrice":93648.46,"lastStockPrice":127.89,"lastSensexPrice":93648.46,"timestamp":1769622195048}
{"symbol":"ADANIENSOL-EQ","action":"HOLD","stockDirection":"UP","sensexDirection":"NEUTRAL","stockPrice":1093.08,"sensexPrice":93648.46,"lastStockPrice":1035.03,"lastSensexPrice":93648.46,"timestamp":1769622195050}
{"symbol":"MAZDOCK-EQ","action":"HOLD","stockDirection":"UP","sensexDirection":"NEUTRAL","stockPrice":2294.27,"sensexPrice":93648.46,"lastStockPrice":2157.19,"lastSensexPrice":93648.46,"timestamp":1769622195052}
{"symbol":"TATAPOWER-EQ","action":"HOLD","stockDirection":"DOWN","sensexDirection":"NEUTRAL","stockPrice":269.53,"sensexPrice":95365.73,"lastStockPrice":286.57,"lastSensexPrice":93648.46,"timestamp":1769622196049}
{"symbol":"PFC-EQ","action":"HOLD","stockDirection":"DOWN","sensexDirection":"NEUTRAL","stockPrice":402.91,"sensexPrice":95365.73,"lastStockPrice":424.9,"lastSensexPrice":93648.46,"timestamp":1769622196051}
{"symbol":"DLF-EQ","action":"HOLD","stockDirection":"UP","sensexDirection":"NEUTRAL","stockPrice":640.39,"sensexPrice":95365.73,"lastStockPrice":597.82,"lastSensexPrice":93648.46,"timestamp":1769622196053}
{"symbol":"JINDALSTEL-EQ","action":"HOLD","stockDirection":"UP","sensexDirection":"NEUTRAL","stockPrice":1011.02,"sensexPrice":94882.2,"lastStockPrice":954.32,"lastSensexPrice":93648.46,"timestamp":1769622197052}
{"symbol":"HAVELLS-EQ","action":"HOLD","stockDirection":"DOWN","sensexDirection":"NEUTRAL","stockPrice":1571.36,"sensexPrice":94882.2,"lastStockPrice":1682.31,"lastSensexPrice":93648.46,"timestamp":1769622197054}
{"symbol":"VEDL-EQ","action":"HOLD","stockDirection":"NEUTRAL","sensexDirection":"UP","stockPrice":723.02,"sensexPrice":97149.68,"lastStockPrice":754.43,"lastSensexPrice":93648.46,"timestamp":1769622198051}
{"symbol":"LICI-EQ","action":"HOLD","stockDirection":"DOWN","sensexDirection":"NEUTRAL","stockPrice":658.32,"sensexPrice":97149.68,"lastStockPrice":705.72,"lastSensexPrice":97149.68,"timestamp":1769622198056}
{"symbol":"TVSMOTOR-EQ","action":"HOLD","stockDirection":"DOWN","sensexDirection":"NEUTRAL","stockPrice":3291.22,"sensexPrice":98947.28,"lastStockPrice":3482.72,"lastSensexPrice":97149.68,"timestamp":1769622199057}
{"symbol":"TATAPOWER-EQ","action":"HOLD","stockDirection":"UP","sensexDirection":"NEUTRAL","stockPrice":286.64,"sensexPrice":98947.28,"lastStockPrice":269.53,"lastSensexPrice":97149.68,"timestamp":1769622199059}
{"symbol":"ADANIPOWER-EQ","action":"HOLD","stockDirection":"DOWN","sensexDirection":"NEUTRAL","stockPrice":155.52,"sensexPrice":98947.28,"lastStockPrice":165.91,"lastSensexPrice":97149.68,"timestamp":1769622199061}
{"symbol":"BAJAJHLDNG-EQ","action":"HOLD","stockDirection":"UP","sensexDirection":"NEUTRAL","stockPrice":11316.36,"sensexPrice":98947.28,"lastStockPrice":10686.23,"lastSensexPrice":97149.68,"timestamp":1769622199063}
{"symbol":"TORNTPHARM-EQ","action":"HOLD","stockDirection":"UP","sensexDirection":"NEUTRAL","stockPrice":3900.88,"sensexPrice":98947.28,"lastStockPrice":3633.55,"lastSensexPrice":97149.68,"timestamp":1769622199065}
{"symbol":"VEDL-EQ","action":"HOLD","stockDirection":"NEUTRAL","sensexDirection":"UP","stockPrice":729.15,"sensexPrice":100175.58,"lastStockPrice":754.43,"lastSensexPrice":97149.68,"timestamp":1769622200058}
{"symbol":"PFC-EQ","action":"HOLD","stockDirection":"DOWN","sensexDirection":"NEUTRAL","stockPrice":378.14,"sensexPrice":100175.58,"lastStockPrice":402.91,"lastSensexPrice":100175.58,"timestamp":1769622200061}
{"symbol":"SHREECEM-EQ","action":"HOLD","stockDirection":"DOWN","sensexDirection":"NEUTRAL","stockPrice":27208.95,"sensexPrice":100175.58,"lastStockPrice":28956.31,"lastSensexPrice":100175.58,"timestamp":1769622200064}
{"symbol":"MOTHERSON-EQ","action":"HOLD","stockDirection":"UP","sensexDirection":"NEUTRAL","stockPrice":99.43,"sensexPrice":100483.95,"lastStockPrice":93.9,"lastSensexPrice":100175.58,"timestamp":1769622201065}
{"symbol":"IRFC-EQ","action":"HOLD","stockDirection":"UP","sensexDirection":"NEUTRAL","stockPrice":128.78,"sensexPrice":100483.95,"lastStockPrice":122.43,"lastSensexPrice":100175.58,"timestamp":1769622201070}
{"symbol":"TVSMOTOR-EQ","action":"HOLD","stockDirection":"UP","sensexDirection":"NEUTRAL","stockPrice":3481.89,"sensexPrice":100920.71,"lastStockPrice":3291.22,"lastSensexPrice":100175.58,"timestamp":1769622202067}
{"symbol":"SOLARINDS-EQ","action":"HOLD","stockDirection":"UP","sensexDirection":"NEUTRAL","stockPrice":12722.41,"sensexPrice":100920.71,"lastStockPrice":11956.89,"lastSensexPrice":100175.58,"timestamp":1769622202070}
{"symbol":"ADANIGREEN-EQ","action":"HOLD","stockDirection":"DOWN","sensexDirection":"NEUTRAL","stockPrice":759.15,"sensexPrice":100920.71,"lastStockPrice":800.72,"lastSensexPrice":100175.58,"timestamp":1769622202073}
{"symbol":"ABB-EQ","action":"HOLD","stockDirection":"UP","sensexDirection":"NEUTRAL","stockPrice":5124.33,"sensexPrice":100920.71,"lastStockPrice":4783.14,"lastSensexPrice":100175.58,"timestamp":1769622202075}
{"symbol":"ZYDUSLIFE-EQ","action":"HOLD","stockDirection":"DOWN","sensexDirection":"NEUTRAL","stockPrice":673.64,"sensexPrice":100920.71,"lastStockPrice":713.14,"lastSensexPrice":100175.58,"timestamp":1769622202077}
{"symbol":"ENRIN-EQ","action":"HOLD","stockDirection":"UP","sensexDirection":"NEUTRAL","stockPrice":1964.46,"sensexPrice":100920.71,"lastStockPrice":1852.53,"lastSensexPrice":100175.58,"timestamp":1769622202078}
{"symbol":"TATAPOWER-EQ","action":"HOLD","stockDirection":"UP","sensexDirection":"NEUTRAL","stockPrice":302.1,"sensexPrice":101770.1,"lastStockPrice":286.64,"lastSensexPrice":100175.58,"timestamp":1769622203070}
{"symbol":"DMART-EQ","action":"HOLD","stockDirection":"DOWN","sensexDirection":"NEUTRAL","stockPrice":3657.03,"sensexPrice":101770.1,"lastStockPrice":3902.35,"lastSensexPrice":100175.58,"timestamp":1769622203074}
{"symbol":"PNB-EQ","action":"HOLD","stockDirection":"UP","sensexDirection":"NEUTRAL","stockPrice":142.02,"sensexPrice":101770.1,"lastStockPrice":134.33,"lastSensexPrice":100175.58,"timestamp":1769622203078}
{"symbol":"TORNTPHARM-EQ","action":"HOLD","stockDirection":"UP","sensexDirection":"NEUTRAL","stockPrice":4169.53,"sensexPrice":101770.1,"lastStockPrice":3900.88,"lastSensexPrice":100175.58,"timestamp":1769622203080}
{"symbol":"VEDL-EQ","action":"HOLD","stockDirection":"NEUTRAL","sensexDirection":"UP","stockPrice":727.05,"sensexPrice":103891.48,"lastStockPrice":754.43,"lastSensexPrice":100175.58,"timestamp":1769622206080}
{"symbol":"BRITANNIA-EQ","action":"HOLD","stockDirection":"UP","sensexDirection":"NEUTRAL","stockPrice":6686.52,"sensexPrice":103891.48,"lastStockPrice":6322.88,"lastSensexPrice":103891.48,"timestamp":1769622206084}
{"symbol":"HYUNDAI-EQ","action":"HOLD","stockDirection":"UP","sensexDirection":"NEUTRAL","stockPrice":2470.38,"sensexPrice":103891.48,"lastStockPrice":2339.87,"lastSensexPrice":103891.48,"timestamp":1769622206088}
{"symbol":"BAJAJHLDNG-EQ","action":"HOLD","stockDirection":"DOWN","sensexDirection":"NEUTRAL","stockPrice":10700.92,"sensexPrice":104730.85,"lastStockPrice":11316.36,"lastSensexPrice":103891.48,"timestamp":1769622207082}
{"symbol":"SOLARINDS-EQ","action":"HOLD","stockDirection":"DOWN","sensexDirection":"NEUTRAL","stockPrice":12079.83,"sensexPrice":104730.85,"lastStockPrice":12722.41,"lastSensexPrice":103891.48,"timestamp":1769622207084}
{"symbol":"ADANIGREEN-EQ","action":"HOLD","stockDirection":"DOWN","sensexDirection":"NEUTRAL","stockPrice":718.86,"sensexPrice":104730.85,"lastStockPrice":759.15,"lastSensexPrice":103891.48,"timestamp":1769622207086}
{"symbol":"HINDZINC-EQ","action":"HOLD","stockDirection":"DOWN","sensexDirection":"NEUTRAL","stockPrice":645.91,"sensexPrice":104730.85,"lastStockPrice":695.4,"lastSensexPrice":103891.48,"timestamp":1769622207087}
{"symbol":"VEDL-EQ","action":"HOLD","stockDirection":"NEUTRAL","sensexDirection":"UP","stockPrice":722.92,"sensexPrice":107265,"lastStockPrice":754.43,"lastSensexPrice":103891.48,"timestamp":1769622208092}
{"symbol":"DIVISLAB-EQ","action":"HOLD","stockDirection":"UP","sensexDirection":"NEUTRAL","stockPrice":5869.66,"sensexPrice":107265,"lastStockPrice":5505.75,"lastSensexPrice":107265,"timestamp":1769622208094}
{"symbol":"MOTHERSON-EQ","action":"HOLD","stockDirection":"DOWN","sensexDirection":"NEUTRAL","stockPrice":92.88,"sensexPrice":107265,"lastStockPrice":99.43,"lastSensexPrice":107265,"timestamp":1769622208096}
{"symbol":"RECLTD-EQ","action":"HOLD","stockDirection":"UP","sensexDirection":"NEUTRAL","stockPrice":391.04,"sensexPrice":106404.9,"lastStockPrice":366.71,"lastSensexPrice":107265,"timestamp":1769622209096}
{"symbol":"TORNTPHARM-EQ","action":"HOLD","stockDirection":"DOWN","sensexDirection":"NEUTRAL","stockPrice":3957.79,"sensexPrice":106404.9,"lastStockPrice":4169.53,"lastSensexPrice":107265,"timestamp":1769622209098}
{"symbol":"DLF-EQ","action":"HOLD","stockDirection":"DOWN","sensexDirection":"NEUTRAL","stockPrice":607.03,"sensexPrice":106404.9,"lastStockPrice":640.39,"lastSensexPrice":107265,"timestamp":1769622209099}
{"symbol":"CGPOWER-EQ","action":"HOLD","stockDirection":"UP","sensexDirection":"NEUTRAL","stockPrice":582.87,"sensexPrice":106404.9,"lastStockPrice":546.85,"lastSensexPrice":107265,"timestamp":1769622209101}
{"symbol":"VBL-EQ","action":"HOLD","stockDirection":"UP","sensexDirection":"NEUTRAL","stockPrice":470.43,"sensexPrice":105654.74,"lastStockPrice":439.94,"lastSensexPrice":107265,"timestamp":1769622210097}
{"symbol":"ADANIGREEN-EQ","action":"HOLD","stockDirection":"DOWN","sensexDirection":"NEUTRAL","stockPrice":682.52,"sensexPrice":105654.74,"lastStockPrice":718.86,"lastSensexPrice":107265,"timestamp":1769622210099}
{"symbol":"JSWENERGY-EQ","action":"HOLD","stockDirection":"UP","sensexDirection":"NEUTRAL","stockPrice":545.67,"sensexPrice":105654.74,"lastStockPrice":512.83,"lastSensexPrice":107265,"timestamp":1769622210102}
{"symbol":"VEDL-EQ","action":"HOLD","stockDirection":"NEUTRAL","sensexDirection":"DOWN","stockPrice":747.59,"sensexPrice":103894.73,"lastStockPrice":754.43,"lastSensexPrice":107265,"timestamp":1769622211111}
{"symbol":"DIVISLAB-EQ","action":"HOLD","stockDirection":"DOWN","sensexDirection":"NEUTRAL","stockPrice":5573.35,"sensexPrice":103894.73,"lastStockPrice":5869.66,"lastSensexPrice":103894.73,"timestamp":1769622211113}
{"symbol":"CHOLAFIN-EQ","action":"HOLD","stockDirection":"DOWN","sensexDirection":"NEUTRAL","stockPrice":1394.88,"sensexPrice":103894.73,"lastStockPrice":1483.75,"lastSensexPrice":103894.73,"timestamp":1769622211115}
{"symbol":"BRITANNIA-EQ","action":"HOLD","stockDirection":"DOWN","sensexDirection":"NEUTRAL","stockPrice":6344.23,"sensexPrice":103894.73,"lastStockPrice":6686.52,"lastSensexPrice":103894.73,"timestamp":1769622211116}
{"symbol":"INDHOTEL-EQ","action":"HOLD","stockDirection":"UP","sensexDirection":"NEUTRAL","stockPrice":779.54,"sensexPrice":103894.73,"lastStockPrice":741.77,"lastSensexPrice":103894.73,"timestamp":1769622211119}
{"symbol":"ADANIENSOL-EQ","action":"HOLD","stockDirection":"DOWN","sensexDirection":"NEUTRAL","stockPrice":1021.2,"sensexPrice":105735.65,"lastStockPrice":1093.08,"lastSensexPrice":103894.73,"timestamp":1769622212121}
{"symbol":"VEDL-EQ","action":"HOLD","stockDirection":"NEUTRAL","sensexDirection":"UP","stockPrice":753.65,"sensexPrice":106212.03,"lastStockPrice":754.43,"lastSensexPrice":103894.73,"timestamp":1769622213121}
{"symbol":"NAUKRI-EQ","action":"HOLD","stockDirection":"UP","sensexDirection":"NEUTRAL","stockPrice":1572.82,"sensexPrice":106212.03,"lastStockPrice":1480.09,"lastSensexPrice":106212.03,"timestamp":1769622213129}
{"symbol":"JINDALSTEL-EQ","action":"HOLD","stockDirection":"DOWN","sensexDirection":"NEUTRAL","stockPrice":945.15,"sensexPrice":106212.03,"lastStockPrice":1011.02,"lastSensexPrice":106212.03,"timestamp":1769622213132}
{"symbol":"ADANIGREEN-EQ","action":"HOLD","stockDirection":"UP","sensexDirection":"NEUTRAL","stockPrice":717.09,"sensexPrice":106212.03,"lastStockPrice":682.52,"lastSensexPrice":106212.03,"timestamp":1769622213134}
{"symbol":"TATAPOWER-EQ","action":"HOLD","stockDirection":"DOWN","sensexDirection":"NEUTRAL","stockPrice":281.33,"sensexPrice":107183.7,"lastStockPrice":302.1,"lastSensexPrice":106212.03,"timestamp":1769622214125}
{"symbol":"ICICIGI-EQ","action":"HOLD","stockDirection":"UP","sensexDirection":"NEUTRAL","stockPrice":1766.04,"sensexPrice":107183.7,"lastStockPrice":1670.4,"lastSensexPrice":106212.03,"timestamp":1769622214127}
{"symbol":"PNB-EQ","action":"HOLD","stockDirection":"UP","sensexDirection":"NEUTRAL","stockPrice":150.33,"sensexPrice":107183.7,"lastStockPrice":142.02,"lastSensexPrice":106212.03,"timestamp":1769622214129}
{"symbol":"ABB-EQ","action":"HOLD","stockDirection":"UP","sensexDirection":"NEUTRAL","stockPrice":5410.58,"sensexPrice":107183.7,"lastStockPrice":5124.33,"lastSensexPrice":106212.03,"timestamp":1769622214130}
{"symbol":"IOC-EQ","action":"HOLD","stockDirection":"DOWN","sensexDirection":"NEUTRAL","stockPrice":133.18,"sensexPrice":105897.52,"lastStockPrice":140.98,"lastSensexPrice":106212.03,"timestamp":1769622215141}
{"symbol":"DLF-EQ","action":"HOLD","stockDirection":"UP","sensexDirection":"NEUTRAL","stockPrice":643.63,"sensexPrice":105897.52,"lastStockPrice":607.03,"lastSensexPrice":106212.03,"timestamp":1769622215143}
{"symbol":"AMBUJACEM-EQ","action":"HOLD","stockDirection":"UP","sensexDirection":"NEUTRAL","stockPrice":584.53,"sensexPrice":105897.52,"lastStockPrice":550.56,"lastSensexPrice":106212.03,"timestamp":1769622215144}
{"symbol":"ADANIENSOL-EQ","action":"HOLD","stockDirection":"UP","sensexDirection":"NEUTRAL","stockPrice":1073.8,"sensexPrice":105897.52,"lastStockPrice":1021.2,"lastSensexPrice":106212.03,"timestamp":1769622215146}
{"symbol":"HINDZINC-EQ","action":"HOLD","stockDirection":"UP","sensexDirection":"NEUTRAL","stockPrice":685.06,"sensexPrice":105897.52,"lastStockPrice":645.91,"lastSensexPrice":106212.03,"timestamp":1769622215147}
{"symbol":"BRITANNIA-EQ","action":"HOLD","stockDirection":"DOWN","sensexDirection":"NEUTRAL","stockPrice":5987.85,"sensexPrice":107426.75,"lastStockPrice":6344.23,"lastSensexPrice":106212.03,"timestamp":1769622216147}
{"symbol":"DMART-EQ","action":"HOLD","stockDirection":"UP","sensexDirection":"NEUTRAL","stockPrice":3858.62,"sensexPrice":107426.75,"lastStockPrice":3657.03,"lastSensexPrice":106212.03,"timestamp":1769622216149}
{"symbol":"HYUNDAI-EQ","action":"HOLD","stockDirection":"UP","sensexDirection":"NEUTRAL","stockPrice":2620.69,"sensexPrice":107426.75,"lastStockPrice":2470.38,"lastSensexPrice":106212.03,"timestamp":1769622216152}
{"symbol":"JSWENERGY-EQ","action":"HOLD","stockDirection":"UP","sensexDirection":"NEUTRAL","stockPrice":575.4,"sensexPrice":107426.75,"lastStockPrice":545.67,"lastSensexPrice":106212.03,"timestamp":1769622216153}
{"symbol":"LTIM-EQ","action":"HOLD","stockDirection":"UP","sensexDirection":"NEUTRAL","stockPrice":6272,"sensexPrice":106502.91,"lastStockPrice":5937.98,"lastSensexPrice":106212.03,"timestamp":1769622217148}
{"symbol":"TORNTPHARM-EQ","action":"HOLD","stockDirection":"DOWN","sensexDirection":"NEUTRAL","stockPrice":3734.27,"sensexPrice":106502.91,"lastStockPrice":3957.79,"lastSensexPrice":106212.03,"timestamp":1769622217150}
{"symbol":"SIEMENS-EQ","action":"HOLD","stockDirection":"DOWN","sensexDirection":"NEUTRAL","stockPrice":2318.89,"sensexPrice":106502.91,"lastStockPrice":2453.24,"lastSensexPrice":106212.03,"timestamp":1769622217153}
{"symbol":"ICICIGI-EQ","action":"HOLD","stockDirection":"DOWN","sensexDirection":"NEUTRAL","stockPrice":1661.1,"sensexPrice":105644.3,"lastStockPrice":1766.04,"lastSensexPrice":106212.03,"timestamp":1769622219162}
{"symbol":"CGPOWER-EQ","action":"HOLD","stockDirection":"UP","sensexDirection":"NEUTRAL","stockPrice":614.04,"sensexPrice":105644.3,"lastStockPrice":582.87,"lastSensexPrice":106212.03,"timestamp":1769622219164}
{"symbol":"LODHA-EQ","action":"HOLD","stockDirection":"DOWN","sensexDirection":"NEUTRAL","stockPrice":931.54,"sensexPrice":105644.3,"lastStockPrice":994.61,"lastSensexPrice":106212.03,"timestamp":1769622219166}
{"symbol":"MAZDOCK-EQ","action":"HOLD","stockDirection":"DOWN","sensexDirection":"NEUTRAL","stockPrice":2138.86,"sensexPrice":105644.3,"lastStockPrice":2294.27,"lastSensexPrice":106212.03,"timestamp":1769622219168}
{"symbol":"ADANIPOWER-EQ","action":"HOLD","stockDirection":"UP","sensexDirection":"NEUTRAL","stockPrice":164.77,"sensexPrice":106223.93,"lastStockPrice":155.52,"lastSensexPrice":106212.03,"timestamp":1769622220170}
{"symbol":"BAJAJHFL-EQ","action":"HOLD","stockDirection":"DOWN","sensexDirection":"NEUTRAL","stockPrice":85.05,"sensexPrice":106223.93,"lastStockPrice":90.99,"lastSensexPrice":106212.03,"timestamp":1769622220174}
{"symbol":"HAL-EQ","action":"HOLD","stockDirection":"UP","sensexDirection":"NEUTRAL","stockPrice":5331.5,"sensexPrice":106243.61,"lastStockPrice":5032.59,"lastSensexPrice":106212.03,"timestamp":1769622221173}
{"symbol":"PFC-EQ","action":"HOLD","stockDirection":"UP","sensexDirection":"NEUTRAL","stockPrice":400.55,"sensexPrice":106243.61,"lastStockPrice":378.14,"lastSensexPrice":106212.03,"timestamp":1769622221176}
{"symbol":"BAJAJHLDNG-EQ","action":"HOLD","stockDirection":"UP","sensexDirection":"NEUTRAL","stockPrice":11238.65,"sensexPrice":106243.61,"lastStockPrice":10700.92,"lastSensexPrice":106212.03,"timestamp":1769622221178}
{"symbol":"JINDALSTEL-EQ","action":"HOLD","stockDirection":"DOWN","sensexDirection":"NEUTRAL","stockPrice":894.45,"sensexPrice":106243.61,"lastStockPrice":945.15,"lastSensexPrice":106212.03,"timestamp":1769622221179}
{"symbol":"MAZDOCK-EQ","action":"HOLD","stockDirection":"UP","sensexDirection":"NEUTRAL","stockPrice":2269.44,"sensexPrice":107082.75,"lastStockPrice":2138.86,"lastSensexPrice":106212.03,"timestamp":1769622222189}
{"symbol":"VEDL-EQ","action":"HOLD","stockDirection":"NEUTRAL","sensexDirection":"UP","stockPrice":727.57,"sensexPrice":109592.19,"lastStockPrice":754.43,"lastSensexPrice":106212.03,"timestamp":1769622223190}
{"symbol":"RECLTD-EQ","action":"HOLD","stockDirection":"DOWN","sensexDirection":"NEUTRAL","stockPrice":369.07,"sensexPrice":109592.19,"lastStockPrice":391.04,"lastSensexPrice":109592.19,"timestamp":1769622223193}
{"symbol":"ICICIGI-EQ","action":"HOLD","stockDirection":"UP","sensexDirection":"NEUTRAL","stockPrice":1750.88,"sensexPrice":109592.19,"lastStockPrice":1661.1,"lastSensexPrice":109592.19,"timestamp":1769622223194}
{"symbol":"VEDL-EQ","action":"HOLD","stockDirection":"DOWN","sensexDirection":"NEUTRAL","stockPrice":715.16,"sensexPrice":108807.37,"lastStockPrice":754.43,"lastSensexPrice":109592.19,"timestamp":1769622224206}
{"symbol":"DIVISLAB-EQ","action":"HOLD","stockDirection":"UP","sensexDirection":"NEUTRAL","stockPrice":5890.83,"sensexPrice":108807.37,"lastStockPrice":5573.35,"lastSensexPrice":109592.19,"timestamp":1769622224208}
{"symbol":"BPCL-EQ","action":"HOLD","stockDirection":"UP","sensexDirection":"NEUTRAL","stockPrice":405.72,"sensexPrice":108807.37,"lastStockPrice":383.38,"lastSensexPrice":109592.19,"timestamp":1769622224209}
{"symbol":"BANKBARODA-EQ","action":"HOLD","stockDirection":"UP","sensexDirection":"NEUTRAL","stockPrice":255.07,"sensexPrice":108807.37,"lastStockPrice":242.86,"lastSensexPrice":109592.19,"timestamp":1769622224211}
{"symbol":"PFC-EQ","action":"HOLD","stockDirection":"UP","sensexDirection":"NEUTRAL","stockPrice":423.34,"sensexPrice":108807.37,"lastStockPrice":400.55,"lastSensexPrice":109592.19,"timestamp":1769622224214}
{"symbol":"MOTHERSON-EQ","action":"HOLD","stockDirection":"DOWN","sensexDirection":"NEUTRAL","stockPrice":87.5,"sensexPrice":108807.37,"lastStockPrice":92.88,"lastSensexPrice":109592.19,"timestamp":1769622224217}
{"symbol":"GODREJCP-EQ","action":"HOLD","stockDirection":"DOWN","sensexDirection":"NEUTRAL","stockPrice":1080.33,"sensexPrice":108807.37,"lastStockPrice":1152.33,"lastSensexPrice":109592.19,"timestamp":1769622224219}
{"symbol":"VEDL-EQ","action":"HOLD","stockDirection":"NEUTRAL","sensexDirection":"DOWN","stockPrice":729.69,"sensexPrice":106337.01,"lastStockPrice":715.16,"lastSensexPrice":109592.19,"timestamp":1769622225220}
{"symbol":"PIDILITIND-EQ","action":"HOLD","stockDirection":"DOWN","sensexDirection":"NEUTRAL","stockPrice":1300.39,"sensexPrice":106337.01,"lastStockPrice":1371.02,"lastSensexPrice":106337.01,"timestamp":1769622225224}
{"symbol":"CHOLAFIN-EQ","action":"HOLD","stockDirection":"DOWN","sensexDirection":"NEUTRAL","stockPrice":1323.59,"sensexPrice":108364.66,"lastStockPrice":1394.88,"lastSensexPrice":106337.01,"timestamp":1769622226234}
{"symbol":"DLF-EQ","action":"HOLD","stockDirection":"DOWN","sensexDirection":"NEUTRAL","stockPrice":609.61,"sensexPrice":108364.66,"lastStockPrice":643.63,"lastSensexPrice":106337.01,"timestamp":1769622226237}
{"symbol":"HAVELLS-EQ","action":"HOLD","stockDirection":"UP","sensexDirection":"NEUTRAL","stockPrice":1667.16,"sensexPrice":108364.66,"lastStockPrice":1571.36,"lastSensexPrice":106337.01,"timestamp":1769622226238}
{"symbol":"ZYDUSLIFE-EQ","action":"HOLD","stockDirection":"DOWN","sensexDirection":"NEUTRAL","stockPrice":639.19,"sensexPrice":108364.66,"lastStockPrice":673.64,"lastSensexPrice":106337.01,"timestamp":1769622226240}
{"symbol":"MAZDOCK-EQ","action":"HOLD","stockDirection":"DOWN","sensexDirection":"NEUTRAL","stockPrice":2130.9,"sensexPrice":108364.66,"lastStockPrice":2269.44,"lastSensexPrice":106337.01,"timestamp":1769622226243}
{"symbol":"BANKBARODA-EQ","action":"HOLD","stockDirection":"DOWN","sensexDirection":"NEUTRAL","stockPrice":241.01,"sensexPrice":106578.17,"lastStockPrice":255.07,"lastSensexPrice":106337.01,"timestamp":1769622227235}
{"symbol":"LTIM-EQ","action":"HOLD","stockDirection":"UP","sensexDirection":"NEUTRAL","stockPrice":6595.4,"sensexPrice":107715.76,"lastStockPrice":6272,"lastSensexPrice":106337.01,"timestamp":1769622228250}
{"symbol":"TORNTPHARM-EQ","action":"HOLD","stockDirection":"DOWN","sensexDirection":"NEUTRAL","stockPrice":3529.06,"sensexPrice":107715.76,"lastStockPrice":3734.27,"lastSensexPrice":106337.01,"timestamp":1769622228252}
{"symbol":"AMBUJACEM-EQ","action":"HOLD","stockDirection":"DOWN","sensexDirection":"NEUTRAL","stockPrice":552.5,"sensexPrice":107715.76,"lastStockPrice":584.53,"lastSensexPrice":106337.01,"timestamp":1769622228254}
{"symbol":"BAJAJHFL-EQ","action":"HOLD","stockDirection":"DOWN","sensexDirection":"NEUTRAL","stockPrice":80.19,"sensexPrice":107715.76,"lastStockPrice":85.05,"lastSensexPrice":106337.01,"timestamp":1769622228256}
{"symbol":"VEDL-EQ","action":"HOLD","stockDirection":"NEUTRAL","sensexDirection":"UP","stockPrice":696.37,"sensexPrice":109190.89,"lastStockPrice":715.16,"lastSensexPrice":106337.01,"timestamp":1769622229255}
{"symbol":"DMART-EQ","action":"HOLD","stockDirection":"DOWN","sensexDirection":"NEUTRAL","stockPrice":3652.84,"sensexPrice":109190.89,"lastStockPrice":3858.62,"lastSensexPrice":109190.89,"timestamp":1769622229257}
{"symbol":"PFC-EQ","action":"HOLD","stockDirection":"DOWN","sensexDirection":"NEUTRAL","stockPrice":397.73,"sensexPrice":109190.89,"lastStockPrice":423.34,"lastSensexPrice":109190.89,"timestamp":1769622229259}
{"symbol":"LICI-EQ","action":"HOLD","stockDirection":"DOWN","sensexDirection":"NEUTRAL","stockPrice":617.44,"sensexPrice":109190.89,"lastStockPrice":658.32,"lastSensexPrice":109190.89,"timestamp":1769622229262}
{"symbol":"TATAPOWER-EQ","action":"HOLD","stockDirection":"DOWN","sensexDirection":"NEUTRAL","stockPrice":266.74,"sensexPrice":108096.44,"lastStockPrice":281.33,"lastSensexPrice":109190.89,"timestamp":1769622230259}
{"symbol":"INDHOTEL-EQ","action":"HOLD","stockDirection":"DOWN","sensexDirection":"NEUTRAL","stockPrice":727.55,"sensexPrice":108096.44,"lastStockPrice":779.54,"lastSensexPrice":109190.89,"timestamp":1769622230261}
{"symbol":"CANBK-EQ","action":"HOLD","stockDirection":"DOWN","sensexDirection":"NEUTRAL","stockPrice":142.2,"sensexPrice":108096.44,"lastStockPrice":150.79,"lastSensexPrice":109190.89,"timestamp":1769622230263}
{"symbol":"GODREJCP-EQ","action":"HOLD","stockDirection":"UP","sensexDirection":"NEUTRAL","stockPrice":1141.97,"sensexPrice":108096.44,"lastStockPrice":1080.33,"lastSensexPrice":109190.89,"timestamp":1769622230264}
{"symbol":"PIDILITIND-EQ","action":"HOLD","stockDirection":"UP","sensexDirection":"NEUTRAL","stockPrice":1374.89,"sensexPrice":108096.44,"lastStockPrice":1300.39,"lastSensexPrice":109190.89,"timestamp":1769622230266}
{"symbol":"GAIL-EQ","action":"HOLD","stockDirection":"DOWN","sensexDirection":"NEUTRAL","stockPrice":164.45,"sensexPrice":108096.44,"lastStockPrice":174.31,"lastSensexPrice":109190.89,"timestamp":1769622230268}
{"symbol":"JSWENERGY-EQ","action":"HOLD","stockDirection":"UP","sensexDirection":"NEUTRAL","stockPrice":615.24,"sensexPrice":108096.44,"lastStockPrice":575.4,"lastSensexPrice":109190.89,"timestamp":1769622230270}
{"symbol":"ZYDUSLIFE-EQ","action":"HOLD","stockDirection":"DOWN","sensexDirection":"NEUTRAL","stockPrice":604.25,"sensexPrice":108096.44,"lastStockPrice":639.19,"lastSensexPrice":109190.89,"timestamp":1769622230272}
{"symbol":"TVSMOTOR-EQ","action":"HOLD","stockDirection":"DOWN","sensexDirection":"NEUTRAL","stockPrice":3252.01,"sensexPrice":109419.08,"lastStockPrice":3481.89,"lastSensexPrice":109190.89,"timestamp":1769622231267}
{"symbol":"BOSCHLTD-EQ","action":"HOLD","stockDirection":"DOWN","sensexDirection":"NEUTRAL","stockPrice":30690.2,"sensexPrice":109419.08,"lastStockPrice":32647.06,"lastSensexPrice":109190.89,"timestamp":1769622231270}
{"symbol":"VBL-EQ","action":"HOLD","stockDirection":"DOWN","sensexDirection":"NEUTRAL","stockPrice":442.27,"sensexPrice":109535.06,"lastStockPrice":470.43,"lastSensexPrice":109190.89,"timestamp":1769622232273}
{"symbol":"HYUNDAI-EQ","action":"HOLD","stockDirection":"DOWN","sensexDirection":"NEUTRAL","stockPrice":2481.26,"sensexPrice":109535.06,"lastStockPrice":2620.69,"lastSensexPrice":109190.89,"timestamp":1769622232278}
{"symbol":"INDHOTEL-EQ","action":"HOLD","stockDirection":"UP","sensexDirection":"NEUTRAL","stockPrice":765.82,"sensexPrice":107572.7,"lastStockPrice":727.55,"lastSensexPrice":109190.89,"timestamp":1769622233278}
{"symbol":"IOC-EQ","action":"HOLD","stockDirection":"UP","sensexDirection":"NEUTRAL","stockPrice":141.19,"sensexPrice":107572.7,"lastStockPrice":133.18,"lastSensexPrice":109190.89,"timestamp":1769622233280}
{"symbol":"LTIM-EQ","action":"HOLD","stockDirection":"DOWN","sensexDirection":"NEUTRAL","stockPrice":6173.94,"sensexPrice":107572.7,"lastStockPrice":6595.4,"lastSensexPrice":109190.89,"timestamp":1769622233282}
{"symbol":"DIVISLAB-EQ","action":"HOLD","stockDirection":"DOWN","sensexDirection":"NEUTRAL","stockPrice":5575.58,"sensexPrice":107149.58,"lastStockPrice":5890.83,"lastSensexPrice":109190.89,"timestamp":1769622234282}
{"symbol":"GAIL-EQ","action":"HOLD","stockDirection":"UP","sensexDirection":"NEUTRAL","stockPrice":173.22,"sensexPrice":109148.08,"lastStockPrice":164.45,"lastSensexPrice":109190.89,"timestamp":1769622235297}
{"symbol":"HAVELLS-EQ","action":"HOLD","stockDirection":"UP","sensexDirection":"NEUTRAL","stockPrice":1758.37,"sensexPrice":109148.08,"lastStockPrice":1667.16,"lastSensexPrice":109190.89,"timestamp":1769622235301}
{"symbol":"ADANIGREEN-EQ","action":"HOLD","stockDirection":"DOWN","sensexDirection":"NEUTRAL","stockPrice":676.19,"sensexPrice":109148.08,"lastStockPrice":717.09,"lastSensexPrice":109190.89,"timestamp":1769622235304}
{"symbol":"BAJAJHLDNG-EQ","action":"HOLD","stockDirection":"DOWN","sensexDirection":"NEUTRAL","stockPrice":10659.97,"sensexPrice":110301.66,"lastStockPrice":11238.65,"lastSensexPrice":109190.89,"timestamp":1769622236303}
{"symbol":"LODHA-EQ","action":"HOLD","stockDirection":"UP","sensexDirection":"NEUTRAL","stockPrice":979.14,"sensexPrice":110301.66,"lastStockPrice":931.54,"lastSensexPrice":109190.89,"timestamp":1769622236306}
{"symbol":"SOLARINDS-EQ","action":"HOLD","stockDirection":"UP","sensexDirection":"NEUTRAL","stockPrice":12750.08,"sensexPrice":108787.03,"lastStockPrice":12079.83,"lastSensexPrice":109190.89,"timestamp":1769622237313}
{"symbol":"MAZDOCK-EQ","action":"HOLD","stockDirection":"UP","sensexDirection":"NEUTRAL","stockPrice":2261.97,"sensexPrice":108787.03,"lastStockPrice":2130.9,"lastSensexPrice":109190.89,"timestamp":1769622237315}
{"symbol":"PIDILITIND-EQ","action":"HOLD","stockDirection":"DOWN","sensexDirection":"NEUTRAL","stockPrice":1303.55,"sensexPrice":110948.04,"lastStockPrice":1374.89,"lastSensexPrice":109190.89,"timestamp":1769622238312}
{"symbol":"SHREECEM-EQ","action":"HOLD","stockDirection":"DOWN","sensexDirection":"NEUTRAL","stockPrice":25781.28,"sensexPrice":110948.04,"lastStockPrice":27208.95,"lastSensexPrice":109190.89,"timestamp":1769622238315}
{"symbol":"TATAPOWER-EQ","action":"HOLD","stockDirection":"DOWN","sensexDirection":"NEUTRAL","stockPrice":252.36,"sensexPrice":111196.44,"lastStockPrice":266.74,"lastSensexPrice":109190.89,"timestamp":1769622239327}
{"symbol":"INDHOTEL-EQ","action":"HOLD","stockDirection":"UP","sensexDirection":"NEUTRAL","stockPrice":812.15,"sensexPrice":111196.44,"lastStockPrice":765.82,"lastSensexPrice":109190.89,"timestamp":1769622239329}
{"symbol":"VBL-EQ","action":"HOLD","stockDirection":"DOWN","sensexDirection":"NEUTRAL","stockPrice":412.52,"sensexPrice":111250.65,"lastStockPrice":442.27,"lastSensexPrice":109190.89,"timestamp":1769622240330}
{"symbol":"ICICIGI-EQ","action":"HOLD","stockDirection":"DOWN","sensexDirection":"NEUTRAL","stockPrice":1652.16,"sensexPrice":111250.65,"lastStockPrice":1750.88,"lastSensexPrice":109190.89,"timestamp":1769622240332}
{"symbol":"GAIL-EQ","action":"HOLD","stockDirection":"DOWN","sensexDirection":"NEUTRAL","stockPrice":161.86,"sensexPrice":111250.65,"lastStockPrice":173.22,"lastSensexPrice":109190.89,"timestamp":1769622240333}
{"symbol":"DLF-EQ","action":"HOLD","stockDirection":"DOWN","sensexDirection":"NEUTRAL","stockPrice":578.73,"sensexPrice":111250.65,"lastStockPrice":609.61,"lastSensexPrice":109190.89,"timestamp":1769622240335}
{"symbol":"UNITDSPR-EQ","action":"HOLD","stockDirection":"DOWN","sensexDirection":"NEUTRAL","stockPrice":1273.78,"sensexPrice":111250.65,"lastStockPrice":1342.41,"lastSensexPrice":109190.89,"timestamp":1769622240337}
{"symbol":"JSWENERGY-EQ","action":"HOLD","stockDirection":"UP","sensexDirection":"NEUTRAL","stockPrice":648.42,"sensexPrice":111250.65,"lastStockPrice":615.24,"lastSensexPrice":109190.89,"timestamp":1769622240339}
{"symbol":"HAL-EQ","action":"HOLD","stockDirection":"UP","sensexDirection":"NEUTRAL","stockPrice":5600.43,"sensexPrice":110809.77,"lastStockPrice":5331.5,"lastSensexPrice":109190.89,"timestamp":1769622241342}
{"symbol":"BOSCHLTD-EQ","action":"HOLD","stockDirection":"DOWN","sensexDirection":"NEUTRAL","stockPrice":28538.81,"sensexPrice":110809.77,"lastStockPrice":30690.2,"lastSensexPrice":109190.89,"timestamp":1769622241346}
{"symbol":"VEDL-EQ","action":"HOLD","stockDirection":"NEUTRAL","sensexDirection":"UP","stockPrice":717.86,"sensexPrice":112564.06,"lastStockPrice":715.16,"lastSensexPrice":109190.89,"timestamp":1769622242355}
{"symbol":"BANKBARODA-EQ","action":"HOLD","stockDirection":"DOWN","sensexDirection":"NEUTRAL","stockPrice":227.96,"sensexPrice":112564.06,"lastStockPrice":241.01,"lastSensexPrice":112564.06,"timestamp":1769622242358}
{"symbol":"PNB-EQ","action":"HOLD","stockDirection":"UP","sensexDirection":"NEUTRAL","stockPrice":158.78,"sensexPrice":112564.06,"lastStockPrice":150.33,"lastSensexPrice":112564.06,"timestamp":1769622242361}
{"symbol":"JINDALSTEL-EQ","action":"HOLD","stockDirection":"DOWN","sensexDirection":"NEUTRAL","stockPrice":841.91,"sensexPrice":112564.06,"lastStockPrice":894.45,"lastSensexPrice":112564.06,"timestamp":1769622242364}
{"symbol":"HAVELLS-EQ","action":"HOLD","stockDirection":"DOWN","sensexDirection":"NEUTRAL","stockPrice":1659.65,"sensexPrice":112564.06,"lastStockPrice":1758.37,"lastSensexPrice":112564.06,"timestamp":1769622242367}
{"symbol":"VEDL-EQ","action":"HOLD","stockDirection":"NEUTRAL","sensexDirection":"UP","stockPrice":721.81,"sensexPrice":115160.13,"lastStockPrice":715.16,"lastSensexPrice":112564.06,"timestamp":1769622243368}
{"symbol":"PIDILITIND-EQ","action":"HOLD","stockDirection":"UP","sensexDirection":"NEUTRAL","stockPrice":1392.92,"sensexPrice":115160.13,"lastStockPrice":1303.55,"lastSensexPrice":115160.13,"timestamp":1769622243371}
{"symbol":"RECLTD-EQ","action":"HOLD","stockDirection":"DOWN","sensexDirection":"NEUTRAL","stockPrice":344.54,"sensexPrice":115160.13,"lastStockPrice":369.07,"lastSensexPrice":115160.13,"timestamp":1769622243372}
{"symbol":"LODHA-EQ","action":"HOLD","stockDirection":"UP","sensexDirection":"NEUTRAL","stockPrice":1032.9,"sensexPrice":115160.13,"lastStockPrice":979.14,"lastSensexPrice":115160.13,"timestamp":1769622243373}
{"symbol":"CHOLAFIN-EQ","action":"HOLD","stockDirection":"DOWN","sensexDirection":"NEUTRAL","stockPrice":1251.89,"sensexPrice":116332.75,"lastStockPrice":1323.59,"lastSensexPrice":115160.13,"timestamp":1769622244374}
{"symbol":"DMART-EQ","action":"HOLD","stockDirection":"UP","sensexDirection":"NEUTRAL","stockPrice":3898.16,"sensexPrice":116332.75,"lastStockPrice":3652.84,"lastSensexPrice":115160.13,"timestamp":1769622244376}
{"symbol":"ADANIPOWER-EQ","action":"HOLD","stockDirection":"UP","sensexDirection":"NEUTRAL","stockPrice":173.72,"sensexPrice":116332.75,"lastStockPrice":164.77,"lastSensexPrice":115160.13,"timestamp":1769622244377}
{"symbol":"SIEMENS-EQ","action":"HOLD","stockDirection":"UP","sensexDirection":"NEUTRAL","stockPrice":2472.04,"sensexPrice":116332.75,"lastStockPrice":2318.89,"lastSensexPrice":115160.13,"timestamp":1769622244381}
{"symbol":"VEDL-EQ","action":"HOLD","stockDirection":"NEUTRAL","sensexDirection":"UP","stockPrice":723.41,"sensexPrice":118835.76,"lastStockPrice":715.16,"lastSensexPrice":115160.13,"timestamp":1769622245380}
{"symbol":"TATAPOWER-EQ","action":"HOLD","stockDirection":"UP","sensexDirection":"NEUTRAL","stockPrice":268.84,"sensexPrice":118835.76,"lastStockPrice":252.36,"lastSensexPrice":118835.76,"timestamp":1769622245382}
{"symbol":"SHREECEM-EQ","action":"HOLD","stockDirection":"DOWN","sensexDirection":"NEUTRAL","stockPrice":24332.51,"sensexPrice":118835.76,"lastStockPrice":25781.28,"lastSensexPrice":118835.76,"timestamp":1769622245385}
{"symbol":"VEDL-EQ","action":"HOLD","stockDirection":"NEUTRAL","sensexDirection":"DOWN","stockPrice":705.55,"sensexPrice":115885.79,"lastStockPrice":715.16,"lastSensexPrice":118835.76,"timestamp":1769622246384}
{"symbol":"GODREJCP-EQ","action":"HOLD","stockDirection":"DOWN","sensexDirection":"NEUTRAL","stockPrice":1075.22,"sensexPrice":115885.79,"lastStockPrice":1141.97,"lastSensexPrice":115885.79,"timestamp":1769622246387}
{"symbol":"ICICIGI-EQ","action":"HOLD","stockDirection":"DOWN","sensexDirection":"NEUTRAL","stockPrice":1560.67,"sensexPrice":115885.79,"lastStockPrice":1652.16,"lastSensexPrice":115885.79,"timestamp":1769622246389}
{"symbol":"SOLARINDS-EQ","action":"HOLD","stockDirection":"UP","sensexDirection":"NEUTRAL","stockPrice":13543.95,"sensexPrice":115885.79,"lastStockPrice":12750.08,"lastSensexPrice":115885.79,"timestamp":1769622246391}
{"symbol":"ABB-EQ","action":"HOLD","stockDirection":"DOWN","sensexDirection":"NEUTRAL","stockPrice":5107.46,"sensexPrice":115885.79,"lastStockPrice":5410.58,"lastSensexPrice":115885.79,"timestamp":1769622246393}
{"symbol":"MOTHERSON-EQ","action":"HOLD","stockDirection":"DOWN","sensexDirection":"NEUTRAL","stockPrice":81.52,"sensexPrice":116977.59,"lastStockPrice":87.5,"lastSensexPrice":115885.79,"timestamp":1769622247399}
{"symbol":"PIDILITIND-EQ","action":"HOLD","stockDirection":"UP","sensexDirection":"NEUTRAL","stockPrice":1472.12,"sensexPrice":116977.59,"lastStockPrice":1392.92,"lastSensexPrice":115885.79,"timestamp":1769622247402}
{"symbol":"LODHA-EQ","action":"HOLD","stockDirection":"UP","sensexDirection":"NEUTRAL","stockPrice":1105.2,"sensexPrice":116977.59,"lastStockPrice":1032.9,"lastSensexPrice":115885.79,"timestamp":1769622247404}
{"symbol":"IRFC-EQ","action":"HOLD","stockDirection":"DOWN","sensexDirection":"NEUTRAL","stockPrice":121.45,"sensexPrice":116977.59,"lastStockPrice":128.78,"lastSensexPrice":115885.79,"timestamp":1769622247406}
{"symbol":"MAZDOCK-EQ","action":"HOLD","stockDirection":"UP","sensexDirection":"NEUTRAL","stockPrice":2381.21,"sensexPrice":116977.59,"lastStockPrice":2261.97,"lastSensexPrice":115885.79,"timestamp":1769622247408}
{"symbol":"LICI-EQ","action":"HOLD","stockDirection":"UP","sensexDirection":"NEUTRAL","stockPrice":648.94,"sensexPrice":116977.59,"lastStockPrice":617.44,"lastSensexPrice":115885.79,"timestamp":1769622247410}
{"symbol":"VEDL-EQ","action":"HOLD","stockDirection":"NEUTRAL","sensexDirection":"UP","stockPrice":727.21,"sensexPrice":118500.4,"lastStockPrice":715.16,"lastSensexPrice":115885.79,"timestamp":1769622248403}
{"symbol":"DIVISLAB-EQ","action":"HOLD","stockDirection":"DOWN","sensexDirection":"NEUTRAL","stockPrice":5234.19,"sensexPrice":118500.4,"lastStockPrice":5575.58,"lastSensexPrice":118500.4,"timestamp":1769622248405}
{"symbol":"RECLTD-EQ","action":"HOLD","stockDirection":"UP","sensexDirection":"NEUTRAL","stockPrice":362.88,"sensexPrice":118500.4,"lastStockPrice":344.54,"lastSensexPrice":118500.4,"timestamp":1769622248407}
{"symbol":"HINDZINC-EQ","action":"HOLD","stockDirection":"UP","sensexDirection":"NEUTRAL","stockPrice":721.4,"sensexPrice":118500.4,"lastStockPrice":685.06,"lastSensexPrice":118500.4,"timestamp":1769622248410}
{"symbol":"BANKBARODA-EQ","action":"HOLD","stockDirection":"UP","sensexDirection":"NEUTRAL","stockPrice":242.99,"sensexPrice":119934.93,"lastStockPrice":227.96,"lastSensexPrice":118500.4,"timestamp":1769622249408}
{"symbol":"ADANIENSOL-EQ","action":"HOLD","stockDirection":"DOWN","sensexDirection":"NEUTRAL","stockPrice":1002.12,"sensexPrice":119934.93,"lastStockPrice":1073.8,"lastSensexPrice":118500.4,"timestamp":1769622249412}
{"symbol":"IOC-EQ","action":"HOLD","stockDirection":"UP","sensexDirection":"NEUTRAL","stockPrice":149.03,"sensexPrice":117812.81,"lastStockPrice":141.19,"lastSensexPrice":118500.4,"timestamp":1769622250414}
{"symbol":"ICICIGI-EQ","action":"HOLD","stockDirection":"UP","sensexDirection":"NEUTRAL","stockPrice":1645.19,"sensexPrice":117812.81,"lastStockPrice":1560.67,"lastSensexPrice":118500.4,"timestamp":1769622250416}
{"symbol":"CGPOWER-EQ","action":"HOLD","stockDirection":"DOWN","sensexDirection":"NEUTRAL","stockPrice":580.31,"sensexPrice":117812.81,"lastStockPrice":614.04,"lastSensexPrice":118500.4,"timestamp":1769622250418}
{"symbol":"AMBUJACEM-EQ","action":"HOLD","stockDirection":"UP","sensexDirection":"NEUTRAL","stockPrice":586.59,"sensexPrice":117812.81,"lastStockPrice":552.5,"lastSensexPrice":118500.4,"timestamp":1769622250419}
{"symbol":"BPCL-EQ","action":"HOLD","stockDirection":"UP","sensexDirection":"NEUTRAL","stockPrice":427.84,"sensexPrice":120454.77,"lastStockPrice":405.72,"lastSensexPrice":118500.4,"timestamp":1769622251420}
{"symbol":"NAUKRI-EQ","action":"HOLD","stockDirection":"DOWN","sensexDirection":"NEUTRAL","stockPrice":1482.61,"sensexPrice":120454.77,"lastStockPrice":1572.82,"lastSensexPrice":118500.4,"timestamp":1769622251423}
{"symbol":"MOTHERSON-EQ","action":"HOLD","stockDirection":"UP","sensexDirection":"NEUTRAL","stockPrice":85.95,"sensexPrice":120454.77,"lastStockPrice":81.52,"lastSensexPrice":118500.4,"timestamp":1769622251425}
{"symbol":"ZYDUSLIFE-EQ","action":"HOLD","stockDirection":"UP","sensexDirection":"NEUTRAL","stockPrice":636.03,"sensexPrice":120454.77,"lastStockPrice":604.25,"lastSensexPrice":118500.4,"timestamp":1769622251428}
{"symbol":"VEDL-EQ","action":"HOLD","stockDirection":"NEUTRAL","sensexDirection":"UP","stockPrice":727.48,"sensexPrice":121933.64,"lastStockPrice":715.16,"lastSensexPrice":118500.4,"timestamp":1769622252432}
{"symbol":"VBL-EQ","action":"HOLD","stockDirection":"DOWN","sensexDirection":"NEUTRAL","stockPrice":389.89,"sensexPrice":121933.64,"lastStockPrice":412.52,"lastSensexPrice":121933.64,"timestamp":1769622252435}
{"symbol":"BOSCHLTD-EQ","action":"HOLD","stockDirection":"DOWN","sensexDirection":"NEUTRAL","stockPrice":27072.21,"sensexPrice":121933.64,"lastStockPrice":28538.81,"lastSensexPrice":121933.64,"timestamp":1769622252438}
{"symbol":"ADANIENSOL-EQ","action":"HOLD","stockDirection":"UP","sensexDirection":"NEUTRAL","stockPrice":1055.72,"sensexPrice":121933.64,"lastStockPrice":1002.12,"lastSensexPrice":121933.64,"timestamp":1769622252439}
{"symbol":"SIEMENS-EQ","action":"HOLD","stockDirection":"UP","sensexDirection":"NEUTRAL","stockPrice":2596.91,"sensexPrice":121933.64,"lastStockPrice":2472.04,"lastSensexPrice":121933.64,"timestamp":1769622252440}
{"symbol":"INDHOTEL-EQ","action":"HOLD","stockDirection":"UP","sensexDirection":"NEUTRAL","stockPrice":861.85,"sensexPrice":124107.7,"lastStockPrice":812.15,"lastSensexPrice":121933.64,"timestamp":1769622253434}
{"symbol":"GODREJCP-EQ","action":"HOLD","stockDirection":"UP","sensexDirection":"NEUTRAL","stockPrice":1135.18,"sensexPrice":124107.7,"lastStockPrice":1075.22,"lastSensexPrice":121933.64,"timestamp":1769622253436}
{"symbol":"CGPOWER-EQ","action":"HOLD","stockDirection":"UP","sensexDirection":"NEUTRAL","stockPrice":610.13,"sensexPrice":124107.7,"lastStockPrice":580.31,"lastSensexPrice":121933.64,"timestamp":1769622253438}
{"symbol":"LICI-EQ","action":"HOLD","stockDirection":"DOWN","sensexDirection":"NEUTRAL","stockPrice":612.73,"sensexPrice":124107.7,"lastStockPrice":648.94,"lastSensexPrice":121933.64,"timestamp":1769622253441}
{"symbol":"BAJAJHFL-EQ","action":"HOLD","stockDirection":"UP","sensexDirection":"NEUTRAL","stockPrice":84.22,"sensexPrice":124107.7,"lastStockPrice":80.19,"lastSensexPrice":121933.64,"timestamp":1769622253442}
{"symbol":"VEDL-EQ","action":"HOLD","stockDirection":"NEUTRAL","sensexDirection":"UP","stockPrice":724.4,"sensexPrice":126857.24,"lastStockPrice":715.16,"lastSensexPrice":121933.64,"timestamp":1769622254441}
{"symbol":"TORNTPHARM-EQ","action":"HOLD","stockDirection":"DOWN","sensexDirection":"NEUTRAL","stockPrice":3334.07,"sensexPrice":126857.24,"lastStockPrice":3529.06,"lastSensexPrice":126857.24,"timestamp":1769622254443}
{"symbol":"ABB-EQ","action":"HOLD","stockDirection":"DOWN","sensexDirection":"NEUTRAL","stockPrice":4829.64,"sensexPrice":126857.24,"lastStockPrice":5107.46,"lastSensexPrice":126857.24,"timestamp":1769622254451}
{"symbol":"TVSMOTOR-EQ","action":"HOLD","stockDirection":"UP","sensexDirection":"NEUTRAL","stockPrice":3423.3,"sensexPrice":128861.47,"lastStockPrice":3252.01,"lastSensexPrice":126857.24,"timestamp":1769622255445}
{"symbol":"TATAPOWER-EQ","action":"HOLD","stockDirection":"DOWN","sensexDirection":"NEUTRAL","stockPrice":251.56,"sensexPrice":128861.47,"lastStockPrice":268.84,"lastSensexPrice":126857.24,"timestamp":1769622255447}
{"symbol":"PFC-EQ","action":"HOLD","stockDirection":"DOWN","sensexDirection":"NEUTRAL","stockPrice":373.7,"sensexPrice":128861.47,"lastStockPrice":397.73,"lastSensexPrice":126857.24,"timestamp":1769622255449}
{"symbol":"PNB-EQ","action":"HOLD","stockDirection":"UP","sensexDirection":"NEUTRAL","stockPrice":167.91,"sensexPrice":128861.47,"lastStockPrice":158.78,"lastSensexPrice":126857.24,"timestamp":1769622255451}
{"symbol":"IRFC-EQ","action":"HOLD","stockDirection":"UP","sensexDirection":"NEUTRAL","stockPrice":127.75,"sensexPrice":128861.47,"lastStockPrice":121.45,"lastSensexPrice":126857.24,"timestamp":1769622255454}
{"symbol":"LODHA-EQ","action":"HOLD","stockDirection":"UP","sensexDirection":"NEUTRAL","stockPrice":1167.57,"sensexPrice":126030.74,"lastStockPrice":1105.2,"lastSensexPrice":126857.24,"timestamp":1769622256455}
{"symbol":"HINDZINC-EQ","action":"HOLD","stockDirection":"UP","sensexDirection":"NEUTRAL","stockPrice":758.92,"sensexPrice":126030.74,"lastStockPrice":721.4,"lastSensexPrice":126857.24,"timestamp":1769622256457}
{"symbol":"CHOLAFIN-EQ","action":"HOLD","stockDirection":"UP","sensexDirection":"NEUTRAL","stockPrice":1321.76,"sensexPrice":128886.18,"lastStockPrice":1251.89,"lastSensexPrice":126857.24,"timestamp":1769622257460}
{"symbol":"INDHOTEL-EQ","action":"HOLD","stockDirection":"UP","sensexDirection":"NEUTRAL","stockPrice":910.65,"sensexPrice":128886.18,"lastStockPrice":861.85,"lastSensexPrice":126857.24,"timestamp":1769622257462}
{"symbol":"SIEMENS-EQ","action":"HOLD","stockDirection":"UP","sensexDirection":"NEUTRAL","stockPrice":2765.03,"sensexPrice":128886.18,"lastStockPrice":2596.91,"lastSensexPrice":126857.24,"timestamp":1769622257465}
{"symbol":"TVSMOTOR-EQ","action":"HOLD","stockDirection":"UP","sensexDirection":"NEUTRAL","stockPrice":3595.24,"sensexPrice":127351.05,"lastStockPrice":3423.3,"lastSensexPrice":126857.24,"timestamp":1769622258467}
{"symbol":"BANKBARODA-EQ","action":"HOLD","stockDirection":"DOWN","sensexDirection":"NEUTRAL","stockPrice":227.99,"sensexPrice":127351.05,"lastStockPrice":242.99,"lastSensexPrice":126857.24,"timestamp":1769622258470}
{"symbol":"ADANIGREEN-EQ","action":"HOLD","stockDirection":"UP","sensexDirection":"NEUTRAL","stockPrice":711.65,"sensexPrice":127351.05,"lastStockPrice":676.19,"lastSensexPrice":126857.24,"timestamp":1769622258474}
{"symbol":"DMART-EQ","action":"HOLD","stockDirection":"UP","sensexDirection":"NEUTRAL","stockPrice":4117.02,"sensexPrice":129081.12,"lastStockPrice":3898.16,"lastSensexPrice":126857.24,"timestamp":1769622259475}
{"symbol":"PFC-EQ","action":"HOLD","stockDirection":"UP","sensexDirection":"NEUTRAL","stockPrice":395.12,"sensexPrice":129081.12,"lastStockPrice":373.7,"lastSensexPrice":126857.24,"timestamp":1769622259477}
{"symbol":"HAL-EQ","action":"HOLD","stockDirection":"DOWN","sensexDirection":"NEUTRAL","stockPrice":5271.31,"sensexPrice":128518.18,"lastStockPrice":5600.43,"lastSensexPrice":126857.24,"timestamp":1769622260486}
{"symbol":"DLF-EQ","action":"HOLD","stockDirection":"UP","sensexDirection":"NEUTRAL","stockPrice":608.18,"sensexPrice":128518.18,"lastStockPrice":578.73,"lastSensexPrice":126857.24,"timestamp":1769622260489}
{"symbol":"ENRIN-EQ","action":"HOLD","stockDirection":"DOWN","sensexDirection":"NEUTRAL","stockPrice":1839.28,"sensexPrice":128518.18,"lastStockPrice":1964.46,"lastSensexPrice":126857.24,"timestamp":1769622260492}
{"symbol":"CANBK-EQ","action":"HOLD","stockDirection":"UP","sensexDirection":"NEUTRAL","stockPrice":152.53,"sensexPrice":127997.46,"lastStockPrice":142.2,"lastSensexPrice":126857.24,"timestamp":1769622261487}
{"symbol":"UNITDSPR-EQ","action":"HOLD","stockDirection":"UP","sensexDirection":"NEUTRAL","stockPrice":1354.16,"sensexPrice":127997.46,"lastStockPrice":1273.78,"lastSensexPrice":126857.24,"timestamp":1769622261490}
{"symbol":"ADANIENSOL-EQ","action":"HOLD","stockDirection":"UP","sensexDirection":"NEUTRAL","stockPrice":1117.86,"sensexPrice":127997.46,"lastStockPrice":1055.72,"lastSensexPrice":126857.24,"timestamp":1769622261492}
{"symbol":"IRFC-EQ","action":"HOLD","stockDirection":"DOWN","sensexDirection":"NEUTRAL","stockPrice":120.96,"sensexPrice":127997.46,"lastStockPrice":127.75,"lastSensexPrice":126857.24,"timestamp":1769622261495}
{"symbol":"BAJAJHFL-EQ","action":"HOLD","stockDirection":"DOWN","sensexDirection":"NEUTRAL","stockPrice":79.57,"sensexPrice":127997.46,"lastStockPrice":84.22,"lastSensexPrice":126857.24,"timestamp":1769622261497}
{"symbol":"DIVISLAB-EQ","action":"HOLD","stockDirection":"UP","sensexDirection":"NEUTRAL","stockPrice":5565.55,"sensexPrice":129112.01,"lastStockPrice":5234.19,"lastSensexPrice":126857.24,"timestamp":1769622262488}
{"symbol":"CHOLAFIN-EQ","action":"HOLD","stockDirection":"UP","sensexDirection":"NEUTRAL","stockPrice":1401.81,"sensexPrice":129112.01,"lastStockPrice":1321.76,"lastSensexPrice":126857.24,"timestamp":1769622262491}
{"symbol":"INDHOTEL-EQ","action":"HOLD","stockDirection":"UP","sensexDirection":"NEUTRAL","stockPrice":978.74,"sensexPrice":129112.01,"lastStockPrice":910.65,"lastSensexPrice":126857.24,"timestamp":1769622262492}
{"symbol":"PIDILITIND-EQ","action":"HOLD","stockDirection":"DOWN","sensexDirection":"NEUTRAL","stockPrice":1367.89,"sensexPrice":129112.01,"lastStockPrice":1472.12,"lastSensexPrice":126857.24,"timestamp":1769622262494}
{"symbol":"GAIL-EQ","action":"HOLD","stockDirection":"UP","sensexDirection":"NEUTRAL","stockPrice":170.12,"sensexPrice":129112.01,"lastStockPrice":161.86,"lastSensexPrice":126857.24,"timestamp":1769622262496}
{"symbol":"VBL-EQ","action":"HOLD","stockDirection":"UP","sensexDirection":"NEUTRAL","stockPrice":416.16,"sensexPrice":126447.8,"lastStockPrice":389.89,"lastSensexPrice":126857.24,"timestamp":1769622263497}
{"symbol":"TATAPOWER-EQ","action":"HOLD","stockDirection":"DOWN","sensexDirection":"NEUTRAL","stockPrice":238.79,"sensexPrice":126447.8,"lastStockPrice":251.56,"lastSensexPrice":126857.24,"timestamp":1769622263499}
{"symbol":"JINDALSTEL-EQ","action":"HOLD","stockDirection":"DOWN","sensexDirection":"NEUTRAL","stockPrice":797.06,"sensexPrice":126447.8,"lastStockPrice":841.91,"lastSensexPrice":126857.24,"timestamp":1769622263502}
{"symbol":"LICI-EQ","action":"HOLD","stockDirection":"DOWN","sensexDirection":"NEUTRAL","stockPrice":580.54,"sensexPrice":126447.8,"lastStockPrice":612.73,"lastSensexPrice":126857.24,"timestamp":1769622263508}
{"symbol":"VEDL-EQ","action":"HOLD","stockDirection":"NEUTRAL","sensexDirection":"DOWN","stockPrice":727.53,"sensexPrice":124183.41,"lastStockPrice":715.16,"lastSensexPrice":126857.24,"timestamp":1769622264498}
{"symbol":"BOSCHLTD-EQ","action":"HOLD","stockDirection":"DOWN","sensexDirection":"NEUTRAL","stockPrice":25572.34,"sensexPrice":124183.41,"lastStockPrice":27072.21,"lastSensexPrice":124183.41,"timestamp":1769622264502}
{"symbol":"NAUKRI-EQ","action":"HOLD","stockDirection":"UP","sensexDirection":"NEUTRAL","stockPrice":1573.76,"sensexPrice":125937.06,"lastStockPrice":1482.61,"lastSensexPrice":124183.41,"timestamp":1769622265512}
{"symbol":"DLF-EQ","action":"HOLD","stockDirection":"DOWN","sensexDirection":"NEUTRAL","stockPrice":573.57,"sensexPrice":125937.06,"lastStockPrice":608.18,"lastSensexPrice":124183.41,"timestamp":1769622265515}
{"symbol":"VEDL-EQ","action":"HOLD","stockDirection":"NEUTRAL","sensexDirection":"UP","stockPrice":723.49,"sensexPrice":127304.69,"lastStockPrice":715.16,"lastSensexPrice":124183.41,"timestamp":1769622266525}
{"symbol":"BRITANNIA-EQ","action":"HOLD","stockDirection":"DOWN","sensexDirection":"NEUTRAL","stockPrice":5633.77,"sensexPrice":127304.69,"lastStockPrice":5987.85,"lastSensexPrice":127304.69,"timestamp":1769622266527}
