{"symbol":"VEDL-EQ","action":"HOLD","stockDirection":"NEUTRAL","sensexDirection":"DOWN","stockPrice":666.12,"sensexPrice":81059.26,"lastStockPrice":682.7,"lastSensexPrice":83570.35,"timestamp":1768645570999}
{"symbol":"DIVISLAB-EQ","action":"HOLD","stockDirection":"UP","sensexDirection":"DOWN","stockPrice":6548.4,"sensexPrice":81059.26,"lastStockPrice":6236,"lastSensexPrice":81059.26,"timestamp":1768645571023}
{"symbol":"TVSMOTOR-EQ","action":"BUY","stockDirection":"DOWN","sensexDirection":"DOWN","stockPrice":3468.31,"sensexPrice":80863.85,"lastStockPrice":3667.8,"lastSensexPrice":81059.26,"timestamp":1768645571629}
{"symbol":"HAL-EQ","action":"HOLD","stockDirection":"UP","sensexDirection":"DOWN","stockPrice":4743.7,"sensexPrice":81762.85,"lastStockPrice":4428.7,"lastSensexPrice":81059.26,"timestamp":1768645571944}
{"symbol":"VEDL-EQ","action":"HOLD","stockDirection":"NEUTRAL","sensexDirection":"UP","stockPrice":702.88,"sensexPrice":83385.71,"lastStockPrice":682.7,"lastSensexPrice":81059.26,"timestamp":1768645572250}
{"symbol":"CHOLAFIN-EQ","action":"SELL","stockDirection":"UP","sensexDirection":"UP","stockPrice":1797.09,"sensexPrice":83385.71,"lastStockPrice":1699.2,"lastSensexPrice":83385.71,"timestamp":1768645572278}
{"symbol":"VEDL-EQ","action":"HOLD","stockDirection":"UP","sensexDirection":"DOWN","stockPrice":717.93,"sensexPrice":81474.58,"lastStockPrice":682.7,"lastSensexPrice":83385.71,"timestamp":1768645572562}
{"symbol":"BRITANNIA-EQ","action":"BUY","stockDirection":"DOWN","sensexDirection":"DOWN","stockPrice":5556.05,"sensexPrice":81474.58,"lastStockPrice":5898.5,"lastSensexPrice":81474.58,"timestamp":1768645572588}
{"symbol":"VBL-EQ","action":"BUY","stockDirection":"DOWN","sensexDirection":"DOWN","stockPrice":469.06,"sensexPrice":81474.58,"lastStockPrice":500.4,"lastSensexPrice":81474.58,"timestamp":1768645572603}
{"symbol":"HAL-EQ","action":"BUY","stockDirection":"DOWN","sensexDirection":"DOWN","stockPrice":4468.38,"sensexPrice":81732.48,"lastStockPrice":4743.7,"lastSensexPrice":81474.58,"timestamp":1768645572890}
{"symbol":"BPCL-EQ","action":"BUY","stockDirection":"DOWN","sensexDirection":"DOWN","stockPrice":339.4,"sensexPrice":81732.48,"lastStockPrice":363.2,"lastSensexPrice":81474.58,"timestamp":1768645572912}
{"symbol":"DIVISLAB-EQ","action":"BUY","stockDirection":"DOWN","sensexDirection":"DOWN","stockPrice":6159.16,"sensexPrice":79113.12,"lastStockPrice":6548.4,"lastSensexPrice":81474.58,"timestamp":1768645574759}
{"symbol":"TATAPOWER-EQ","action":"BUY","stockDirection":"DOWN","sensexDirection":"DOWN","stockPrice":340.48,"sensexPrice":79113.12,"lastStockPrice":366.1,"lastSensexPrice":81474.58,"timestamp":1768645574788}
{"symbol":"TVSMOTOR-EQ","action":"HOLD","stockDirection":"UP","sensexDirection":"DOWN","stockPrice":3703.47,"sensexPrice":78565.05,"lastStockPrice":3468.31,"lastSensexPrice":81474.58,"timestamp":1768645575064}
{"symbol":"BPCL-EQ","action":"HOLD","stockDirection":"UP","sensexDirection":"DOWN","stockPrice":361.9,"sensexPrice":80812.95,"lastStockPrice":339.4,"lastSensexPrice":81474.58,"timestamp":1768645577274}
{"symbol":"BPCL-EQ","action":"BUY","stockDirection":"DOWN","sensexDirection":"DOWN","stockPrice":339.72,"sensexPrice":81248.22,"lastStockPrice":361.9,"lastSensexPrice":81474.58,"timestamp":1768645579468}
{"symbol":"VEDL-EQ","action":"SELL","stockDirection":"UP","sensexDirection":"UP","stockPrice":724.83,"sensexPrice":83173.55,"lastStockPrice":717.93,"lastSensexPrice":81474.58,"timestamp":1768645580064}
{"symbol":"VEDL-EQ","action":"HOLD","stockDirection":"UP","sensexDirection":"DOWN","stockPrice":759.83,"sensexPrice":81494.51,"lastStockPrice":717.93,"lastSensexPrice":83173.55,"timestamp":1768645581005}
{"symbol":"VEDL-EQ","action":"SELL","stockDirection":"UP","sensexDirection":"UP","stockPrice":760.4,"sensexPrice":83902.69,"lastStockPrice":717.93,"lastSensexPrice":81494.51,"timestamp":1768645581630}
{"symbol":"CHOLAFIN-EQ","action":"HOLD","stockDirection":"DOWN","sensexDirection":"UP","stockPrice":1702.65,"sensexPrice":83693.81,"lastStockPrice":1797.09,"lastSensexPrice":83902.69,"timestamp":1768645581947}
{"symbol":"DIVISLAB-EQ","action":"SELL","stockDirection":"UP","sensexDirection":"UP","stockPrice":6551.45,"sensexPrice":85552.9,"lastStockPrice":6159.16,"lastSensexPrice":83902.69,"timestamp":1768645582251}
{"symbol":"HAL-EQ","action":"SELL","stockDirection":"UP","sensexDirection":"UP","stockPrice":4693.19,"sensexPrice":85420.44,"lastStockPrice":4468.38,"lastSensexPrice":83902.69,"timestamp":1768645582875}
{"symbol":"CHOLAFIN-EQ","action":"SELL","stockDirection":"UP","sensexDirection":"UP","stockPrice":1810.55,"sensexPrice":84676.68,"lastStockPrice":1702.65,"lastSensexPrice":83902.69,"timestamp":1768645584108}
{"symbol":"BRITANNIA-EQ","action":"SELL","stockDirection":"UP","sensexDirection":"UP","stockPrice":5856.91,"sensexPrice":87142.29,"lastStockPrice":5556.05,"lastSensexPrice":83902.69,"timestamp":1768645587512}
{"symbol":"VEDL-EQ","action":"HOLD","stockDirection":"UP","sensexDirection":"DOWN","stockPrice":764.24,"sensexPrice":80716.63,"lastStockPrice":717.93,"lastSensexPrice":83902.69,"timestamp":1768645590318}
{"symbol":"VEDL-EQ","action":"SELL","stockDirection":"UP","sensexDirection":"UP","stockPrice":782.39,"sensexPrice":83601.37,"lastStockPrice":717.93,"lastSensexPrice":80716.63,"timestamp":1768645593438}
{"symbol":"VEDL-EQ","action":"HOLD","stockDirection":"UP","sensexDirection":"DOWN","stockPrice":742.56,"sensexPrice":81517.87,"lastStockPrice":717.93,"lastSensexPrice":83601.37,"timestamp":1768645597795}
{"symbol":"VEDL-EQ","action":"SELL","stockDirection":"UP","sensexDirection":"UP","stockPrice":748.11,"sensexPrice":83366.54,"lastStockPrice":717.93,"lastSensexPrice":81517.87,"timestamp":1768645599049}
{"symbol":"VEDL-EQ","action":"HOLD","stockDirection":"UP","sensexDirection":"DOWN","stockPrice":745.91,"sensexPrice":81422.95,"lastStockPrice":717.93,"lastSensexPrice":83366.54,"timestamp":1768645599673}
{"symbol":"VEDL-EQ","action":"SELL","stockDirection":"UP","sensexDirection":"UP","stockPrice":754.47,"sensexPrice":83339.36,"lastStockPrice":717.93,"lastSensexPrice":81422.95,"timestamp":1768645600610}
{"symbol":"VEDL-EQ","action":"HOLD","stockDirection":"UP","sensexDirection":"DOWN","stockPrice":716.76,"sensexPrice":80546.65,"lastStockPrice":717.93,"lastSensexPrice":83339.36,"timestamp":1768645604038}
{"symbol":"BPCL-EQ","action":"HOLD","stockDirection":"UP","sensexDirection":"DOWN","stockPrice":357.23,"sensexPrice":79316.21,"lastStockPrice":339.72,"lastSensexPrice":80546.65,"timestamp":1768645606864}
{"symbol":"BPCL-EQ","action":"BUY","stockDirection":"DOWN","sensexDirection":"DOWN","stockPrice":335.49,"sensexPrice":72392.48,"lastStockPrice":357.23,"lastSensexPrice":80546.65,"timestamp":1768645609039}
{"symbol":"VEDL-EQ","action":"BUY","stockDirection":"DOWN","sensexDirection":"DOWN","stockPrice":671.09,"sensexPrice":73277.47,"lastStockPrice":717.93,"lastSensexPrice":80546.65,"timestamp":1768645611171}
{"symbol":"VEDL-EQ","action":"HOLD","stockDirection":"UP","sensexDirection":"DOWN","stockPrice":705.18,"sensexPrice":68708.6,"lastStockPrice":671.09,"lastSensexPrice":80546.65,"timestamp":1768645612741}
{"symbol":"DIVISLAB-EQ","action":"BUY","stockDirection":"DOWN","sensexDirection":"DOWN","stockPrice":6182.66,"sensexPrice":69095.17,"lastStockPrice":6551.45,"lastSensexPrice":80546.65,"timestamp":1768645624281}
{"symbol":"VEDL-EQ","action":"BUY","stockDirection":"DOWN","sensexDirection":"DOWN","stockPrice":665.59,"sensexPrice":68791.18,"lastStockPrice":705.18,"lastSensexPrice":80546.65,"timestamp":1768645625193}
{"symbol":"DIVISLAB-EQ","action":"HOLD","stockDirection":"UP","sensexDirection":"DOWN","stockPrice":6562.88,"sensexPrice":68172.27,"lastStockPrice":6182.66,"lastSensexPrice":80546.65,"timestamp":1768645626144}
{"symbol":"VEDL-EQ","action":"HOLD","stockDirection":"UP","sensexDirection":"DOWN","stockPrice":707.09,"sensexPrice":70374.49,"lastStockPrice":665.59,"lastSensexPrice":80546.65,"timestamp":1768645627691}
{"symbol":"BPCL-EQ","action":"HOLD","stockDirection":"UP","sensexDirection":"DOWN","stockPrice":354.1,"sensexPrice":74396.8,"lastStockPrice":335.49,"lastSensexPrice":80546.65,"timestamp":1768645633958}
{"symbol":"BRITANNIA-EQ","action":"BUY","stockDirection":"DOWN","sensexDirection":"DOWN","stockPrice":5520.3,"sensexPrice":61805.17,"lastStockPrice":5856.91,"lastSensexPrice":80546.65,"timestamp":1768645651132}
{"symbol":"BRITANNIA-EQ","action":"HOLD","stockDirection":"UP","sensexDirection":"DOWN","stockPrice":5812.25,"sensexPrice":53996.1,"lastStockPrice":5520.3,"lastSensexPrice":80546.65,"timestamp":1768645667034}
{"symbol":"BPCL-EQ","action":"BUY","stockDirection":"DOWN","sensexDirection":"DOWN","stockPrice":335.8,"sensexPrice":50329.68,"lastStockPrice":354.1,"lastSensexPrice":80546.65,"timestamp":1768645670450}
{"symbol":"BPCL-EQ","action":"HOLD","stockDirection":"UP","sensexDirection":"DOWN","stockPrice":354.35,"sensexPrice":48719.19,"lastStockPrice":335.8,"lastSensexPrice":80546.65,"timestamp":1768645675471}
{"symbol":"BRITANNIA-EQ","action":"BUY","stockDirection":"DOWN","sensexDirection":"DOWN","stockPrice":5456.42,"sensexPrice":48785.92,"lastStockPrice":5812.25,"lastSensexPrice":80546.65,"timestamp":1768645676084}
{"symbol":"BPCL-EQ","action":"BUY","stockDirection":"DOWN","sensexDirection":"DOWN","stockPrice":333.71,"sensexPrice":47676.18,"lastStockPrice":354.35,"lastSensexPrice":80546.65,"timestamp":1768645679202}
{"symbol":"DIVISLAB-EQ","action":"BUY","stockDirection":"DOWN","sensexDirection":"DOWN","stockPrice":6232.65,"sensexPrice":46653.51,"lastStockPrice":6562.88,"lastSensexPrice":80546.65,"timestamp":1768645680451}
{"symbol":"BRITANNIA-EQ","action":"HOLD","stockDirection":"UP","sensexDirection":"DOWN","stockPrice":5768.52,"sensexPrice":46820.19,"lastStockPrice":5456.42,"lastSensexPrice":80546.65,"timestamp":1768645681095}
{"symbol":"BPCL-EQ","action":"HOLD","stockDirection":"UP","sensexDirection":"DOWN","stockPrice":351.41,"sensexPrice":47580.72,"lastStockPrice":333.71,"lastSensexPrice":80546.65,"timestamp":1768645681714}
{"symbol":"BRITANNIA-EQ","action":"BUY","stockDirection":"DOWN","sensexDirection":"DOWN","stockPrice":5401.17,"sensexPrice":46118.06,"lastStockPrice":5768.52,"lastSensexPrice":80546.65,"timestamp":1768645682961}
{"symbol":"BPCL-EQ","action":"BUY","stockDirection":"DOWN","sensexDirection":"DOWN","stockPrice":333.59,"sensexPrice":45849.08,"lastStockPrice":351.41,"lastSensexPrice":80546.65,"timestamp":1768645686066}
{"symbol":"BPCL-EQ","action":"HOLD","stockDirection":"UP","sensexDirection":"DOWN","stockPrice":351.5,"sensexPrice":45087.99,"lastStockPrice":333.59,"lastSensexPrice":80546.65,"timestamp":1768645691714}
{"symbol":"BPCL-EQ","action":"BUY","stockDirection":"DOWN","sensexDirection":"DOWN","stockPrice":333.14,"sensexPrice":44003.42,"lastStockPrice":351.5,"lastSensexPrice":80546.65,"timestamp":1768645701366}
{"symbol":"BPCL-EQ","action":"HOLD","stockDirection":"UP","sensexDirection":"DOWN","stockPrice":356.49,"sensexPrice":41930.48,"lastStockPrice":333.14,"lastSensexPrice":80546.65,"timestamp":1768645704485}
{"symbol":"BPCL-EQ","action":"BUY","stockDirection":"DOWN","sensexDirection":"DOWN","stockPrice":334.07,"sensexPrice":47233.87,"lastStockPrice":356.49,"lastSensexPrice":80546.65,"timestamp":1768645726665}
{"symbol":"BPCL-EQ","action":"HOLD","stockDirection":"UP","sensexDirection":"DOWN","stockPrice":354.86,"sensexPrice":48168.3,"lastStockPrice":334.07,"lastSensexPrice":80546.65,"timestamp":1768645732905}
{"symbol":"TVSMOTOR-EQ","action":"BUY","stockDirection":"DOWN","sensexDirection":"DOWN","stockPrice":3505.91,"sensexPrice":48157.22,"lastStockPrice":3703.47,"lastSensexPrice":80546.65,"timestamp":1768645740392}
{"symbol":"BPCL-EQ","action":"BUY","stockDirection":"DOWN","sensexDirection":"DOWN","stockPrice":334.48,"sensexPrice":49521.91,"lastStockPrice":354.86,"lastSensexPrice":80546.65,"timestamp":1768645743230}
{"symbol":"BPCL-EQ","action":"HOLD","stockDirection":"UP","sensexDirection":"DOWN","stockPrice":355.13,"sensexPrice":49303.2,"lastStockPrice":334.48,"lastSensexPrice":80546.65,"timestamp":1768645746665}
{"symbol":"BPCL-EQ","action":"BUY","stockDirection":"DOWN","sensexDirection":"DOWN","stockPrice":335.1,"sensexPrice":47510.92,"lastStockPrice":355.13,"lastSensexPrice":80546.65,"timestamp":1768645747625}
{"symbol":"BPCL-EQ","action":"HOLD","stockDirection":"UP","sensexDirection":"DOWN","stockPrice":354.36,"sensexPrice":45763.22,"lastStockPrice":335.1,"lastSensexPrice":80546.65,"timestamp":1768645750422}
{"symbol":"BRITANNIA-EQ","action":"HOLD","stockDirection":"UP","sensexDirection":"DOWN","stockPrice":5689.48,"sensexPrice":44143.5,"lastStockPrice":5401.17,"lastSensexPrice":80546.65,"timestamp":1768645751659}
{"symbol":"CHOLAFIN-EQ","action":"BUY","stockDirection":"DOWN","sensexDirection":"DOWN","stockPrice":1718.84,"sensexPrice":42965.25,"lastStockPrice":1810.55,"lastSensexPrice":80546.65,"timestamp":1768645780951}
{"symbol":"CHOLAFIN-EQ","action":"HOLD","stockDirection":"UP","sensexDirection":"DOWN","stockPrice":1820.38,"sensexPrice":47050.42,"lastStockPrice":1718.84,"lastSensexPrice":80546.65,"timestamp":1768645789380}
{"symbol":"BRITANNIA-EQ","action":"BUY","stockDirection":"DOWN","sensexDirection":"DOWN","stockPrice":5390.38,"sensexPrice":42114.57,"lastStockPrice":5689.48,"lastSensexPrice":80546.65,"timestamp":1768645799058}
{"symbol":"BRITANNIA-EQ","action":"HOLD","stockDirection":"UP","sensexDirection":"DOWN","stockPrice":5660.86,"sensexPrice":40967.29,"lastStockPrice":5390.38,"lastSensexPrice":80546.65,"timestamp":1768645804697}
{"symbol":"BPCL-EQ","action":"BUY","stockDirection":"DOWN","sensexDirection":"DOWN","stockPrice":334.79,"sensexPrice":39609.34,"lastStockPrice":354.36,"lastSensexPrice":80546.65,"timestamp":1768645813710}
{"symbol":"BPCL-EQ","action":"HOLD","stockDirection":"UP","sensexDirection":"DOWN","stockPrice":357.3,"sensexPrice":40760.75,"lastStockPrice":334.79,"lastSensexPrice":80546.65,"timestamp":1768645823685}
{"symbol":"BPCL-EQ","action":"BUY","stockDirection":"DOWN","sensexDirection":"DOWN","stockPrice":338.65,"sensexPrice":43480.76,"lastStockPrice":357.3,"lastSensexPrice":80546.65,"timestamp":1768645826479}
{"symbol":"BPCL-EQ","action":"HOLD","stockDirection":"UP","sensexDirection":"DOWN","stockPrice":356.5,"sensexPrice":42597.29,"lastStockPrice":338.65,"lastSensexPrice":80546.65,"timestamp":1768645828672}
{"symbol":"BPCL-EQ","action":"BUY","stockDirection":"DOWN","sensexDirection":"DOWN","stockPrice":333.41,"sensexPrice":40609.13,"lastStockPrice":356.5,"lastSensexPrice":80546.65,"timestamp":1768645831499}
{"symbol":"BPCL-EQ","action":"HOLD","stockDirection":"UP","sensexDirection":"DOWN","stockPrice":350.32,"sensexPrice":40150.53,"lastStockPrice":333.41,"lastSensexPrice":80546.65,"timestamp":1768645836473}
{"symbol":"BPCL-EQ","action":"BUY","stockDirection":"DOWN","sensexDirection":"DOWN","stockPrice":331.04,"sensexPrice":41008.04,"lastStockPrice":350.32,"lastSensexPrice":80546.65,"timestamp":1768645839599}
{"symbol":"BPCL-EQ","action":"HOLD","stockDirection":"UP","sensexDirection":"DOWN","stockPrice":348.61,"sensexPrice":37736.11,"lastStockPrice":331.04,"lastSensexPrice":80546.65,"timestamp":1768645847398}
{"symbol":"BRITANNIA-EQ","action":"BUY","stockDirection":"DOWN","sensexDirection":"DOWN","stockPrice":5352.5,"sensexPrice":38401.99,"lastStockPrice":5660.86,"lastSensexPrice":80546.65,"timestamp":1768645854572}
{"symbol":"BPCL-EQ","action":"BUY","stockDirection":"DOWN","sensexDirection":"DOWN","stockPrice":329.4,"sensexPrice":35938.1,"lastStockPrice":348.61,"lastSensexPrice":80546.65,"timestamp":1768645881423}
{"symbol":"TVSMOTOR-EQ","action":"HOLD","stockDirection":"UP","sensexDirection":"DOWN","stockPrice":3741.39,"sensexPrice":35786.64,"lastStockPrice":3505.91,"lastSensexPrice":80546.65,"timestamp":1768645887659}
{"symbol":"TVSMOTOR-EQ","action":"BUY","stockDirection":"DOWN","sensexDirection":"DOWN","stockPrice":3515.95,"sensexPrice":37983.98,"lastStockPrice":3741.39,"lastSensexPrice":80546.65,"timestamp":1768645894234}
{"symbol":"VEDL-EQ","action":"HOLD","stockDirection":"NEUTRAL","sensexDirection":"UP","stockPrice":702.5,"sensexPrice":85988.92,"lastStockPrice":682.7,"lastSensexPrice":83570.35,"timestamp":1768647085829}
{"symbol":"TVSMOTOR-EQ","action":"SELL","stockDirection":"UP","sensexDirection":"UP","stockPrice":3865.86,"sensexPrice":85988.92,"lastStockPrice":3667.8,"lastSensexPrice":85988.92,"timestamp":1768647085841}
{"symbol":"HAL-EQ","action":"SELL","stockDirection":"UP","sensexDirection":"UP","stockPrice":4678.89,"sensexPrice":84370.89,"lastStockPrice":4428.7,"lastSensexPrice":85988.92,"timestamp":1768647086759}
{"symbol":"CHOLAFIN-EQ","action":"SELL","stockDirection":"UP","sensexDirection":"UP","stockPrice":1791.08,"sensexPrice":84370.89,"lastStockPrice":1699.2,"lastSensexPrice":85988.92,"timestamp":1768647086763}
{"symbol":"DIVISLAB-EQ","action":"HOLD","stockDirection":"DOWN","sensexDirection":"UP","stockPrice":5870.93,"sensexPrice":84684.85,"lastStockPrice":6236,"lastSensexPrice":85988.92,"timestamp":1768647087074}
{"symbol":"BRITANNIA-EQ","action":"SELL","stockDirection":"UP","sensexDirection":"UP","stockPrice":6209.84,"sensexPrice":84632.71,"lastStockPrice":5898.5,"lastSensexPrice":85988.92,"timestamp":1768647087389}
{"symbol":"BPCL-EQ","action":"HOLD","stockDirection":"DOWN","sensexDirection":"UP","stockPrice":343.08,"sensexPrice":84632.71,"lastStockPrice":363.2,"lastSensexPrice":85988.92,"timestamp":1768647087391}
{"symbol":"TVSMOTOR-EQ","action":"HOLD","stockDirection":"DOWN","sensexDirection":"UP","stockPrice":3652.12,"sensexPrice":88445,"lastStockPrice":3865.86,"lastSensexPrice":85988.92,"timestamp":1768647088364}
{"symbol":"VEDL-EQ","action":"SELL","stockDirection":"UP","sensexDirection":"UP","stockPrice":717.36,"sensexPrice":90379.07,"lastStockPrice":682.7,"lastSensexPrice":85988.92,"timestamp":1768647088675}
{"symbol":"TATAPOWER-EQ","action":"SELL","stockDirection":"UP","sensexDirection":"UP","stockPrice":388.8,"sensexPrice":88437.35,"lastStockPrice":366.1,"lastSensexPrice":85988.92,"timestamp":1768647089617}
{"symbol":"VBL-EQ","action":"SELL","stockDirection":"UP","sensexDirection":"UP","stockPrice":532.06,"sensexPrice":87936.14,"lastStockPrice":500.4,"lastSensexPrice":85988.92,"timestamp":1768647090572}
{"symbol":"TATAPOWER-EQ","action":"HOLD","stockDirection":"DOWN","sensexDirection":"UP","stockPrice":368.8,"sensexPrice":87710.18,"lastStockPrice":388.8,"lastSensexPrice":85988.92,"timestamp":1768647091181}
{"symbol":"VBL-EQ","action":"HOLD","stockDirection":"DOWN","sensexDirection":"UP","stockPrice":505,"sensexPrice":84907.96,"lastStockPrice":532.06,"lastSensexPrice":85988.92,"timestamp":1768647092745}
{"symbol":"VEDL-EQ","action":"HOLD","stockDirection":"UP","sensexDirection":"DOWN","stockPrice":730.75,"sensexPrice":83760.24,"lastStockPrice":717.36,"lastSensexPrice":85988.92,"timestamp":1768647093051}
{"symbol":"VEDL-EQ","action":"SELL","stockDirection":"UP","sensexDirection":"UP","stockPrice":724.16,"sensexPrice":86156.42,"lastStockPrice":717.36,"lastSensexPrice":83760.24,"timestamp":1768647093678}
{"symbol":"BPCL-EQ","action":"SELL","stockDirection":"UP","sensexDirection":"UP","stockPrice":361.06,"sensexPrice":86156.42,"lastStockPrice":343.08,"lastSensexPrice":86156.42,"timestamp":1768647093687}
{"symbol":"VEDL-EQ","action":"HOLD","stockDirection":"UP","sensexDirection":"DOWN","stockPrice":751.26,"sensexPrice":84006.44,"lastStockPrice":717.36,"lastSensexPrice":86156.42,"timestamp":1768647094294}
{"symbol":"BPCL-EQ","action":"BUY","stockDirection":"DOWN","sensexDirection":"DOWN","stockPrice":341.74,"sensexPrice":80231.23,"lastStockPrice":361.06,"lastSensexPrice":84006.44,"timestamp":1768647096165}
{"symbol":"VBL-EQ","action":"HOLD","stockDirection":"UP","sensexDirection":"DOWN","stockPrice":531.74,"sensexPrice":78949.71,"lastStockPrice":505,"lastSensexPrice":84006.44,"timestamp":1768647099901}
{"symbol":"BRITANNIA-EQ","action":"BUY","stockDirection":"DOWN","sensexDirection":"DOWN","stockPrice":5884.09,"sensexPrice":79976.83,"lastStockPrice":6209.84,"lastSensexPrice":84006.44,"timestamp":1768647102052}
{"symbol":"CHOLAFIN-EQ","action":"BUY","stockDirection":"DOWN","sensexDirection":"DOWN","stockPrice":1676.85,"sensexPrice":78656.72,"lastStockPrice":1791.08,"lastSensexPrice":84006.44,"timestamp":1768647102365}
{"symbol":"BRITANNIA-EQ","action":"HOLD","stockDirection":"UP","sensexDirection":"DOWN","stockPrice":6228.32,"sensexPrice":79916.49,"lastStockPrice":5884.09,"lastSensexPrice":84006.44,"timestamp":1768647104234}
{"symbol":"BRITANNIA-EQ","action":"BUY","stockDirection":"DOWN","sensexDirection":"DOWN","stockPrice":5850.78,"sensexPrice":79982.85,"lastStockPrice":6228.32,"lastSensexPrice":84006.44,"timestamp":1768647106712}
{"symbol":"BPCL-EQ","action":"HOLD","stockDirection":"UP","sensexDirection":"DOWN","stockPrice":360.76,"sensexPrice":77525.74,"lastStockPrice":341.74,"lastSensexPrice":84006.44,"timestamp":1768647110151}
{"symbol":"BRITANNIA-EQ","action":"HOLD","stockDirection":"UP","sensexDirection":"DOWN","stockPrice":6194.21,"sensexPrice":78944.19,"lastStockPrice":5850.78,"lastSensexPrice":84006.44,"timestamp":1768647110457}
{"symbol":"BPCL-EQ","action":"BUY","stockDirection":"DOWN","sensexDirection":"DOWN","stockPrice":341.28,"sensexPrice":75438.9,"lastStockPrice":360.76,"lastSensexPrice":84006.44,"timestamp":1768647111387}
{"symbol":"BRITANNIA-EQ","action":"BUY","stockDirection":"DOWN","sensexDirection":"DOWN","stockPrice":5810.37,"sensexPrice":75456.57,"lastStockPrice":6194.21,"lastSensexPrice":84006.44,"timestamp":1768647116069}
{"symbol":"TVSMOTOR-EQ","action":"HOLD","stockDirection":"DOWN","sensexDirection":"NEUTRAL","stockPrice":3468.74,"sensexPrice":82038.99,"lastStockPrice":3667.8,"lastSensexPrice":83570.35,"timestamp":1768672030667}
{"symbol":"VEDL-EQ","action":"HOLD","stockDirection":"NEUTRAL","sensexDirection":"DOWN","stockPrice":665.87,"sensexPrice":80027.78,"lastStockPrice":682.7,"lastSensexPrice":83570.35,"timestamp":1768672030977}
{"symbol":"VBL-EQ","action":"HOLD","stockDirection":"UP","sensexDirection":"DOWN","stockPrice":529.77,"sensexPrice":75021.27,"lastStockPrice":500.4,"lastSensexPrice":80027.78,"timestamp":1768672032600}
{"symbol":"HAL-EQ","action":"HOLD","stockDirection":"UP","sensexDirection":"DOWN","stockPrice":4709.86,"sensexPrice":75700.44,"lastStockPrice":4428.7,"lastSensexPrice":80027.78,"timestamp":1768672032842}
{"symbol":"DIVISLAB-EQ","action":"HOLD","stockDirection":"UP","sensexDirection":"DOWN","stockPrice":6565.55,"sensexPrice":74698.63,"lastStockPrice":6236,"lastSensexPrice":80027.78,"timestamp":1768672033158}
{"symbol":"BRITANNIA-EQ","action":"BUY","stockDirection":"DOWN","sensexDirection":"DOWN","stockPrice":5541.75,"sensexPrice":75676.81,"lastStockPrice":5898.5,"lastSensexPrice":80027.78,"timestamp":1768672033475}
{"symbol":"CHOLAFIN-EQ","action":"HOLD","stockDirection":"UP","sensexDirection":"DOWN","stockPrice":1787.35,"sensexPrice":72971.85,"lastStockPrice":1699.2,"lastSensexPrice":80027.78,"timestamp":1768672034690}
{"symbol":"HAL-EQ","action":"BUY","stockDirection":"DOWN","sensexDirection":"DOWN","stockPrice":4472.21,"sensexPrice":75484.77,"lastStockPrice":4709.86,"lastSensexPrice":80027.78,"timestamp":1768672037150}
{"symbol":"DIVISLAB-EQ","action":"BUY","stockDirection":"DOWN","sensexDirection":"DOWN","stockPrice":6187.96,"sensexPrice":76397.25,"lastStockPrice":6565.55,"lastSensexPrice":80027.78,"timestamp":1768672037466}
{"symbol":"DIVISLAB-EQ","action":"HOLD","stockDirection":"UP","sensexDirection":"DOWN","stockPrice":6561.21,"sensexPrice":78564.34,"lastStockPrice":6187.96,"lastSensexPrice":80027.78,"timestamp":1768672039940}
{"symbol":"VEDL-EQ","action":"HOLD","stockDirection":"UP","sensexDirection":"DOWN","stockPrice":725.34,"sensexPrice":77737.62,"lastStockPrice":682.7,"lastSensexPrice":80027.78,"timestamp":1768672040249}
{"symbol":"BRITANNIA-EQ","action":"HOLD","stockDirection":"UP","sensexDirection":"DOWN","stockPrice":5928.21,"sensexPrice":79171.44,"lastStockPrice":5541.75,"lastSensexPrice":80027.78,"timestamp":1768672040558}
{"symbol":"BPCL-EQ","action":"HOLD","stockDirection":"UP","sensexDirection":"DOWN","stockPrice":384.09,"sensexPrice":81182.47,"lastStockPrice":363.2,"lastSensexPrice":80027.78,"timestamp":1768672043021}
{"symbol":"VEDL-EQ","action":"SELL","stockDirection":"UP","sensexDirection":"UP","stockPrice":713.81,"sensexPrice":82017.79,"lastStockPrice":725.34,"lastSensexPrice":80027.78,"timestamp":1768672043642}
{"symbol":"VEDL-EQ","action":"HOLD","stockDirection":"UP","sensexDirection":"DOWN","stockPrice":715.37,"sensexPrice":80097.64,"lastStockPrice":725.34,"lastSensexPrice":82017.79,"timestamp":1768672043955}
{"symbol":"VEDL-EQ","action":"SELL","stockDirection":"UP","sensexDirection":"UP","stockPrice":724.92,"sensexPrice":81756.3,"lastStockPrice":725.34,"lastSensexPrice":80097.64,"timestamp":1768672044585}
{"symbol":"VEDL-EQ","action":"HOLD","stockDirection":"UP","sensexDirection":"DOWN","stockPrice":725.76,"sensexPrice":80068.55,"lastStockPrice":725.34,"lastSensexPrice":81756.3,"timestamp":1768672044885}
{"symbol":"VEDL-EQ","action":"SELL","stockDirection":"UP","sensexDirection":"UP","stockPrice":720.37,"sensexPrice":81744.9,"lastStockPrice":725.34,"lastSensexPrice":80068.55,"timestamp":1768672045806}
{"symbol":"TATAPOWER-EQ","action":"HOLD","stockDirection":"DOWN","sensexDirection":"UP","stockPrice":344.22,"sensexPrice":83378.39,"lastStockPrice":366.1,"lastSensexPrice":81744.9,"timestamp":1768672046131}
{"symbol":"DIVISLAB-EQ","action":"HOLD","stockDirection":"DOWN","sensexDirection":"UP","stockPrice":6207.47,"sensexPrice":85104.19,"lastStockPrice":6561.21,"lastSensexPrice":81744.9,"timestamp":1768672052332}
{"symbol":"DIVISLAB-EQ","action":"SELL","stockDirection":"UP","sensexDirection":"UP","stockPrice":6547.57,"sensexPrice":87536.72,"lastStockPrice":6207.47,"lastSensexPrice":81744.9,"timestamp":1768672058850}
{"symbol":"DIVISLAB-EQ","action":"HOLD","stockDirection":"DOWN","sensexDirection":"UP","stockPrice":6145.3,"sensexPrice":86060.32,"lastStockPrice":6547.57,"lastSensexPrice":81744.9,"timestamp":1768672061647}
{"symbol":"HAL-EQ","action":"SELL","stockDirection":"UP","sensexDirection":"UP","stockPrice":4701.79,"sensexPrice":83681.5,"lastStockPrice":4472.21,"lastSensexPrice":81744.9,"timestamp":1768672064434}
{"symbol":"HAL-EQ","action":"HOLD","stockDirection":"DOWN","sensexDirection":"UP","stockPrice":4391.73,"sensexPrice":90174.34,"lastStockPrice":4701.79,"lastSensexPrice":81744.9,"timestamp":1768672087505}
{"symbol":"VEDL-EQ","action":"HOLD","stockDirection":"DOWN","sensexDirection":"UP","stockPrice":678.04,"sensexPrice":84470.25,"lastStockPrice":725.34,"lastSensexPrice":81744.9,"timestamp":1768672094330}
{"symbol":"VEDL-EQ","action":"BUY","stockDirection":"DOWN","sensexDirection":"DOWN","stockPrice":705.88,"sensexPrice":79847.11,"lastStockPrice":678.04,"lastSensexPrice":81744.9,"timestamp":1768672099568}
{"symbol":"VEDL-EQ","action":"HOLD","stockDirection":"DOWN","sensexDirection":"UP","stockPrice":699.84,"sensexPrice":81827.6,"lastStockPrice":678.04,"lastSensexPrice":79847.11,"timestamp":1768672099880}
{"symbol":"HAL-EQ","action":"SELL","stockDirection":"UP","sensexDirection":"UP","stockPrice":4664.09,"sensexPrice":81827.6,"lastStockPrice":4391.73,"lastSensexPrice":81827.6,"timestamp":1768672099884}
{"symbol":"VEDL-EQ","action":"SELL","stockDirection":"UP","sensexDirection":"UP","stockPrice":717.22,"sensexPrice":82558.36,"lastStockPrice":678.04,"lastSensexPrice":81827.6,"timestamp":1768672100193}
{"symbol":"HAL-EQ","action":"HOLD","stockDirection":"DOWN","sensexDirection":"UP","stockPrice":4383.84,"sensexPrice":87236.68,"lastStockPrice":4664.09,"lastSensexPrice":81827.6,"timestamp":1768672104568}
{"symbol":"VEDL-EQ","action":"HOLD","stockDirection":"UP","sensexDirection":"DOWN","stockPrice":757.31,"sensexPrice":79688.83,"lastStockPrice":717.22,"lastSensexPrice":81827.6,"timestamp":1768672109530}
{"symbol":"VEDL-EQ","action":"SELL","stockDirection":"UP","sensexDirection":"UP","stockPrice":769.82,"sensexPrice":82128.67,"lastStockPrice":717.22,"lastSensexPrice":79688.83,"timestamp":1768672110157}
{"symbol":"TATAPOWER-EQ","action":"SELL","stockDirection":"UP","sensexDirection":"UP","stockPrice":364.11,"sensexPrice":90084.72,"lastStockPrice":344.22,"lastSensexPrice":82128.67,"timestamp":1768672117011}
{"symbol":"TATAPOWER-EQ","action":"HOLD","stockDirection":"DOWN","sensexDirection":"UP","stockPrice":342.78,"sensexPrice":87027.79,"lastStockPrice":364.11,"lastSensexPrice":82128.67,"timestamp":1768672121626}
{"symbol":"VBL-EQ","action":"HOLD","stockDirection":"DOWN","sensexDirection":"UP","stockPrice":498.65,"sensexPrice":86730.5,"lastStockPrice":529.77,"lastSensexPrice":82128.67,"timestamp":1768672143604}
{"symbol":"CHOLAFIN-EQ","action":"HOLD","stockDirection":"DOWN","sensexDirection":"UP","stockPrice":1695.07,"sensexPrice":85686.65,"lastStockPrice":1787.35,"lastSensexPrice":82128.67,"timestamp":1768672146671}
{"symbol":"VBL-EQ","action":"SELL","stockDirection":"UP","sensexDirection":"UP","stockPrice":530.9,"sensexPrice":85870.01,"lastStockPrice":498.65,"lastSensexPrice":82128.67,"timestamp":1768672146987}
{"symbol":"VEDL-EQ","action":"HOLD","stockDirection":"UP","sensexDirection":"DOWN","stockPrice":1210.11,"sensexPrice":79676.05,"lastStockPrice":717.22,"lastSensexPrice":82128.67,"timestamp":1768672182924}
{"symbol":"VEDL-EQ","action":"SELL","stockDirection":"UP","sensexDirection":"UP","stockPrice":1196.57,"sensexPrice":81305.89,"lastStockPrice":717.22,"lastSensexPrice":79676.05,"timestamp":1768672190020}
{"symbol":"VEDL-EQ","action":"HOLD","stockDirection":"UP","sensexDirection":"DOWN","stockPrice":1204.96,"sensexPrice":79593.37,"lastStockPrice":717.22,"lastSensexPrice":81305.89,"timestamp":1768672191555}
{"symbol":"VEDL-EQ","action":"SELL","stockDirection":"UP","sensexDirection":"UP","stockPrice":1237.04,"sensexPrice":81226.44,"lastStockPrice":717.22,"lastSensexPrice":79593.37,"timestamp":1768672192785}
{"symbol":"HAL-EQ","action":"SELL","stockDirection":"UP","sensexDirection":"UP","stockPrice":4642.33,"sensexPrice":79999.72,"lastStockPrice":4383.84,"lastSensexPrice":81226.44,"timestamp":1768672204447}
{"symbol":"VEDL-EQ","action":"HOLD","stockDirection":"UP","sensexDirection":"DOWN","stockPrice":1019.61,"sensexPrice":79180.96,"lastStockPrice":717.22,"lastSensexPrice":81226.44,"timestamp":1768672207559}
{"symbol":"TVSMOTOR-EQ","action":"HOLD","stockDirection":"UP","sensexDirection":"DOWN","stockPrice":3653.19,"sensexPrice":77839.72,"lastStockPrice":3468.74,"lastSensexPrice":79180.96,"timestamp":1768672211583}
{"symbol":"VEDL-EQ","action":"SELL","stockDirection":"UP","sensexDirection":"UP","stockPrice":919.49,"sensexPrice":81154.65,"lastStockPrice":717.22,"lastSensexPrice":79180.96,"timestamp":1768672213746}
{"symbol":"TVSMOTOR-EQ","action":"HOLD","stockDirection":"DOWN","sensexDirection":"UP","stockPrice":3458.44,"sensexPrice":80483.38,"lastStockPrice":3653.19,"lastSensexPrice":81154.65,"timestamp":1768672214060}
{"symbol":"TVSMOTOR-EQ","action":"SELL","stockDirection":"UP","sensexDirection":"UP","stockPrice":3706.15,"sensexPrice":82158.92,"lastStockPrice":3458.44,"lastSensexPrice":81154.65,"timestamp":1768672223665}
{"symbol":"HAL-EQ","action":"HOLD","stockDirection":"DOWN","sensexDirection":"UP","stockPrice":4393.84,"sensexPrice":80803.17,"lastStockPrice":4642.33,"lastSensexPrice":81154.65,"timestamp":1768672224898}
{"symbol":"TVSMOTOR-EQ","action":"HOLD","stockDirection":"DOWN","sensexDirection":"UP","stockPrice":3508.28,"sensexPrice":83762.02,"lastStockPrice":3706.15,"lastSensexPrice":81154.65,"timestamp":1768672227368}
{"symbol":"TVSMOTOR-EQ","action":"SELL","stockDirection":"UP","sensexDirection":"UP","stockPrice":3686.92,"sensexPrice":87393.08,"lastStockPrice":3508.28,"lastSensexPrice":81154.65,"timestamp":1768672232333}
{"symbol":"TVSMOTOR-EQ","action":"HOLD","stockDirection":"DOWN","sensexDirection":"UP","stockPrice":3472.78,"sensexPrice":93424.83,"lastStockPrice":3686.92,"lastSensexPrice":81154.65,"timestamp":1768672233885}
{"symbol":"VEDL-EQ","action":"HOLD","stockDirection":"DOWN","sensexDirection":"UP","stockPrice":678.71,"sensexPrice":83349.36,"lastStockPrice":717.22,"lastSensexPrice":81154.65,"timestamp":1768672247502}
{"symbol":"VEDL-EQ","action":"BUY","stockDirection":"DOWN","sensexDirection":"DOWN","stockPrice":700.92,"sensexPrice":78955.15,"lastStockPrice":678.71,"lastSensexPrice":81154.65,"timestamp":1768672252802}
{"symbol":"VEDL-EQ","action":"HOLD","stockDirection":"UP","sensexDirection":"DOWN","stockPrice":716.24,"sensexPrice":78994.47,"lastStockPrice":678.71,"lastSensexPrice":78955.15,"timestamp":1768672255257}
{"symbol":"TATAPOWER-EQ","action":"HOLD","stockDirection":"UP","sensexDirection":"DOWN","stockPrice":362.14,"sensexPrice":70461.15,"lastStockPrice":342.78,"lastSensexPrice":78955.15,"timestamp":1768672261726}
{"symbol":"TATAPOWER-EQ","action":"BUY","stockDirection":"DOWN","sensexDirection":"DOWN","stockPrice":343.93,"sensexPrice":67427,"lastStockPrice":362.14,"lastSensexPrice":78955.15,"timestamp":1768672265764}
{"symbol":"TVSMOTOR-EQ","action":"HOLD","stockDirection":"UP","sensexDirection":"DOWN","stockPrice":3672.52,"sensexPrice":66007.04,"lastStockPrice":3472.78,"lastSensexPrice":78955.15,"timestamp":1768672266384}
{"symbol":"TATAPOWER-EQ","action":"HOLD","stockDirection":"UP","sensexDirection":"DOWN","stockPrice":363.59,"sensexPrice":67876.85,"lastStockPrice":343.93,"lastSensexPrice":78955.15,"timestamp":1768672267323}
{"symbol":"VEDL-EQ","action":"SELL","stockDirection":"UP","sensexDirection":"UP","stockPrice":802.59,"sensexPrice":80620.03,"lastStockPrice":716.24,"lastSensexPrice":78955.15,"timestamp":1768672276672}
{"symbol":"VEDL-EQ","action":"HOLD","stockDirection":"UP","sensexDirection":"DOWN","stockPrice":796.03,"sensexPrice":77857.86,"lastStockPrice":716.24,"lastSensexPrice":80620.03,"timestamp":1768672277299}
{"symbol":"TATAPOWER-EQ","action":"BUY","stockDirection":"DOWN","sensexDirection":"DOWN","stockPrice":339.33,"sensexPrice":74522.51,"lastStockPrice":363.59,"lastSensexPrice":77857.86,"timestamp":1768672280456}
{"symbol":"TVSMOTOR-EQ","action":"BUY","stockDirection":"DOWN","sensexDirection":"DOWN","stockPrice":3479.77,"sensexPrice":70777.14,"lastStockPrice":3672.52,"lastSensexPrice":77857.86,"timestamp":1768672283238}
{"symbol":"BRITANNIA-EQ","action":"BUY","stockDirection":"DOWN","sensexDirection":"DOWN","stockPrice":5616.07,"sensexPrice":71087.54,"lastStockPrice":5928.21,"lastSensexPrice":77857.86,"timestamp":1768672284800}
{"symbol":"BRITANNIA-EQ","action":"HOLD","stockDirection":"UP","sensexDirection":"DOWN","stockPrice":5940.28,"sensexPrice":60841.41,"lastStockPrice":5616.07,"lastSensexPrice":77857.86,"timestamp":1768672293521}
{"symbol":"BRITANNIA-EQ","action":"BUY","stockDirection":"DOWN","sensexDirection":"DOWN","stockPrice":5630.65,"sensexPrice":56995.19,"lastStockPrice":5940.28,"lastSensexPrice":77857.86,"timestamp":1768672302581}
{"symbol":"VEDL-EQ","action":"BUY","stockDirection":"DOWN","sensexDirection":"DOWN","stockPrice":666.32,"sensexPrice":57787.74,"lastStockPrice":716.24,"lastSensexPrice":77857.86,"timestamp":1768672302885}
{"symbol":"HAL-EQ","action":"HOLD","stockDirection":"UP","sensexDirection":"DOWN","stockPrice":4687.96,"sensexPrice":58464.09,"lastStockPrice":4393.84,"lastSensexPrice":77857.86,"timestamp":1768672305064}
{"symbol":"BRITANNIA-EQ","action":"HOLD","stockDirection":"UP","sensexDirection":"DOWN","stockPrice":5915.31,"sensexPrice":57265.99,"lastStockPrice":5630.65,"lastSensexPrice":77857.86,"timestamp":1768672305980}
{"symbol":"VEDL-EQ","action":"HOLD","stockDirection":"UP","sensexDirection":"DOWN","stockPrice":700.22,"sensexPrice":69992.27,"lastStockPrice":666.32,"lastSensexPrice":77857.86,"timestamp":1768672333481}
{"symbol":"VEDL-EQ","action":"BUY","stockDirection":"DOWN","sensexDirection":"DOWN","stockPrice":659.07,"sensexPrice":68461.32,"lastStockPrice":700.22,"lastSensexPrice":77857.86,"timestamp":1768672336831}
{"symbol":"VEDL-EQ","action":"HOLD","stockDirection":"UP","sensexDirection":"DOWN","stockPrice":692.68,"sensexPrice":46444.88,"lastStockPrice":659.07,"lastSensexPrice":77857.86,"timestamp":1768672377364}
{"symbol":"TATAPOWER-EQ","action":"HOLD","stockDirection":"UP","sensexDirection":"DOWN","stockPrice":356.61,"sensexPrice":45427.16,"lastStockPrice":339.33,"lastSensexPrice":77857.86,"timestamp":1768672378630}
{"symbol":"BRITANNIA-EQ","action":"BUY","stockDirection":"DOWN","sensexDirection":"DOWN","stockPrice":5599.97,"sensexPrice":41589.57,"lastStockPrice":5915.31,"lastSensexPrice":77857.86,"timestamp":1768672399034}
{"symbol":"BRITANNIA-EQ","action":"HOLD","stockDirection":"UP","sensexDirection":"DOWN","stockPrice":5948.12,"sensexPrice":41987.95,"lastStockPrice":5599.97,"lastSensexPrice":77857.86,"timestamp":1768672399951}
{"symbol":"VEDL-EQ","action":"BUY","stockDirection":"DOWN","sensexDirection":"DOWN","stockPrice":645.4,"sensexPrice":40887.36,"lastStockPrice":692.68,"lastSensexPrice":77857.86,"timestamp":1768672416710}
{"symbol":"VEDL-EQ","action":"HOLD","stockDirection":"UP","sensexDirection":"DOWN","stockPrice":679.94,"sensexPrice":42105.03,"lastStockPrice":645.4,"lastSensexPrice":77857.86,"timestamp":1768672422938}
{"symbol":"VEDL-EQ","action":"BUY","stockDirection":"DOWN","sensexDirection":"DOWN","stockPrice":644.72,"sensexPrice":44908.7,"lastStockPrice":679.94,"lastSensexPrice":77857.86,"timestamp":1768672427002}
{"symbol":"VEDL-EQ","action":"HOLD","stockDirection":"UP","sensexDirection":"DOWN","stockPrice":679.6,"sensexPrice":44351.06,"lastStockPrice":644.72,"lastSensexPrice":77857.86,"timestamp":1768672429453}
{"symbol":"VEDL-EQ","action":"BUY","stockDirection":"DOWN","sensexDirection":"DOWN","stockPrice":641.8,"sensexPrice":43465.85,"lastStockPrice":679.6,"lastSensexPrice":77857.86,"timestamp":1768672433821}
{"symbol":"TATAPOWER-EQ","action":"BUY","stockDirection":"DOWN","sensexDirection":"DOWN","stockPrice":338.46,"sensexPrice":45482.16,"lastStockPrice":356.61,"lastSensexPrice":77857.86,"timestamp":1768672448424}
{"symbol":"HAL-EQ","action":"BUY","stockDirection":"DOWN","sensexDirection":"DOWN","stockPrice":4369.14,"sensexPrice":48253.33,"lastStockPrice":4687.96,"lastSensexPrice":77857.86,"timestamp":1768672453998}
{"symbol":"TATAPOWER-EQ","action":"HOLD","stockDirection":"UP","sensexDirection":"DOWN","stockPrice":359.94,"sensexPrice":48142.44,"lastStockPrice":338.46,"lastSensexPrice":77857.86,"timestamp":1768672457118}
{"symbol":"TATAPOWER-EQ","action":"BUY","stockDirection":"DOWN","sensexDirection":"DOWN","stockPrice":338.11,"sensexPrice":48146.23,"lastStockPrice":359.94,"lastSensexPrice":77857.86,"timestamp":1768672458990}
{"symbol":"TATAPOWER-EQ","action":"HOLD","stockDirection":"UP","sensexDirection":"DOWN","stockPrice":357.31,"sensexPrice":48499.16,"lastStockPrice":338.11,"lastSensexPrice":77857.86,"timestamp":1768672460230}
{"symbol":"BRITANNIA-EQ","action":"BUY","stockDirection":"DOWN","sensexDirection":"DOWN","stockPrice":5640.7,"sensexPrice":51069.88,"lastStockPrice":5948.12,"lastSensexPrice":77857.86,"timestamp":1768672471434}
{"symbol":"BRITANNIA-EQ","action":"HOLD","stockDirection":"UP","sensexDirection":"DOWN","stockPrice":5965.4,"sensexPrice":51859.42,"lastStockPrice":5640.7,"lastSensexPrice":77857.86,"timestamp":1768672472676}
{"symbol":"BRITANNIA-EQ","action":"BUY","stockDirection":"DOWN","sensexDirection":"DOWN","stockPrice":5652.58,"sensexPrice":51452.26,"lastStockPrice":5965.4,"lastSensexPrice":77857.86,"timestamp":1768672473617}
{"symbol":"TATAPOWER-EQ","action":"BUY","stockDirection":"DOWN","sensexDirection":"DOWN","stockPrice":336.37,"sensexPrice":57568.29,"lastStockPrice":357.31,"lastSensexPrice":77857.86,"timestamp":1768672504730}
{"symbol":"CHOLAFIN-EQ","action":"HOLD","stockDirection":"UP","sensexDirection":"DOWN","stockPrice":1791.94,"sensexPrice":59520.51,"lastStockPrice":1695.07,"lastSensexPrice":77857.86,"timestamp":1768672518060}
{"symbol":"TATAPOWER-EQ","action":"HOLD","stockDirection":"UP","sensexDirection":"DOWN","stockPrice":354.1,"sensexPrice":73804.96,"lastStockPrice":336.37,"lastSensexPrice":77857.86,"timestamp":1768672554491}
{"symbol":"CHOLAFIN-EQ","action":"BUY","stockDirection":"DOWN","sensexDirection":"DOWN","stockPrice":1698.79,"sensexPrice":74551.85,"lastStockPrice":1791.94,"lastSensexPrice":77857.86,"timestamp":1768672556984}
{"symbol":"VEDL-EQ","action":"HOLD","stockDirection":"DOWN","sensexDirection":"UP","stockPrice":513.06,"sensexPrice":79423.11,"lastStockPrice":641.8,"lastSensexPrice":77857.86,"timestamp":1768672558844}
{"symbol":"TATAPOWER-EQ","action":"HOLD","stockDirection":"DOWN","sensexDirection":"UP","stockPrice":336.06,"sensexPrice":79397.52,"lastStockPrice":354.1,"lastSensexPrice":79423.11,"timestamp":1768672559154}
{"symbol":"VEDL-EQ","action":"BUY","stockDirection":"DOWN","sensexDirection":"DOWN","stockPrice":484.51,"sensexPrice":77804.99,"lastStockPrice":641.8,"lastSensexPrice":79423.11,"timestamp":1768672560997}
{"symbol":"VEDL-EQ","action":"HOLD","stockDirection":"DOWN","sensexDirection":"UP","stockPrice":464.63,"sensexPrice":79752.16,"lastStockPrice":641.8,"lastSensexPrice":77804.99,"timestamp":1768672564417}
{"symbol":"VEDL-EQ","action":"BUY","stockDirection":"DOWN","sensexDirection":"DOWN","stockPrice":461.68,"sensexPrice":78088.28,"lastStockPrice":641.8,"lastSensexPrice":79752.16,"timestamp":1768672566592}
{"symbol":"VEDL-EQ","action":"HOLD","stockDirection":"DOWN","sensexDirection":"UP","stockPrice":443.24,"sensexPrice":79715.17,"lastStockPrice":641.8,"lastSensexPrice":78088.28,"timestamp":1768672568449}
{"symbol":"VEDL-EQ","action":"BUY","stockDirection":"DOWN","sensexDirection":"DOWN","stockPrice":471.72,"sensexPrice":78037.43,"lastStockPrice":641.8,"lastSensexPrice":79715.17,"timestamp":1768672598039}
{"symbol":"VEDL-EQ","action":"HOLD","stockDirection":"DOWN","sensexDirection":"UP","stockPrice":454.14,"sensexPrice":80292.64,"lastStockPrice":641.8,"lastSensexPrice":78037.43,"timestamp":1768672599265}
{"symbol":"VEDL-EQ","action":"BUY","stockDirection":"DOWN","sensexDirection":"DOWN","stockPrice":466.15,"sensexPrice":77921.37,"lastStockPrice":641.8,"lastSensexPrice":80292.64,"timestamp":1768672603297}
{"symbol":"VEDL-EQ","action":"HOLD","stockDirection":"DOWN","sensexDirection":"UP","stockPrice":464.46,"sensexPrice":80076.83,"lastStockPrice":641.8,"lastSensexPrice":77921.37,"timestamp":1768672603925}
{"symbol":"VEDL-EQ","action":"BUY","stockDirection":"DOWN","sensexDirection":"DOWN","stockPrice":459.11,"sensexPrice":77628.65,"lastStockPrice":641.8,"lastSensexPrice":80076.83,"timestamp":1768672608570}
{"symbol":"VEDL-EQ","action":"HOLD","stockDirection":"DOWN","sensexDirection":"UP","stockPrice":451.8,"sensexPrice":80615.27,"lastStockPrice":641.8,"lastSensexPrice":77628.65,"timestamp":1768672609170}
{"symbol":"VEDL-EQ","action":"BUY","stockDirection":"DOWN","sensexDirection":"DOWN","stockPrice":456.06,"sensexPrice":77843.82,"lastStockPrice":641.8,"lastSensexPrice":80615.27,"timestamp":1768672609785}
{"symbol":"VEDL-EQ","action":"HOLD","stockDirection":"DOWN","sensexDirection":"UP","stockPrice":417.72,"sensexPrice":79544.88,"lastStockPrice":641.8,"lastSensexPrice":77843.82,"timestamp":1768672614748}
{"symbol":"VEDL-EQ","action":"BUY","stockDirection":"DOWN","sensexDirection":"DOWN","stockPrice":427.89,"sensexPrice":76967.44,"lastStockPrice":641.8,"lastSensexPrice":79544.88,"timestamp":1768672615373}
{"symbol":"VEDL-EQ","action":"HOLD","stockDirection":"DOWN","sensexDirection":"UP","stockPrice":430.05,"sensexPrice":78664.86,"lastStockPrice":641.8,"lastSensexPrice":76967.44,"timestamp":1768672615674}
{"symbol":"VEDL-EQ","action":"HOLD","stockDirection":"NEUTRAL","sensexDirection":"UP","stockPrice":694.28,"sensexPrice":85285.93,"lastStockPrice":682.7,"lastSensexPrice":83570.35,"timestamp":1768672673081}
{"symbol":"CHOLAFIN-EQ","action":"HOLD","stockDirection":"DOWN","sensexDirection":"UP","stockPrice":1611.11,"sensexPrice":85757.94,"lastStockPrice":1699.2,"lastSensexPrice":85285.93,"timestamp":1768672674016}
{"symbol":"TATAPOWER-EQ","action":"HOLD","stockDirection":"DOWN","sensexDirection":"UP","stockPrice":346.76,"sensexPrice":85757.94,"lastStockPrice":366.1,"lastSensexPrice":85285.93,"timestamp":1768672674024}
{"symbol":"VEDL-EQ","action":"SELL","stockDirection":"UP","sensexDirection":"UP","stockPrice":727.17,"sensexPrice":88212.62,"lastStockPrice":682.7,"lastSensexPrice":85285.93,"timestamp":1768672674625}
{"symbol":"HAL-EQ","action":"HOLD","stockDirection":"DOWN","sensexDirection":"UP","stockPrice":4180.56,"sensexPrice":88212.62,"lastStockPrice":4428.7,"lastSensexPrice":85285.93,"timestamp":1768672674635}
{"symbol":"BPCL-EQ","action":"HOLD","stockDirection":"DOWN","sensexDirection":"UP","stockPrice":343.14,"sensexPrice":89036.34,"lastStockPrice":363.2,"lastSensexPrice":85285.93,"timestamp":1768672674988}
{"symbol":"VEDL-EQ","action":"HOLD","stockDirection":"DOWN","sensexDirection":"UP","stockPrice":681.39,"sensexPrice":87230.18,"lastStockPrice":727.17,"lastSensexPrice":85285.93,"timestamp":1768672676481}
{"symbol":"DIVISLAB-EQ","action":"HOLD","stockDirection":"DOWN","sensexDirection":"UP","stockPrice":5907.19,"sensexPrice":87230.18,"lastStockPrice":6236,"lastSensexPrice":85285.93,"timestamp":1768672676490}
{"symbol":"BRITANNIA-EQ","action":"HOLD","stockDirection":"DOWN","sensexDirection":"UP","stockPrice":5495.18,"sensexPrice":88588.64,"lastStockPrice":5898.5,"lastSensexPrice":85285.93,"timestamp":1768672676805}
{"symbol":"TVSMOTOR-EQ","action":"SELL","stockDirection":"UP","sensexDirection":"UP","stockPrice":3896.32,"sensexPrice":88976.74,"lastStockPrice":3667.8,"lastSensexPrice":85285.93,"timestamp":1768672677112}
{"symbol":"HAL-EQ","action":"SELL","stockDirection":"UP","sensexDirection":"UP","stockPrice":4427.7,"sensexPrice":88976.74,"lastStockPrice":4180.56,"lastSensexPrice":85285.93,"timestamp":1768672677116}
{"symbol":"DIVISLAB-EQ","action":"SELL","stockDirection":"UP","sensexDirection":"UP","stockPrice":6238.57,"sensexPrice":87504.01,"lastStockPrice":5907.19,"lastSensexPrice":85285.93,"timestamp":1768672677431}
{"symbol":"BPCL-EQ","action":"SELL","stockDirection":"UP","sensexDirection":"UP","stockPrice":362.86,"sensexPrice":87504.01,"lastStockPrice":343.14,"lastSensexPrice":85285.93,"timestamp":1768672677489}
{"symbol":"VEDL-EQ","action":"BUY","stockDirection":"DOWN","sensexDirection":"DOWN","stockPrice":634.56,"sensexPrice":82091.02,"lastStockPrice":681.39,"lastSensexPrice":85285.93,"timestamp":1768672680236}
{"symbol":"BRITANNIA-EQ","action":"HOLD","stockDirection":"UP","sensexDirection":"DOWN","stockPrice":5849.08,"sensexPrice":82226.09,"lastStockPrice":5495.18,"lastSensexPrice":82091.02,"timestamp":1768672680561}
{"symbol":"VBL-EQ","action":"HOLD","stockDirection":"UP","sensexDirection":"DOWN","stockPrice":525.78,"sensexPrice":81015.41,"lastStockPrice":500.4,"lastSensexPrice":82091.02,"timestamp":1768672682106}
{"symbol":"VEDL-EQ","action":"HOLD","stockDirection":"DOWN","sensexDirection":"UP","stockPrice":672.83,"sensexPrice":83818.61,"lastStockPrice":681.39,"lastSensexPrice":82091.02,"timestamp":1768672684912}
{"symbol":"VEDL-EQ","action":"BUY","stockDirection":"DOWN","sensexDirection":"DOWN","stockPrice":686.13,"sensexPrice":82019.16,"lastStockPrice":681.39,"lastSensexPrice":83818.61,"timestamp":1768672685227}
{"symbol":"HAL-EQ","action":"BUY","stockDirection":"DOWN","sensexDirection":"DOWN","stockPrice":4188.8,"sensexPrice":82217.48,"lastStockPrice":4427.7,"lastSensexPrice":82019.16,"timestamp":1768672685544}
{"symbol":"HAL-EQ","action":"HOLD","stockDirection":"UP","sensexDirection":"DOWN","stockPrice":4472.26,"sensexPrice":77320.6,"lastStockPrice":4188.8,"lastSensexPrice":82019.16,"timestamp":1768672691125}
{"symbol":"VEDL-EQ","action":"HOLD","stockDirection":"UP","sensexDirection":"DOWN","stockPrice":716.27,"sensexPrice":73772.68,"lastStockPrice":681.39,"lastSensexPrice":82019.16,"timestamp":1768672700152}
{"symbol":"VEDL-EQ","action":"BUY","stockDirection":"DOWN","sensexDirection":"DOWN","stockPrice":668.94,"sensexPrice":76864.72,"lastStockPrice":716.27,"lastSensexPrice":82019.16,"timestamp":1768672701720}
{"symbol":"HAL-EQ","action":"BUY","stockDirection":"DOWN","sensexDirection":"DOWN","stockPrice":4204.08,"sensexPrice":78924.65,"lastStockPrice":4472.26,"lastSensexPrice":82019.16,"timestamp":1768672703890}
{"symbol":"VEDL-EQ","action":"HOLD","stockDirection":"UP","sensexDirection":"DOWN","stockPrice":713.28,"sensexPrice":82654.97,"lastStockPrice":668.94,"lastSensexPrice":82019.16,"timestamp":1768672704802}
{"symbol":"DIVISLAB-EQ","action":"BUY","stockDirection":"DOWN","sensexDirection":"DOWN","stockPrice":5824.77,"sensexPrice":83090.85,"lastStockPrice":6238.57,"lastSensexPrice":82019.16,"timestamp":1768672706052}
{"symbol":"VBL-EQ","action":"BUY","stockDirection":"DOWN","sensexDirection":"DOWN","stockPrice":499.47,"sensexPrice":67007.25,"lastStockPrice":525.78,"lastSensexPrice":82019.16,"timestamp":1768672715380}
{"symbol":"VBL-EQ","action":"HOLD","stockDirection":"UP","sensexDirection":"DOWN","stockPrice":530.31,"sensexPrice":62511.82,"lastStockPrice":499.47,"lastSensexPrice":82019.16,"timestamp":1768672719436}
{"symbol":"VEDL-EQ","action":"BUY","stockDirection":"DOWN","sensexDirection":"DOWN","stockPrice":669.4,"sensexPrice":60023.02,"lastStockPrice":713.28,"lastSensexPrice":82019.16,"timestamp":1768672754619}
{"symbol":"VBL-EQ","action":"BUY","stockDirection":"DOWN","sensexDirection":"DOWN","stockPrice":494.5,"sensexPrice":56043.8,"lastStockPrice":530.31,"lastSensexPrice":82019.16,"timestamp":1768672756501}
{"symbol":"VEDL-EQ","action":"HOLD","stockDirection":"UP","sensexDirection":"DOWN","stockPrice":704.43,"sensexPrice":51931.48,"lastStockPrice":669.4,"lastSensexPrice":82019.16,"timestamp":1768672771130}
{"symbol":"VEDL-EQ","action":"BUY","stockDirection":"DOWN","sensexDirection":"DOWN","stockPrice":668.62,"sensexPrice":50425.15,"lastStockPrice":704.43,"lastSensexPrice":82019.16,"timestamp":1768672773615}
{"symbol":"VEDL-EQ","action":"HOLD","stockDirection":"UP","sensexDirection":"DOWN","stockPrice":702.88,"sensexPrice":54158.3,"lastStockPrice":668.62,"lastSensexPrice":82019.16,"timestamp":1768672779205}
{"symbol":"VEDL-EQ","action":"BUY","stockDirection":"DOWN","sensexDirection":"DOWN","stockPrice":664.63,"sensexPrice":54419.16,"lastStockPrice":702.88,"lastSensexPrice":82019.16,"timestamp":1768672785143}
{"symbol":"HAL-EQ","action":"HOLD","stockDirection":"UP","sensexDirection":"NEUTRAL","stockPrice":4659.56,"sensexPrice":82047.88,"lastStockPrice":4428.7,"lastSensexPrice":83570.35,"timestamp":1768672802717}
{"symbol":"BPCL-EQ","action":"HOLD","stockDirection":"UP","sensexDirection":"NEUTRAL","stockPrice":384.52,"sensexPrice":83582.57,"lastStockPrice":363.2,"lastSensexPrice":83570.35,"timestamp":1768672805733}
{"symbol":"VBL-EQ","action":"HOLD","stockDirection":"UP","sensexDirection":"NEUTRAL","stockPrice":531.68,"sensexPrice":83850.51,"lastStockPrice":500.4,"lastSensexPrice":83570.35,"timestamp":1768672807245}
{"symbol":"TVSMOTOR-EQ","action":"HOLD","stockDirection":"UP","sensexDirection":"NEUTRAL","stockPrice":3883.78,"sensexPrice":83713.37,"lastStockPrice":3667.8,"lastSensexPrice":83570.35,"timestamp":1768672808749}
{"symbol":"VEDL-EQ","action":"HOLD","stockDirection":"NEUTRAL","sensexDirection":"UP","stockPrice":693.53,"sensexPrice":85297.85,"lastStockPrice":682.7,"lastSensexPrice":83570.35,"timestamp":1768672810259}
{"symbol":"VEDL-EQ","action":"HOLD","stockDirection":"NEUTRAL","sensexDirection":"DOWN","stockPrice":689.6,"sensexPrice":83299.72,"lastStockPrice":682.7,"lastSensexPrice":85297.85,"timestamp":1768672816289}
{"symbol":"CHOLAFIN-EQ","action":"BUY","stockDirection":"DOWN","sensexDirection":"DOWN","stockPrice":1603.68,"sensexPrice":83299.72,"lastStockPrice":1699.2,"lastSensexPrice":83299.72,"timestamp":1768672816300}
{"symbol":"DIVISLAB-EQ","action":"BUY","stockDirection":"DOWN","sensexDirection":"DOWN","stockPrice":5914.03,"sensexPrice":84800.82,"lastStockPrice":6236,"lastSensexPrice":83299.72,"timestamp":1768672817807}
{"symbol":"VEDL-EQ","action":"HOLD","stockDirection":"NEUTRAL","sensexDirection":"UP","stockPrice":663.94,"sensexPrice":85552.74,"lastStockPrice":682.7,"lastSensexPrice":83299.72,"timestamp":1768672819304}
{"symbol":"TVSMOTOR-EQ","action":"HOLD","stockDirection":"DOWN","sensexDirection":"UP","stockPrice":3673.73,"sensexPrice":85989.52,"lastStockPrice":3883.78,"lastSensexPrice":85552.74,"timestamp":1768672820804}
{"symbol":"VBL-EQ","action":"HOLD","stockDirection":"DOWN","sensexDirection":"UP","stockPrice":504.61,"sensexPrice":84491.53,"lastStockPrice":531.68,"lastSensexPrice":85552.74,"timestamp":1768672823832}
{"symbol":"VEDL-EQ","action":"HOLD","stockDirection":"NEUTRAL","sensexDirection":"DOWN","stockPrice":664.43,"sensexPrice":81637.61,"lastStockPrice":682.7,"lastSensexPrice":83570.35,"timestamp":1768673010136}
{"symbol":"VEDL-EQ","action":"HOLD","stockDirection":"NEUTRAL","sensexDirection":"UP","stockPrice":673.22,"sensexPrice":83850.9,"lastStockPrice":682.7,"lastSensexPrice":81637.61,"timestamp":1768673013154}
{"symbol":"TVSMOTOR-EQ","action":"HOLD","stockDirection":"DOWN","sensexDirection":"UP","stockPrice":3481.64,"sensexPrice":85690.88,"lastStockPrice":3667.8,"lastSensexPrice":83850.9,"timestamp":1768673014661}
{"symbol":"TATAPOWER-EQ","action":"HOLD","stockDirection":"DOWN","sensexDirection":"UP","stockPrice":344.71,"sensexPrice":89033.02,"lastStockPrice":366.1,"lastSensexPrice":83850.9,"timestamp":1768673017694}
{"symbol":"BPCL-EQ","action":"HOLD","stockDirection":"DOWN","sensexDirection":"UP","stockPrice":343.93,"sensexPrice":90766.71,"lastStockPrice":363.2,"lastSensexPrice":83850.9,"timestamp":1768673019189}
{"symbol":"BRITANNIA-EQ","action":"SELL","stockDirection":"UP","sensexDirection":"UP","stockPrice":6242.85,"sensexPrice":91661.7,"lastStockPrice":5898.5,"lastSensexPrice":83850.9,"timestamp":1768673020694}
{"symbol":"DIVISLAB-EQ","action":"HOLD","stockDirection":"DOWN","sensexDirection":"UP","stockPrice":5894.5,"sensexPrice":90890.73,"lastStockPrice":6236,"lastSensexPrice":83850.9,"timestamp":1768673022202}
{"symbol":"VBL-EQ","action":"HOLD","stockDirection":"DOWN","sensexDirection":"UP","stockPrice":471.89,"sensexPrice":92443.52,"lastStockPrice":500.4,"lastSensexPrice":83850.9,"timestamp":1768673034281}
{"symbol":"TATAPOWER-EQ","action":"SELL","stockDirection":"UP","sensexDirection":"UP","stockPrice":362.3,"sensexPrice":86999.04,"lastStockPrice":344.71,"lastSensexPrice":83850.9,"timestamp":1768673040320}
{"symbol":"CHOLAFIN-EQ","action":"SELL","stockDirection":"UP","sensexDirection":"UP","stockPrice":1787.93,"sensexPrice":89401.95,"lastStockPrice":1699.2,"lastSensexPrice":83850.9,"timestamp":1768673044841}
{"symbol":"DIVISLAB-EQ","action":"SELL","stockDirection":"UP","sensexDirection":"UP","stockPrice":6296.03,"sensexPrice":85513.03,"lastStockPrice":5894.5,"lastSensexPrice":83850.9,"timestamp":1768673047854}
{"symbol":"HAL-EQ","action":"SELL","stockDirection":"UP","sensexDirection":"UP","stockPrice":4652.52,"sensexPrice":83894.32,"lastStockPrice":4428.7,"lastSensexPrice":83850.9,"timestamp":1768673049357}
{"symbol":"VEDL-EQ","action":"HOLD","stockDirection":"DOWN","sensexDirection":"UP","stockPrice":644.68,"sensexPrice":86965.45,"lastStockPrice":682.7,"lastSensexPrice":83850.9,"timestamp":1768673058401}
{"symbol":"VBL-EQ","action":"SELL","stockDirection":"UP","sensexDirection":"UP","stockPrice":495.95,"sensexPrice":86965.45,"lastStockPrice":471.89,"lastSensexPrice":83850.9,"timestamp":1768673058413}
{"symbol":"HAL-EQ","action":"HOLD","stockDirection":"DOWN","sensexDirection":"UP","stockPrice":4411.35,"sensexPrice":83357.86,"lastStockPrice":4652.52,"lastSensexPrice":83850.9,"timestamp":1768673062928}
{"symbol":"VEDL-EQ","action":"BUY","stockDirection":"DOWN","sensexDirection":"DOWN","stockPrice":634.05,"sensexPrice":81646.27,"lastStockPrice":644.68,"lastSensexPrice":83850.9,"timestamp":1768673067446}
{"symbol":"VEDL-EQ","action":"HOLD","stockDirection":"UP","sensexDirection":"DOWN","stockPrice":679.58,"sensexPrice":77788.76,"lastStockPrice":644.68,"lastSensexPrice":81646.27,"timestamp":1768673077999}
{"symbol":"HAL-EQ","action":"HOLD","stockDirection":"UP","sensexDirection":"DOWN","stockPrice":4650.96,"sensexPrice":79869.46,"lastStockPrice":4411.35,"lastSensexPrice":81646.27,"timestamp":1768673087036}
{"symbol":"VEDL-EQ","action":"BUY","stockDirection":"DOWN","sensexDirection":"DOWN","stockPrice":636.97,"sensexPrice":78154.65,"lastStockPrice":679.58,"lastSensexPrice":81646.27,"timestamp":1768673099102}
{"symbol":"VEDL-EQ","action":"HOLD","stockDirection":"DOWN","sensexDirection":"UP","stockPrice":630.28,"sensexPrice":83323.14,"lastStockPrice":636.97,"lastSensexPrice":81646.27,"timestamp":1768673112673}
{"symbol":"VEDL-EQ","action":"BUY","stockDirection":"DOWN","sensexDirection":"DOWN","stockPrice":639,"sensexPrice":80491.24,"lastStockPrice":636.97,"lastSensexPrice":83323.14,"timestamp":1768673124740}
{"symbol":"BRITANNIA-EQ","action":"BUY","stockDirection":"DOWN","sensexDirection":"DOWN","stockPrice":5817.76,"sensexPrice":78293.09,"lastStockPrice":6242.85,"lastSensexPrice":80491.24,"timestamp":1768673135283}
{"symbol":"VEDL-EQ","action":"HOLD","stockDirection":"UP","sensexDirection":"DOWN","stockPrice":671.39,"sensexPrice":80190.49,"lastStockPrice":636.97,"lastSensexPrice":80491.24,"timestamp":1768673136782}
{"symbol":"TATAPOWER-EQ","action":"BUY","stockDirection":"DOWN","sensexDirection":"DOWN","stockPrice":343.93,"sensexPrice":81964.62,"lastStockPrice":362.3,"lastSensexPrice":80491.24,"timestamp":1768673138295}
{"symbol":"VEDL-EQ","action":"HOLD","stockDirection":"NEUTRAL","sensexDirection":"UP","stockPrice":688.44,"sensexPrice":86721.78,"lastStockPrice":682.7,"lastSensexPrice":83570.35,"timestamp":1768673160490}
{"symbol":"HAL-EQ","action":"SELL","stockDirection":"UP","sensexDirection":"UP","stockPrice":4728.19,"sensexPrice":86721.78,"lastStockPrice":4428.7,"lastSensexPrice":86721.78,"timestamp":1768673160504}
{"symbol":"BPCL-EQ","action":"HOLD","stockDirection":"DOWN","sensexDirection":"UP","stockPrice":341.57,"sensexPrice":86721.78,"lastStockPrice":363.2,"lastSensexPrice":86721.78,"timestamp":1768673160511}
{"symbol":"VBL-EQ","action":"HOLD","stockDirection":"DOWN","sensexDirection":"UP","stockPrice":470.52,"sensexPrice":85348.47,"lastStockPrice":500.4,"lastSensexPrice":86721.78,"timestamp":1768673162011}
{"symbol":"VEDL-EQ","action":"HOLD","stockDirection":"NEUTRAL","sensexDirection":"DOWN","stockPrice":676.48,"sensexPrice":83876.88,"lastStockPrice":682.7,"lastSensexPrice":86721.78,"timestamp":1768673163501}
{"symbol":"TATAPOWER-EQ","action":"HOLD","stockDirection":"UP","sensexDirection":"DOWN","stockPrice":388.08,"sensexPrice":85430.17,"lastStockPrice":366.1,"lastSensexPrice":83876.88,"timestamp":1768673165022}
{"symbol":"CHOLAFIN-EQ","action":"BUY","stockDirection":"DOWN","sensexDirection":"DOWN","stockPrice":1609.91,"sensexPrice":82841.35,"lastStockPrice":1699.2,"lastSensexPrice":83876.88,"timestamp":1768673168029}
{"symbol":"BPCL-EQ","action":"HOLD","stockDirection":"UP","sensexDirection":"DOWN","stockPrice":358.65,"sensexPrice":83401.06,"lastStockPrice":341.57,"lastSensexPrice":83876.88,"timestamp":1768673172552}
{"symbol":"VEDL-EQ","action":"BUY","stockDirection":"DOWN","sensexDirection":"DOWN","stockPrice":642.97,"sensexPrice":81568.07,"lastStockPrice":682.7,"lastSensexPrice":83876.88,"timestamp":1768673175564}
{"symbol":"BPCL-EQ","action":"BUY","stockDirection":"DOWN","sensexDirection":"DOWN","stockPrice":340.16,"sensexPrice":82384.87,"lastStockPrice":358.65,"lastSensexPrice":83876.88,"timestamp":1768673180100}
{"symbol":"VEDL-EQ","action":"HOLD","stockDirection":"NEUTRAL","sensexDirection":"DOWN","stockPrice":693.11,"sensexPrice":81865.94,"lastStockPrice":682.7,"lastSensexPrice":83570.35,"timestamp":1768673187747}
{"symbol":"VEDL-EQ","action":"HOLD","stockDirection":"UP","sensexDirection":"DOWN","stockPrice":729.43,"sensexPrice":79252.18,"lastStockPrice":682.7,"lastSensexPrice":81865.94,"timestamp":1768673195284}
{"symbol":"TATAPOWER-EQ","action":"BUY","stockDirection":"DOWN","sensexDirection":"DOWN","stockPrice":347.75,"sensexPrice":79252.18,"lastStockPrice":366.1,"lastSensexPrice":81865.94,"timestamp":1768673195301}
{"symbol":"VEDL-EQ","action":"BUY","stockDirection":"DOWN","sensexDirection":"DOWN","stockPrice":686.15,"sensexPrice":76883.43,"lastStockPrice":729.43,"lastSensexPrice":81865.94,"timestamp":1768673205869}
{"symbol":"VBL-EQ","action":"BUY","stockDirection":"DOWN","sensexDirection":"DOWN","stockPrice":473.1,"sensexPrice":78793,"lastStockPrice":500.4,"lastSensexPrice":81865.94,"timestamp":1768673207392}
{"symbol":"DIVISLAB-EQ","action":"BUY","stockDirection":"DOWN","sensexDirection":"DOWN","stockPrice":5873.59,"sensexPrice":78414.65,"lastStockPrice":6236,"lastSensexPrice":81865.94,"timestamp":1768673210397}
{"symbol":"BPCL-EQ","action":"BUY","stockDirection":"DOWN","sensexDirection":"DOWN","stockPrice":344.6,"sensexPrice":78414.65,"lastStockPrice":363.2,"lastSensexPrice":81865.94,"timestamp":1768673210406}
{"symbol":"TVSMOTOR-EQ","action":"BUY","stockDirection":"DOWN","sensexDirection":"DOWN","stockPrice":3476.22,"sensexPrice":78954.29,"lastStockPrice":3667.8,"lastSensexPrice":81865.94,"timestamp":1768673213409}
{"symbol":"VBL-EQ","action":"HOLD","stockDirection":"UP","sensexDirection":"DOWN","stockPrice":497.96,"sensexPrice":80564.17,"lastStockPrice":473.1,"lastSensexPrice":81865.94,"timestamp":1768673216439}
{"symbol":"CHOLAFIN-EQ","action":"BUY","stockDirection":"DOWN","sensexDirection":"DOWN","stockPrice":1613.77,"sensexPrice":83382.1,"lastStockPrice":1699.2,"lastSensexPrice":81865.94,"timestamp":1768673220965}
{"symbol":"BRITANNIA-EQ","action":"BUY","stockDirection":"DOWN","sensexDirection":"DOWN","stockPrice":5523.67,"sensexPrice":83382.1,"lastStockPrice":5898.5,"lastSensexPrice":81865.94,"timestamp":1768673220971}
{"symbol":"VEDL-EQ","action":"SELL","stockDirection":"UP","sensexDirection":"UP","stockPrice":724.88,"sensexPrice":84040.15,"lastStockPrice":686.15,"lastSensexPrice":81865.94,"timestamp":1768673222471}
{"symbol":"TATAPOWER-EQ","action":"SELL","stockDirection":"UP","sensexDirection":"UP","stockPrice":367.66,"sensexPrice":86764.16,"lastStockPrice":347.75,"lastSensexPrice":84040.15,"timestamp":1768673225495}
{"symbol":"BPCL-EQ","action":"SELL","stockDirection":"UP","sensexDirection":"UP","stockPrice":363.81,"sensexPrice":89952.67,"lastStockPrice":344.6,"lastSensexPrice":84040.15,"timestamp":1768673237539}
{"symbol":"HAL-EQ","action":"HOLD","stockDirection":"DOWN","sensexDirection":"UP","stockPrice":4127.81,"sensexPrice":89887.18,"lastStockPrice":4428.7,"lastSensexPrice":84040.15,"timestamp":1768673242067}
{"symbol":"BPCL-EQ","action":"HOLD","stockDirection":"DOWN","sensexDirection":"UP","stockPrice":344.04,"sensexPrice":88934.63,"lastStockPrice":363.81,"lastSensexPrice":84040.15,"timestamp":1768673245086}
{"symbol":"HAL-EQ","action":"SELL","stockDirection":"UP","sensexDirection":"UP","stockPrice":4336.67,"sensexPrice":90535.89,"lastStockPrice":4127.81,"lastSensexPrice":84040.15,"timestamp":1768673248088}
{"symbol":"DIVISLAB-EQ","action":"SELL","stockDirection":"UP","sensexDirection":"UP","stockPrice":6179.89,"sensexPrice":88304.41,"lastStockPrice":5873.59,"lastSensexPrice":84040.15,"timestamp":1768673254126}
{"symbol":"BPCL-EQ","action":"SELL","stockDirection":"UP","sensexDirection":"UP","stockPrice":362.09,"sensexPrice":89965.78,"lastStockPrice":344.04,"lastSensexPrice":84040.15,"timestamp":1768673257141}
{"symbol":"VEDL-EQ","action":"HOLD","stockDirection":"NEUTRAL","sensexDirection":"UP","stockPrice":663.94,"sensexPrice":86380.11,"lastStockPrice":682.7,"lastSensexPrice":83570.35,"timestamp":1768673266957}
{"symbol":"HAL-EQ","action":"HOLD","stockDirection":"DOWN","sensexDirection":"UP","stockPrice":4158.83,"sensexPrice":89219.29,"lastStockPrice":4428.7,"lastSensexPrice":86380.11,"timestamp":1768673269975}
{"symbol":"DIVISLAB-EQ","action":"HOLD","stockDirection":"DOWN","sensexDirection":"UP","stockPrice":5910.93,"sensexPrice":89219.29,"lastStockPrice":6236,"lastSensexPrice":86380.11,"timestamp":1768673269979}
{"symbol":"VEDL-EQ","action":"HOLD","stockDirection":"DOWN","sensexDirection":"UP","stockPrice":641.23,"sensexPrice":92736.81,"lastStockPrice":682.7,"lastSensexPrice":86380.11,"timestamp":1768673272988}
{"symbol":"BRITANNIA-EQ","action":"SELL","stockDirection":"UP","sensexDirection":"UP","stockPrice":6238.1,"sensexPrice":92950.17,"lastStockPrice":5898.5,"lastSensexPrice":86380.11,"timestamp":1768673274634}
{"symbol":"HAL-EQ","action":"SELL","stockDirection":"UP","sensexDirection":"UP","stockPrice":4415.95,"sensexPrice":91779.68,"lastStockPrice":4158.83,"lastSensexPrice":86380.11,"timestamp":1768673276019}
{"symbol":"CHOLAFIN-EQ","action":"SELL","stockDirection":"UP","sensexDirection":"UP","stockPrice":1795.17,"sensexPrice":88433.83,"lastStockPrice":1699.2,"lastSensexPrice":86380.11,"timestamp":1768673279031}
{"symbol":"BPCL-EQ","action":"SELL","stockDirection":"UP","sensexDirection":"UP","stockPrice":383.66,"sensexPrice":88433.83,"lastStockPrice":363.2,"lastSensexPrice":86380.11,"timestamp":1768673279035}
{"symbol":"DIVISLAB-EQ","action":"SELL","stockDirection":"UP","sensexDirection":"UP","stockPrice":6218.69,"sensexPrice":89252.29,"lastStockPrice":5910.93,"lastSensexPrice":86380.11,"timestamp":1768673282043}
{"symbol":"VEDL-EQ","action":"BUY","stockDirection":"DOWN","sensexDirection":"DOWN","stockPrice":622.56,"sensexPrice":84435.7,"lastStockPrice":641.23,"lastSensexPrice":86380.11,"timestamp":1768673288064}
{"symbol":"VBL-EQ","action":"BUY","stockDirection":"DOWN","sensexDirection":"DOWN","stockPrice":474.64,"sensexPrice":84435.7,"lastStockPrice":500.4,"lastSensexPrice":84435.7,"timestamp":1768673288079}
{"symbol":"BPCL-EQ","action":"BUY","stockDirection":"DOWN","sensexDirection":"DOWN","stockPrice":363.65,"sensexPrice":84527.23,"lastStockPrice":383.66,"lastSensexPrice":84435.7,"timestamp":1768673291099}
{"symbol":"VEDL-EQ","action":"HOLD","stockDirection":"DOWN","sensexDirection":"UP","stockPrice":628.24,"sensexPrice":86538.28,"lastStockPrice":641.23,"lastSensexPrice":84435.7,"timestamp":1768673292606}
{"symbol":"VEDL-EQ","action":"BUY","stockDirection":"DOWN","sensexDirection":"DOWN","stockPrice":629.16,"sensexPrice":84786.79,"lastStockPrice":641.23,"lastSensexPrice":86538.28,"timestamp":1768673294110}
{"symbol":"VEDL-EQ","action":"HOLD","stockDirection":"DOWN","sensexDirection":"UP","stockPrice":614.22,"sensexPrice":86793.19,"lastStockPrice":641.23,"lastSensexPrice":84786.79,"timestamp":1768673295621}
{"symbol":"VEDL-EQ","action":"BUY","stockDirection":"DOWN","sensexDirection":"DOWN","stockPrice":635.07,"sensexPrice":84832.69,"lastStockPrice":641.23,"lastSensexPrice":86793.19,"timestamp":1768673300146}
{"symbol":"VBL-EQ","action":"HOLD","stockDirection":"UP","sensexDirection":"DOWN","stockPrice":498.48,"sensexPrice":78651.06,"lastStockPrice":474.64,"lastSensexPrice":84832.69,"timestamp":1768673306173}
{"symbol":"TVSMOTOR-EQ","action":"BUY","stockDirection":"DOWN","sensexDirection":"DOWN","stockPrice":3472.78,"sensexPrice":76914.34,"lastStockPrice":3667.8,"lastSensexPrice":84832.69,"timestamp":1768673307681}
{"symbol":"TVSMOTOR-EQ","action":"HOLD","stockDirection":"UP","sensexDirection":"DOWN","stockPrice":3653.05,"sensexPrice":74924.13,"lastStockPrice":3472.78,"lastSensexPrice":84832.69,"timestamp":1768673312197}
{"symbol":"BRITANNIA-EQ","action":"BUY","stockDirection":"DOWN","sensexDirection":"DOWN","stockPrice":5875.47,"sensexPrice":75529.94,"lastStockPrice":6238.1,"lastSensexPrice":84832.69,"timestamp":1768673318226}
{"symbol":"VBL-EQ","action":"BUY","stockDirection":"DOWN","sensexDirection":"DOWN","stockPrice":473.49,"sensexPrice":77766.03,"lastStockPrice":498.48,"lastSensexPrice":84832.69,"timestamp":1768673321244}
{"symbol":"VEDL-EQ","action":"HOLD","stockDirection":"UP","sensexDirection":"DOWN","stockPrice":679.24,"sensexPrice":76237.39,"lastStockPrice":641.23,"lastSensexPrice":84832.69,"timestamp":1768673327266}
{"symbol":"CHOLAFIN-EQ","action":"BUY","stockDirection":"DOWN","sensexDirection":"DOWN","stockPrice":1689.14,"sensexPrice":75526.94,"lastStockPrice":1795.17,"lastSensexPrice":84832.69,"timestamp":1768673330277}
{"symbol":"VEDL-EQ","action":"BUY","stockDirection":"DOWN","sensexDirection":"DOWN","stockPrice":643.52,"sensexPrice":73301.24,"lastStockPrice":679.24,"lastSensexPrice":84832.69,"timestamp":1768673334803}
{"symbol":"VEDL-EQ","action":"HOLD","stockDirection":"UP","sensexDirection":"DOWN","stockPrice":679.31,"sensexPrice":71916.88,"lastStockPrice":643.52,"lastSensexPrice":84832.69,"timestamp":1768673339324}
{"symbol":"BRITANNIA-EQ","action":"HOLD","stockDirection":"UP","sensexDirection":"DOWN","stockPrice":6195.67,"sensexPrice":73947.48,"lastStockPrice":5875.47,"lastSensexPrice":84832.69,"timestamp":1768673351393}
{"symbol":"CHOLAFIN-EQ","action":"HOLD","stockDirection":"UP","sensexDirection":"DOWN","stockPrice":1780.96,"sensexPrice":77081.77,"lastStockPrice":1689.14,"lastSensexPrice":84832.69,"timestamp":1768673361980}
{"symbol":"TATAPOWER-EQ","action":"BUY","stockDirection":"DOWN","sensexDirection":"DOWN","stockPrice":340.81,"sensexPrice":77342.51,"lastStockPrice":366.1,"lastSensexPrice":84832.69,"timestamp":1768673364999}
{"symbol":"TVSMOTOR-EQ","action":"BUY","stockDirection":"DOWN","sensexDirection":"DOWN","stockPrice":3406.32,"sensexPrice":76109.11,"lastStockPrice":3653.05,"lastSensexPrice":84832.69,"timestamp":1768673366504}
{"symbol":"TATAPOWER-EQ","action":"HOLD","stockDirection":"UP","sensexDirection":"DOWN","stockPrice":359.52,"sensexPrice":78114.48,"lastStockPrice":340.81,"lastSensexPrice":84832.69,"timestamp":1768673371032}
{"symbol":"TVSMOTOR-EQ","action":"HOLD","stockDirection":"UP","sensexDirection":"DOWN","stockPrice":3589.32,"sensexPrice":77972.92,"lastStockPrice":3406.32,"lastSensexPrice":84832.69,"timestamp":1768673375561}
{"symbol":"TATAPOWER-EQ","action":"BUY","stockDirection":"DOWN","sensexDirection":"DOWN","stockPrice":338.52,"sensexPrice":75110.29,"lastStockPrice":359.52,"lastSensexPrice":84832.69,"timestamp":1768673396681}
{"symbol":"TATAPOWER-EQ","action":"HOLD","stockDirection":"UP","sensexDirection":"DOWN","stockPrice":358.86,"sensexPrice":75860.69,"lastStockPrice":338.52,"lastSensexPrice":84832.69,"timestamp":1768673408745}
{"symbol":"DIVISLAB-EQ","action":"BUY","stockDirection":"DOWN","sensexDirection":"DOWN","stockPrice":5905.46,"sensexPrice":76431.93,"lastStockPrice":6218.69,"lastSensexPrice":84832.69,"timestamp":1768673425306}
{"symbol":"TATAPOWER-EQ","action":"BUY","stockDirection":"DOWN","sensexDirection":"DOWN","stockPrice":339.61,"sensexPrice":78558.03,"lastStockPrice":358.86,"lastSensexPrice":84832.69,"timestamp":1768673447936}
{"symbol":"DIVISLAB-EQ","action":"HOLD","stockDirection":"UP","sensexDirection":"DOWN","stockPrice":6260.81,"sensexPrice":73992.61,"lastStockPrice":5905.46,"lastSensexPrice":84832.69,"timestamp":1768673459983}
{"symbol":"VEDL-EQ","action":"HOLD","stockDirection":"NEUTRAL","sensexDirection":"UP","stockPrice":698.6,"sensexPrice":85614.32,"lastStockPrice":682.7,"lastSensexPrice":83570.35,"timestamp":1768673487479}
{"symbol":"DIVISLAB-EQ","action":"HOLD","stockDirection":"DOWN","sensexDirection":"UP","stockPrice":5897.2,"sensexPrice":87307.63,"lastStockPrice":6236,"lastSensexPrice":85614.32,"timestamp":1768673490511}
{"symbol":"DIVISLAB-EQ","action":"HOLD","stockDirection":"UP","sensexDirection":"NEUTRAL","stockPrice":6588.09,"sensexPrice":83971.32,"lastStockPrice":6236,"lastSensexPrice":83570.35,"timestamp":1768673506604}
{"symbol":"TVSMOTOR-EQ","action":"HOLD","stockDirection":"UP","sensexDirection":"NEUTRAL","stockPrice":3891.78,"sensexPrice":84578.69,"lastStockPrice":3667.8,"lastSensexPrice":83570.35,"timestamp":1768673508113}
{"symbol":"VEDL-EQ","action":"HOLD","stockDirection":"NEUTRAL","sensexDirection":"UP","stockPrice":700.7,"sensexPrice":85315.19,"lastStockPrice":682.7,"lastSensexPrice":83570.35,"timestamp":1768673512639}
{"symbol":"CHOLAFIN-EQ","action":"HOLD","stockDirection":"DOWN","sensexDirection":"UP","stockPrice":1607.81,"sensexPrice":85273.85,"lastStockPrice":1699.2,"lastSensexPrice":85315.19,"timestamp":1768673514153}
{"symbol":"BPCL-EQ","action":"HOLD","stockDirection":"DOWN","sensexDirection":"UP","stockPrice":343.3,"sensexPrice":85273.85,"lastStockPrice":363.2,"lastSensexPrice":85315.19,"timestamp":1768673514158}
{"symbol":"TATAPOWER-EQ","action":"HOLD","stockDirection":"DOWN","sensexDirection":"UP","stockPrice":345.45,"sensexPrice":88178.57,"lastStockPrice":366.1,"lastSensexPrice":85315.19,"timestamp":1768673518679}
{"symbol":"VBL-EQ","action":"SELL","stockDirection":"UP","sensexDirection":"UP","stockPrice":526.99,"sensexPrice":86627.66,"lastStockPrice":500.4,"lastSensexPrice":85315.19,"timestamp":1768673520183}
{"symbol":"TVSMOTOR-EQ","action":"HOLD","stockDirection":"DOWN","sensexDirection":"UP","stockPrice":3675.92,"sensexPrice":85175.44,"lastStockPrice":3891.78,"lastSensexPrice":85315.19,"timestamp":1768673521682}
{"symbol":"VEDL-EQ","action":"SELL","stockDirection":"UP","sensexDirection":"UP","stockPrice":731.1,"sensexPrice":83619.83,"lastStockPrice":682.7,"lastSensexPrice":85315.19,"timestamp":1768673523194}
{"symbol":"VEDL-EQ","action":"HOLD","stockDirection":"UP","sensexDirection":"DOWN","stockPrice":746.67,"sensexPrice":82978.31,"lastStockPrice":731.1,"lastSensexPrice":85315.19,"timestamp":1768673524708}
{"symbol":"VEDL-EQ","action":"SELL","stockDirection":"UP","sensexDirection":"UP","stockPrice":744.81,"sensexPrice":85676.05,"lastStockPrice":731.1,"lastSensexPrice":82978.31,"timestamp":1768673529242}
{"symbol":"CHOLAFIN-EQ","action":"SELL","stockDirection":"UP","sensexDirection":"UP","stockPrice":1692.39,"sensexPrice":85676.05,"lastStockPrice":1607.81,"lastSensexPrice":85676.05,"timestamp":1768673529249}
{"symbol":"TATAPOWER-EQ","action":"SELL","stockDirection":"UP","sensexDirection":"UP","stockPrice":363.03,"sensexPrice":84283.97,"lastStockPrice":345.45,"lastSensexPrice":85676.05,"timestamp":1768673530763}
{"symbol":"VEDL-EQ","action":"HOLD","stockDirection":"UP","sensexDirection":"DOWN","stockPrice":718.93,"sensexPrice":82722.42,"lastStockPrice":731.1,"lastSensexPrice":85676.05,"timestamp":1768673532265}
{"symbol":"VEDL-EQ","action":"SELL","stockDirection":"UP","sensexDirection":"UP","stockPrice":726.53,"sensexPrice":84506.45,"lastStockPrice":731.1,"lastSensexPrice":82722.42,"timestamp":1768673533776}
{"symbol":"VEDL-EQ","action":"HOLD","stockDirection":"UP","sensexDirection":"DOWN","stockPrice":699.06,"sensexPrice":82812.23,"lastStockPrice":731.1,"lastSensexPrice":84506.45,"timestamp":1768673538283}
