{"symbol":"PFC-EQ","action":"HOLD","stockDirection":"UP","sensexDirection":"NEUTRAL","stockPrice":400.55,"sensexPrice":163260.18,"lastStockPrice":369.21,"lastSensexPrice":163361.38,"timestamp":1771000439068}
{"symbol":"ADANIGREEN-EQ","action":"HOLD","stockDirection":"UP","sensexDirection":"NEUTRAL","stockPrice":950.5,"sensexPrice":163260.18,"lastStockPrice":781.14,"lastSensexPrice":163361.38,"timestamp":1771000439091}
{"symbol":"ADANIENSOL-EQ","action":"HOLD","stockDirection":"UP","sensexDirection":"NEUTRAL","stockPrice":988,"sensexPrice":163260.18,"lastStockPrice":816.81,"lastSensexPrice":163361.38,"timestamp":1771000439096}
{"symbol":"IRFC-EQ","action":"HOLD","stockDirection":"DOWN","sensexDirection":"NEUTRAL","stockPrice":111.44,"sensexPrice":163260.18,"lastStockPrice":178.16,"lastSensexPrice":163361.38,"timestamp":1771000439100}
{"symbol":"PIDILITIND-EQ","action":"HOLD","stockDirection":"UP","sensexDirection":"NEUTRAL","stockPrice":1479.3,"sensexPrice":163260.18,"lastStockPrice":699.24,"lastSensexPrice":163361.38,"timestamp":1771000439104}
{"symbol":"HAVELLS-EQ","action":"HOLD","stockDirection":"DOWN","sensexDirection":"NEUTRAL","stockPrice":1404,"sensexPrice":163260.18,"lastStockPrice":1925.85,"lastSensexPrice":163361.38,"timestamp":1771000439115}
{"symbol":"TORNTPHARM-EQ","action":"HOLD","stockDirection":"UP","sensexDirection":"NEUTRAL","stockPrice":4078,"sensexPrice":163260.18,"lastStockPrice":3843.86,"lastSensexPrice":163361.38,"timestamp":1771000439125}
{"symbol":"ABB-EQ","action":"HOLD","stockDirection":"DOWN","sensexDirection":"NEUTRAL","stockPrice":5780.5,"sensexPrice":163260.18,"lastStockPrice":8444.42,"lastSensexPrice":163361.38,"timestamp":1771000439133}
{"symbol":"RECLTD-EQ","action":"HOLD","stockDirection":"UP","sensexDirection":"NEUTRAL","stockPrice":346.9,"sensexPrice":163260.18,"lastStockPrice":184.42,"lastSensexPrice":163361.38,"timestamp":1771000439138}
{"symbol":"ENRIN-EQ","action":"HOLD","stockDirection":"UP","sensexDirection":"NEUTRAL","stockPrice":2740.1,"sensexPrice":163260.18,"lastStockPrice":949.34,"lastSensexPrice":163361.38,"timestamp":1771000439146}
{"symbol":"AMBUJACEM-EQ","action":"HOLD","stockDirection":"DOWN","sensexDirection":"NEUTRAL","stockPrice":519.45,"sensexPrice":163260.18,"lastStockPrice":593.93,"lastSensexPrice":163361.38,"timestamp":1771000439151}
{"symbol":"IOC-EQ","action":"HOLD","stockDirection":"DOWN","sensexDirection":"NEUTRAL","stockPrice":176.77,"sensexPrice":163260.18,"lastStockPrice":244.12,"lastSensexPrice":163361.38,"timestamp":1771000439157}
{"symbol":"ZYDUSLIFE-EQ","action":"HOLD","stockDirection":"DOWN","sensexDirection":"NEUTRAL","stockPrice":904.7,"sensexPrice":163260.18,"lastStockPrice":2057.03,"lastSensexPrice":163361.38,"timestamp":1771000439162}
{"symbol":"CGPOWER-EQ","action":"HOLD","stockDirection":"UP","sensexDirection":"NEUTRAL","stockPrice":680.15,"sensexPrice":163260.18,"lastStockPrice":548.57,"lastSensexPrice":163361.38,"timestamp":1771000439168}
{"symbol":"BAJAJHFL-EQ","action":"HOLD","stockDirection":"UP","sensexDirection":"NEUTRAL","stockPrice":89.29,"sensexPrice":163260.18,"lastStockPrice":78.24,"lastSensexPrice":163361.38,"timestamp":1771000439174}
{"symbol":"HINDZINC-EQ","action":"HOLD","stockDirection":"UP","sensexDirection":"NEUTRAL","stockPrice":592.85,"sensexPrice":163260.18,"lastStockPrice":477.79,"lastSensexPrice":163361.38,"timestamp":1771000439180}
{"symbol":"CHOLAFIN-EQ","action":"HOLD","stockDirection":"UP","sensexDirection":"NEUTRAL","stockPrice":1709.4,"sensexPrice":163260.18,"lastStockPrice":788.98,"lastSensexPrice":163361.38,"timestamp":1771000439185}
{"symbol":"LTIM-EQ","action":"HOLD","stockDirection":"DOWN","sensexDirection":"NEUTRAL","stockPrice":5115.5,"sensexPrice":163260.18,"lastStockPrice":10840.32,"lastSensexPrice":163361.38,"timestamp":1771000439194}
{"symbol":"BPCL-EQ","action":"HOLD","stockDirection":"UP","sensexDirection":"NEUTRAL","stockPrice":374.1,"sensexPrice":163260.18,"lastStockPrice":317.37,"lastSensexPrice":163361.38,"timestamp":1771000439200}
{"symbol":"SOLARINDS-EQ","action":"HOLD","stockDirection":"UP","sensexDirection":"NEUTRAL","stockPrice":13043,"sensexPrice":163260.18,"lastStockPrice":6261.62,"lastSensexPrice":163361.38,"timestamp":1771000439204}
{"symbol":"PNB-EQ","action":"HOLD","stockDirection":"UP","sensexDirection":"NEUTRAL","stockPrice":118.76,"sensexPrice":163260.18,"lastStockPrice":72.32,"lastSensexPrice":163361.38,"timestamp":1771000439211}
{"symbol":"DMART-EQ","action":"HOLD","stockDirection":"DOWN","sensexDirection":"NEUTRAL","stockPrice":3909.2,"sensexPrice":163260.18,"lastStockPrice":4170.04,"lastSensexPrice":163361.38,"timestamp":1771000439216}
{"symbol":"DIVISLAB-EQ","action":"HOLD","stockDirection":"UP","sensexDirection":"NEUTRAL","stockPrice":6168.5,"sensexPrice":163260.18,"lastStockPrice":5478.21,"lastSensexPrice":163361.38,"timestamp":1771000439223}
{"symbol":"ADANIPOWER-EQ","action":"HOLD","stockDirection":"DOWN","sensexDirection":"NEUTRAL","stockPrice":139.9,"sensexPrice":163260.18,"lastStockPrice":173.17,"lastSensexPrice":163361.38,"timestamp":1771000439229}
{"symbol":"TVSMOTOR-EQ","action":"HOLD","stockDirection":"DOWN","sensexDirection":"NEUTRAL","stockPrice":3864.6,"sensexPrice":163260.18,"lastStockPrice":4829.7,"lastSensexPrice":163361.38,"timestamp":1771000439234}
{"symbol":"LICI-EQ","action":"HOLD","stockDirection":"DOWN","sensexDirection":"NEUTRAL","stockPrice":862.4,"sensexPrice":163260.18,"lastStockPrice":1221.47,"lastSensexPrice":163361.38,"timestamp":1771000439241}
{"symbol":"LODHA-EQ","action":"HOLD","stockDirection":"UP","sensexDirection":"NEUTRAL","stockPrice":1073.6,"sensexPrice":163260.18,"lastStockPrice":831.63,"lastSensexPrice":163361.38,"timestamp":1771000439246}
{"symbol":"HYUNDAI-EQ","action":"HOLD","stockDirection":"UP","sensexDirection":"NEUTRAL","stockPrice":2179.5,"sensexPrice":163260.18,"lastStockPrice":1534.84,"lastSensexPrice":163361.38,"timestamp":1771000439252}
{"symbol":"VEDL-EQ","action":"HOLD","stockDirection":"DOWN","sensexDirection":"NEUTRAL","stockPrice":673.65,"sensexPrice":163260.18,"lastStockPrice":724.76,"lastSensexPrice":163361.38,"timestamp":1771000439259}
{"symbol":"INDHOTEL-EQ","action":"HOLD","stockDirection":"DOWN","sensexDirection":"NEUTRAL","stockPrice":699.9,"sensexPrice":163260.18,"lastStockPrice":748.97,"lastSensexPrice":163361.38,"timestamp":1771000439263}
{"symbol":"JSWENERGY-EQ","action":"HOLD","stockDirection":"DOWN","sensexDirection":"NEUTRAL","stockPrice":474.7,"sensexPrice":163260.18,"lastStockPrice":1406.08,"lastSensexPrice":163361.38,"timestamp":1771000439267}
{"symbol":"CANBK-EQ","action":"HOLD","stockDirection":"UP","sensexDirection":"NEUTRAL","stockPrice":141.77,"sensexPrice":163260.18,"lastStockPrice":53.69,"lastSensexPrice":163361.38,"timestamp":1771000439270}
{"symbol":"BANKBARODA-EQ","action":"HOLD","stockDirection":"DOWN","sensexDirection":"NEUTRAL","stockPrice":287.45,"sensexPrice":163260.18,"lastStockPrice":474.85,"lastSensexPrice":163361.38,"timestamp":1771000439278}
{"symbol":"ICICIGI-EQ","action":"HOLD","stockDirection":"DOWN","sensexDirection":"NEUTRAL","stockPrice":1916.1,"sensexPrice":163260.18,"lastStockPrice":4763.37,"lastSensexPrice":163361.38,"timestamp":1771000439282}
{"symbol":"SIEMENS-EQ","action":"HOLD","stockDirection":"UP","sensexDirection":"NEUTRAL","stockPrice":3116.5,"sensexPrice":163260.18,"lastStockPrice":1385.57,"lastSensexPrice":163361.38,"timestamp":1771000439287}
{"symbol":"BOSCHLTD-EQ","action":"HOLD","stockDirection":"UP","sensexDirection":"NEUTRAL","stockPrice":35695,"sensexPrice":163260.18,"lastStockPrice":27179.61,"lastSensexPrice":163361.38,"timestamp":1771000439293}
{"symbol":"GAIL-EQ","action":"HOLD","stockDirection":"UP","sensexDirection":"NEUTRAL","stockPrice":161.69,"sensexPrice":163260.18,"lastStockPrice":134.21,"lastSensexPrice":163361.38,"timestamp":1771000439297}
{"symbol":"TATAPOWER-EQ","action":"HOLD","stockDirection":"DOWN","sensexDirection":"NEUTRAL","stockPrice":374.1,"sensexPrice":163260.18,"lastStockPrice":419.13,"lastSensexPrice":163361.38,"timestamp":1771000439306}
{"symbol":"SHREECEM-EQ","action":"HOLD","stockDirection":"UP","sensexDirection":"NEUTRAL","stockPrice":26130,"sensexPrice":163260.18,"lastStockPrice":21097.89,"lastSensexPrice":163361.38,"timestamp":1771000439311}
{"symbol":"BAJAJHLDNG-EQ","action":"HOLD","stockDirection":"UP","sensexDirection":"NEUTRAL","stockPrice":10881,"sensexPrice":163260.18,"lastStockPrice":6819.75,"lastSensexPrice":163361.38,"timestamp":1771000439316}
{"symbol":"BRITANNIA-EQ","action":"HOLD","stockDirection":"DOWN","sensexDirection":"NEUTRAL","stockPrice":5980.5,"sensexPrice":163260.18,"lastStockPrice":7262.17,"lastSensexPrice":163361.38,"timestamp":1771000439320}
{"symbol":"JINDALSTEL-EQ","action":"HOLD","stockDirection":"UP","sensexDirection":"NEUTRAL","stockPrice":1184.7,"sensexPrice":163260.18,"lastStockPrice":986.82,"lastSensexPrice":163361.38,"timestamp":1771000439326}
{"symbol":"NAUKRI-EQ","action":"HOLD","stockDirection":"UP","sensexDirection":"NEUTRAL","stockPrice":1141.1,"sensexPrice":163260.18,"lastStockPrice":447.99,"lastSensexPrice":163361.38,"timestamp":1771000439329}
{"symbol":"VBL-EQ","action":"HOLD","stockDirection":"DOWN","sensexDirection":"NEUTRAL","stockPrice":449.3,"sensexPrice":163260.18,"lastStockPrice":654.99,"lastSensexPrice":163361.38,"timestamp":1771000439334}
{"symbol":"MAZDOCK-EQ","action":"HOLD","stockDirection":"DOWN","sensexDirection":"NEUTRAL","stockPrice":2350.2,"sensexPrice":163260.18,"lastStockPrice":4808.45,"lastSensexPrice":163361.38,"timestamp":1771000439337}
{"symbol":"VEDL-EQ","action":"HOLD","stockDirection":"NEUTRAL","sensexDirection":"DOWN","stockPrice":677.13,"sensexPrice":159472.98,"lastStockPrice":673.65,"lastSensexPrice":163361.38,"timestamp":1771000513373}
{"symbol":"ADANIENSOL-EQ","action":"HOLD","stockDirection":"DOWN","sensexDirection":"NEUTRAL","stockPrice":936.12,"sensexPrice":159472.98,"lastStockPrice":988,"lastSensexPrice":159472.98,"timestamp":1771000513392}
{"symbol":"ADANIGREEN-EQ","action":"HOLD","stockDirection":"UP","sensexDirection":"NEUTRAL","stockPrice":1009.08,"sensexPrice":159472.98,"lastStockPrice":950.5,"lastSensexPrice":159472.98,"timestamp":1771000513396}
{"symbol":"TVSMOTOR-EQ","action":"HOLD","stockDirection":"UP","sensexDirection":"NEUTRAL","stockPrice":4112.36,"sensexPrice":156519.78,"lastStockPrice":3864.6,"lastSensexPrice":159472.98,"timestamp":1771000514386}
{"symbol":"GAIL-EQ","action":"HOLD","stockDirection":"UP","sensexDirection":"NEUTRAL","stockPrice":171.66,"sensexPrice":156519.78,"lastStockPrice":161.69,"lastSensexPrice":159472.98,"timestamp":1771000514396}
{"symbol":"PNB-EQ","action":"HOLD","stockDirection":"DOWN","sensexDirection":"NEUTRAL","stockPrice":112.43,"sensexPrice":156519.78,"lastStockPrice":118.76,"lastSensexPrice":159472.98,"timestamp":1771000514399}
{"symbol":"JINDALSTEL-EQ","action":"HOLD","stockDirection":"DOWN","sensexDirection":"NEUTRAL","stockPrice":1124.71,"sensexPrice":156519.78,"lastStockPrice":1184.7,"lastSensexPrice":159472.98,"timestamp":1771000514407}
{"symbol":"HAVELLS-EQ","action":"HOLD","stockDirection":"DOWN","sensexDirection":"NEUTRAL","stockPrice":1315.32,"sensexPrice":156519.78,"lastStockPrice":1404,"lastSensexPrice":159472.98,"timestamp":1771000514412}
{"symbol":"CANBK-EQ","action":"HOLD","stockDirection":"DOWN","sensexDirection":"NEUTRAL","stockPrice":132.91,"sensexPrice":158665.73,"lastStockPrice":141.77,"lastSensexPrice":159472.98,"timestamp":1771000515388}
{"symbol":"GODREJCP-EQ","action":"HOLD","stockDirection":"UP","sensexDirection":"NEUTRAL","stockPrice":1281.35,"sensexPrice":158665.73,"lastStockPrice":1217.82,"lastSensexPrice":159472.98,"timestamp":1771000515392}
{"symbol":"LICI-EQ","action":"HOLD","stockDirection":"DOWN","sensexDirection":"NEUTRAL","stockPrice":808.25,"sensexPrice":158665.73,"lastStockPrice":862.4,"lastSensexPrice":159472.98,"timestamp":1771000515401}
{"symbol":"SHREECEM-EQ","action":"HOLD","stockDirection":"DOWN","sensexDirection":"NEUTRAL","stockPrice":24373.72,"sensexPrice":158818.18,"lastStockPrice":26130,"lastSensexPrice":159472.98,"timestamp":1771000516393}
{"symbol":"BOSCHLTD-EQ","action":"HOLD","stockDirection":"DOWN","sensexDirection":"NEUTRAL","stockPrice":33638.79,"sensexPrice":158818.18,"lastStockPrice":35695,"lastSensexPrice":159472.98,"timestamp":1771000516396}
{"symbol":"SIEMENS-EQ","action":"HOLD","stockDirection":"UP","sensexDirection":"NEUTRAL","stockPrice":3274.31,"sensexPrice":158818.18,"lastStockPrice":3116.5,"lastSensexPrice":159472.98,"timestamp":1771000516398}
{"symbol":"IRFC-EQ","action":"HOLD","stockDirection":"UP","sensexDirection":"NEUTRAL","stockPrice":118.73,"sensexPrice":158818.18,"lastStockPrice":111.44,"lastSensexPrice":159472.98,"timestamp":1771000516400}
{"symbol":"VEDL-EQ","action":"HOLD","stockDirection":"NEUTRAL","sensexDirection":"DOWN","stockPrice":654.67,"sensexPrice":155474.95,"lastStockPrice":673.65,"lastSensexPrice":159472.98,"timestamp":1771000517389}
{"symbol":"LTIM-EQ","action":"HOLD","stockDirection":"UP","sensexDirection":"NEUTRAL","stockPrice":5389.02,"sensexPrice":155474.95,"lastStockPrice":5115.5,"lastSensexPrice":155474.95,"timestamp":1771000517392}
{"symbol":"AMBUJACEM-EQ","action":"HOLD","stockDirection":"UP","sensexDirection":"NEUTRAL","stockPrice":545.71,"sensexPrice":155474.95,"lastStockPrice":519.45,"lastSensexPrice":155474.95,"timestamp":1771000517397}
{"symbol":"VEDL-EQ","action":"HOLD","stockDirection":"DOWN","sensexDirection":"UP","stockPrice":638.54,"sensexPrice":158716.15,"lastStockPrice":673.65,"lastSensexPrice":155474.95,"timestamp":1771000518402}
{"symbol":"CHOLAFIN-EQ","action":"HOLD","stockDirection":"UP","sensexDirection":"NEUTRAL","stockPrice":1808.3,"sensexPrice":158716.15,"lastStockPrice":1709.4,"lastSensexPrice":158716.15,"timestamp":1771000518407}
{"symbol":"MOTHERSON-EQ","action":"HOLD","stockDirection":"DOWN","sensexDirection":"NEUTRAL","stockPrice":127.89,"sensexPrice":158716.15,"lastStockPrice":137.26,"lastSensexPrice":158716.15,"timestamp":1771000518412}
{"symbol":"ADANIENSOL-EQ","action":"HOLD","stockDirection":"DOWN","sensexDirection":"NEUTRAL","stockPrice":877.64,"sensexPrice":158716.15,"lastStockPrice":936.12,"lastSensexPrice":158716.15,"timestamp":1771000518424}
{"symbol":"SOLARINDS-EQ","action":"HOLD","stockDirection":"DOWN","sensexDirection":"NEUTRAL","stockPrice":12304.58,"sensexPrice":158716.15,"lastStockPrice":13043,"lastSensexPrice":158716.15,"timestamp":1771000518426}
{"symbol":"VEDL-EQ","action":"HOLD","stockDirection":"NEUTRAL","sensexDirection":"DOWN","stockPrice":632.12,"sensexPrice":155294.81,"lastStockPrice":638.54,"lastSensexPrice":158716.15,"timestamp":1771000519415}
{"symbol":"DIVISLAB-EQ","action":"HOLD","stockDirection":"DOWN","sensexDirection":"NEUTRAL","stockPrice":5799.91,"sensexPrice":155294.81,"lastStockPrice":6168.5,"lastSensexPrice":155294.81,"timestamp":1771000519418}
{"symbol":"ICICIGI-EQ","action":"HOLD","stockDirection":"UP","sensexDirection":"NEUTRAL","stockPrice":2034.09,"sensexPrice":155294.81,"lastStockPrice":1916.1,"lastSensexPrice":155294.81,"timestamp":1771000519423}
{"symbol":"TORNTPHARM-EQ","action":"HOLD","stockDirection":"DOWN","sensexDirection":"NEUTRAL","stockPrice":3859.58,"sensexPrice":155294.81,"lastStockPrice":4078,"lastSensexPrice":155294.81,"timestamp":1771000519426}
{"symbol":"HAVELLS-EQ","action":"HOLD","stockDirection":"UP","sensexDirection":"NEUTRAL","stockPrice":1388.8,"sensexPrice":155294.81,"lastStockPrice":1315.32,"lastSensexPrice":155294.81,"timestamp":1771000519429}
{"symbol":"ADANIGREEN-EQ","action":"HOLD","stockDirection":"UP","sensexDirection":"NEUTRAL","stockPrice":1070.95,"sensexPrice":155294.81,"lastStockPrice":1009.08,"lastSensexPrice":155294.81,"timestamp":1771000519437}
{"symbol":"BAJAJHFL-EQ","action":"HOLD","stockDirection":"UP","sensexDirection":"NEUTRAL","stockPrice":93.99,"sensexPrice":155294.81,"lastStockPrice":89.29,"lastSensexPrice":155294.81,"timestamp":1771000519440}
{"symbol":"ADANIPOWER-EQ","action":"HOLD","stockDirection":"DOWN","sensexDirection":"NEUTRAL","stockPrice":132.73,"sensexPrice":157195.34,"lastStockPrice":139.9,"lastSensexPrice":155294.81,"timestamp":1771000520424}
{"symbol":"AMBUJACEM-EQ","action":"HOLD","stockDirection":"DOWN","sensexDirection":"NEUTRAL","stockPrice":514.7,"sensexPrice":157195.34,"lastStockPrice":545.71,"lastSensexPrice":155294.81,"timestamp":1771000520431}
{"symbol":"JSWENERGY-EQ","action":"HOLD","stockDirection":"UP","sensexDirection":"NEUTRAL","stockPrice":500.39,"sensexPrice":157195.34,"lastStockPrice":474.7,"lastSensexPrice":155294.81,"timestamp":1771000520435}
{"symbol":"BAJAJHLDNG-EQ","action":"HOLD","stockDirection":"DOWN","sensexDirection":"NEUTRAL","stockPrice":10325.97,"sensexPrice":155513.11,"lastStockPrice":10881,"lastSensexPrice":155294.81,"timestamp":1771000521429}
{"symbol":"ADANIGREEN-EQ","action":"HOLD","stockDirection":"DOWN","sensexDirection":"NEUTRAL","stockPrice":950.5,"sensexPrice":155513.11,"lastStockPrice":1070.95,"lastSensexPrice":155294.81,"timestamp":1771000534893}
{"symbol":"ADANIENSOL-EQ","action":"HOLD","stockDirection":"UP","sensexDirection":"NEUTRAL","stockPrice":988,"sensexPrice":155513.11,"lastStockPrice":877.64,"lastSensexPrice":155294.81,"timestamp":1771000534907}
{"symbol":"IRFC-EQ","action":"HOLD","stockDirection":"DOWN","sensexDirection":"NEUTRAL","stockPrice":111.44,"sensexPrice":155513.11,"lastStockPrice":118.73,"lastSensexPrice":155294.81,"timestamp":1771000534911}
{"symbol":"GODREJCP-EQ","action":"HOLD","stockDirection":"DOWN","sensexDirection":"NEUTRAL","stockPrice":1195.4,"sensexPrice":155513.11,"lastStockPrice":1281.35,"lastSensexPrice":155294.81,"timestamp":1771000534919}
{"symbol":"TORNTPHARM-EQ","action":"HOLD","stockDirection":"UP","sensexDirection":"NEUTRAL","stockPrice":4078,"sensexPrice":155513.11,"lastStockPrice":3859.58,"lastSensexPrice":155294.81,"timestamp":1771000534929}
{"symbol":"BAJAJHFL-EQ","action":"HOLD","stockDirection":"DOWN","sensexDirection":"NEUTRAL","stockPrice":89.29,"sensexPrice":155513.11,"lastStockPrice":93.99,"lastSensexPrice":155294.81,"timestamp":1771000534943}
{"symbol":"CHOLAFIN-EQ","action":"HOLD","stockDirection":"DOWN","sensexDirection":"NEUTRAL","stockPrice":1709.4,"sensexPrice":155513.11,"lastStockPrice":1808.3,"lastSensexPrice":155294.81,"timestamp":1771000534948}
{"symbol":"LTIM-EQ","action":"HOLD","stockDirection":"DOWN","sensexDirection":"NEUTRAL","stockPrice":5115.5,"sensexPrice":155513.11,"lastStockPrice":5389.02,"lastSensexPrice":155294.81,"timestamp":1771000534952}
{"symbol":"SOLARINDS-EQ","action":"HOLD","stockDirection":"UP","sensexDirection":"NEUTRAL","stockPrice":13043,"sensexPrice":155513.11,"lastStockPrice":12304.58,"lastSensexPrice":155294.81,"timestamp":1771000534958}
{"symbol":"PNB-EQ","action":"HOLD","stockDirection":"UP","sensexDirection":"NEUTRAL","stockPrice":118.76,"sensexPrice":155513.11,"lastStockPrice":112.43,"lastSensexPrice":155294.81,"timestamp":1771000534962}
{"symbol":"DIVISLAB-EQ","action":"HOLD","stockDirection":"UP","sensexDirection":"NEUTRAL","stockPrice":6168.5,"sensexPrice":155513.11,"lastStockPrice":5799.91,"lastSensexPrice":155294.81,"timestamp":1771000534967}
{"symbol":"ADANIPOWER-EQ","action":"HOLD","stockDirection":"UP","sensexDirection":"NEUTRAL","stockPrice":139.9,"sensexPrice":155513.11,"lastStockPrice":132.73,"lastSensexPrice":155294.81,"timestamp":1771000534972}
{"symbol":"TVSMOTOR-EQ","action":"HOLD","stockDirection":"DOWN","sensexDirection":"NEUTRAL","stockPrice":3864.6,"sensexPrice":155513.11,"lastStockPrice":4112.36,"lastSensexPrice":155294.81,"timestamp":1771000534980}
{"symbol":"LICI-EQ","action":"HOLD","stockDirection":"UP","sensexDirection":"NEUTRAL","stockPrice":862.4,"sensexPrice":155513.11,"lastStockPrice":808.25,"lastSensexPrice":155294.81,"timestamp":1771000534984}
{"symbol":"VEDL-EQ","action":"HOLD","stockDirection":"UP","sensexDirection":"NEUTRAL","stockPrice":673.65,"sensexPrice":155513.11,"lastStockPrice":638.54,"lastSensexPrice":155294.81,"timestamp":1771000534993}
{"symbol":"JSWENERGY-EQ","action":"HOLD","stockDirection":"DOWN","sensexDirection":"NEUTRAL","stockPrice":474.7,"sensexPrice":155513.11,"lastStockPrice":500.39,"lastSensexPrice":155294.81,"timestamp":1771000534997}
{"symbol":"CANBK-EQ","action":"HOLD","stockDirection":"UP","sensexDirection":"NEUTRAL","stockPrice":141.77,"sensexPrice":155513.11,"lastStockPrice":132.91,"lastSensexPrice":155294.81,"timestamp":1771000535001}
{"symbol":"ICICIGI-EQ","action":"HOLD","stockDirection":"DOWN","sensexDirection":"NEUTRAL","stockPrice":1916.1,"sensexPrice":155513.11,"lastStockPrice":2034.09,"lastSensexPrice":155294.81,"timestamp":1771000535008}
{"symbol":"BOSCHLTD-EQ","action":"HOLD","stockDirection":"UP","sensexDirection":"NEUTRAL","stockPrice":35695,"sensexPrice":155513.11,"lastStockPrice":33638.79,"lastSensexPrice":155294.81,"timestamp":1771000535012}
{"symbol":"GAIL-EQ","action":"HOLD","stockDirection":"DOWN","sensexDirection":"NEUTRAL","stockPrice":161.69,"sensexPrice":155513.11,"lastStockPrice":171.66,"lastSensexPrice":155294.81,"timestamp":1771000535015}
{"symbol":"SHREECEM-EQ","action":"HOLD","stockDirection":"UP","sensexDirection":"NEUTRAL","stockPrice":26130,"sensexPrice":155513.11,"lastStockPrice":24373.72,"lastSensexPrice":155294.81,"timestamp":1771000535024}
{"symbol":"BAJAJHLDNG-EQ","action":"HOLD","stockDirection":"UP","sensexDirection":"NEUTRAL","stockPrice":10881,"sensexPrice":155513.11,"lastStockPrice":10325.97,"lastSensexPrice":155294.81,"timestamp":1771000535027}
{"symbol":"JINDALSTEL-EQ","action":"HOLD","stockDirection":"UP","sensexDirection":"NEUTRAL","stockPrice":1184.7,"sensexPrice":155513.11,"lastStockPrice":1124.71,"lastSensexPrice":155294.81,"timestamp":1771000535031}
{"symbol":"PFC-EQ","action":"HOLD","stockDirection":"NEUTRAL","sensexDirection":"DOWN","stockPrice":400.55,"sensexPrice":82626.76,"lastStockPrice":400.55,"lastSensexPrice":155294.81,"timestamp":1771000567130}
