{"symbol":"VEDL-EQ","action":"HOLD","stockDirection":"NEUTRAL","sensexDirection":"DOWN","stockPrice":659.39,"sensexPrice":80187.72,"lastStockPrice":674.8,"lastSensexPrice":82180.47,"timestamp":1771140847773}
{"symbol":"BOSCHLTD-EQ","action":"HOLD","stockDirection":"DOWN","sensexDirection":"NEUTRAL","stockPrice":34449.17,"sensexPrice":79386.34,"lastStockPrice":36510,"lastSensexPrice":80187.72,"timestamp":1771140848786}
{"symbol":"BPCL-EQ","action":"HOLD","stockDirection":"DOWN","sensexDirection":"NEUTRAL","stockPrice":341.75,"sensexPrice":80450.69,"lastStockPrice":361.25,"lastSensexPrice":80187.72,"timestamp":1771140849800}
{"symbol":"BRITANNIA-EQ","action":"HOLD","stockDirection":"DOWN","sensexDirection":"NEUTRAL","stockPrice":5638.33,"sensexPrice":78768.35,"lastStockPrice":5943.5,"lastSensexPrice":80187.72,"timestamp":1771140850814}
{"symbol":"DMART-EQ","action":"HOLD","stockDirection":"UP","sensexDirection":"NEUTRAL","stockPrice":3968.88,"sensexPrice":78768.35,"lastStockPrice":3766.7,"lastSensexPrice":80187.72,"timestamp":1771140850817}
{"symbol":"VEDL-EQ","action":"HOLD","stockDirection":"NEUTRAL","sensexDirection":"DOWN","stockPrice":690.13,"sensexPrice":77434.34,"lastStockPrice":674.8,"lastSensexPrice":80187.72,"timestamp":1771140851816}
{"symbol":"ADANIENSOL-EQ","action":"HOLD","stockDirection":"UP","sensexDirection":"NEUTRAL","stockPrice":954.71,"sensexPrice":77434.34,"lastStockPrice":908.4,"lastSensexPrice":77434.34,"timestamp":1771140851819}
{"symbol":"VEDL-EQ","action":"HOLD","stockDirection":"NEUTRAL","sensexDirection":"DOWN","stockPrice":674.45,"sensexPrice":75582.24,"lastStockPrice":674.8,"lastSensexPrice":77434.34,"timestamp":1771140852829}
{"symbol":"TVSMOTOR-EQ","action":"HOLD","stockDirection":"UP","sensexDirection":"NEUTRAL","stockPrice":3903.25,"sensexPrice":75582.24,"lastStockPrice":3701.9,"lastSensexPrice":75582.24,"timestamp":1771140852831}
{"symbol":"CHOLAFIN-EQ","action":"HOLD","stockDirection":"UP","sensexDirection":"NEUTRAL","stockPrice":1796.3,"sensexPrice":75582.24,"lastStockPrice":1700.4,"lastSensexPrice":75582.24,"timestamp":1771140852831}
{"symbol":"PFC-EQ","action":"HOLD","stockDirection":"DOWN","sensexDirection":"NEUTRAL","stockPrice":350.85,"sensexPrice":75582.24,"lastStockPrice":372.15,"lastSensexPrice":75582.24,"timestamp":1771140852832}
{"symbol":"NAUKRI-EQ","action":"HOLD","stockDirection":"UP","sensexDirection":"NEUTRAL","stockPrice":1403.71,"sensexPrice":75582.24,"lastStockPrice":1317.4,"lastSensexPrice":75582.24,"timestamp":1771140852833}
{"symbol":"BAJAJHLDNG-EQ","action":"HOLD","stockDirection":"DOWN","sensexDirection":"NEUTRAL","stockPrice":9976.84,"sensexPrice":75582.24,"lastStockPrice":10648,"lastSensexPrice":75582.24,"timestamp":1771140852834}
{"symbol":"UNITDSPR-EQ","action":"HOLD","stockDirection":"UP","sensexDirection":"NEUTRAL","stockPrice":1405.44,"sensexPrice":75582.24,"lastStockPrice":1324.8,"lastSensexPrice":75582.24,"timestamp":1771140852836}
{"symbol":"SHREECEM-EQ","action":"HOLD","stockDirection":"UP","sensexDirection":"NEUTRAL","stockPrice":29068.73,"sensexPrice":75582.24,"lastStockPrice":27510,"lastSensexPrice":75582.24,"timestamp":1771140852837}
{"symbol":"HYUNDAI-EQ","action":"HOLD","stockDirection":"UP","sensexDirection":"NEUTRAL","stockPrice":2464.69,"sensexPrice":75582.24,"lastStockPrice":2346.4,"lastSensexPrice":75582.24,"timestamp":1771140852838}
{"symbol":"ZYDUSLIFE-EQ","action":"HOLD","stockDirection":"UP","sensexDirection":"NEUTRAL","stockPrice":930.42,"sensexPrice":75582.24,"lastStockPrice":881.1,"lastSensexPrice":75582.24,"timestamp":1771140852861}
{"symbol":"LICI-EQ","action":"HOLD","stockDirection":"DOWN","sensexDirection":"NEUTRAL","stockPrice":768.97,"sensexPrice":75582.24,"lastStockPrice":809.75,"lastSensexPrice":75582.24,"timestamp":1771140852862}
{"symbol":"HAL-EQ","action":"HOLD","stockDirection":"UP","sensexDirection":"NEUTRAL","stockPrice":4740.6,"sensexPrice":75974.93,"lastStockPrice":4504.3,"lastSensexPrice":75582.24,"timestamp":1771140853844}
{"symbol":"MOTHERSON-EQ","action":"HOLD","stockDirection":"DOWN","sensexDirection":"NEUTRAL","stockPrice":105.91,"sensexPrice":75974.93,"lastStockPrice":112.33,"lastSensexPrice":75582.24,"timestamp":1771140853846}
{"symbol":"DIVISLAB-EQ","action":"HOLD","stockDirection":"DOWN","sensexDirection":"NEUTRAL","stockPrice":5790.62,"sensexPrice":77024.4,"lastStockPrice":6140,"lastSensexPrice":75582.24,"timestamp":1771140854856}
{"symbol":"PNB-EQ","action":"HOLD","stockDirection":"UP","sensexDirection":"NEUTRAL","stockPrice":135.41,"sensexPrice":77024.4,"lastStockPrice":128.05,"lastSensexPrice":75582.24,"timestamp":1771140854858}
{"symbol":"VEDL-EQ","action":"HOLD","stockDirection":"NEUTRAL","sensexDirection":"UP","stockPrice":670.47,"sensexPrice":77706.39,"lastStockPrice":674.8,"lastSensexPrice":75582.24,"timestamp":1771140855867}
{"symbol":"BANKBARODA-EQ","action":"HOLD","stockDirection":"DOWN","sensexDirection":"NEUTRAL","stockPrice":290.45,"sensexPrice":77706.39,"lastStockPrice":307.15,"lastSensexPrice":77706.39,"timestamp":1771140855869}
{"symbol":"DMART-EQ","action":"HOLD","stockDirection":"UP","sensexDirection":"NEUTRAL","stockPrice":4179.84,"sensexPrice":77706.39,"lastStockPrice":3968.88,"lastSensexPrice":77706.39,"timestamp":1771140855869}
{"symbol":"BAJAJHLDNG-EQ","action":"HOLD","stockDirection":"UP","sensexDirection":"NEUTRAL","stockPrice":10500.63,"sensexPrice":77706.39,"lastStockPrice":9976.84,"lastSensexPrice":77706.39,"timestamp":1771140855870}
{"symbol":"JINDALSTEL-EQ","action":"HOLD","stockDirection":"DOWN","sensexDirection":"NEUTRAL","stockPrice":997.29,"sensexPrice":77706.39,"lastStockPrice":1055.6,"lastSensexPrice":77706.39,"timestamp":1771140855871}
{"symbol":"JSWENERGY-EQ","action":"HOLD","stockDirection":"UP","sensexDirection":"NEUTRAL","stockPrice":513.86,"sensexPrice":77706.39,"lastStockPrice":486.35,"lastSensexPrice":77706.39,"timestamp":1771140855872}
{"symbol":"BRITANNIA-EQ","action":"HOLD","stockDirection":"UP","sensexDirection":"NEUTRAL","stockPrice":5924.63,"sensexPrice":77651.99,"lastStockPrice":5638.33,"lastSensexPrice":77706.39,"timestamp":1771140856882}
{"symbol":"ICICIGI-EQ","action":"HOLD","stockDirection":"DOWN","sensexDirection":"NEUTRAL","stockPrice":1780.52,"sensexPrice":77651.99,"lastStockPrice":1884.8,"lastSensexPrice":77706.39,"timestamp":1771140856884}
{"symbol":"BPCL-EQ","action":"HOLD","stockDirection":"DOWN","sensexDirection":"NEUTRAL","stockPrice":321.76,"sensexPrice":77350.17,"lastStockPrice":341.75,"lastSensexPrice":77706.39,"timestamp":1771140857892}
{"symbol":"GAIL-EQ","action":"HOLD","stockDirection":"DOWN","sensexDirection":"NEUTRAL","stockPrice":156.18,"sensexPrice":77350.17,"lastStockPrice":164.72,"lastSensexPrice":77706.39,"timestamp":1771140857893}
{"symbol":"MAZDOCK-EQ","action":"HOLD","stockDirection":"DOWN","sensexDirection":"NEUTRAL","stockPrice":2295.18,"sensexPrice":77350.17,"lastStockPrice":2436.7,"lastSensexPrice":77706.39,"timestamp":1771140857895}
{"symbol":"VEDL-EQ","action":"HOLD","stockDirection":"NEUTRAL","sensexDirection":"DOWN","stockPrice":667.42,"sensexPrice":75424.43,"lastStockPrice":674.8,"lastSensexPrice":77706.39,"timestamp":1771140858906}
{"symbol":"CHOLAFIN-EQ","action":"HOLD","stockDirection":"UP","sensexDirection":"NEUTRAL","stockPrice":1916.99,"sensexPrice":75424.43,"lastStockPrice":1796.3,"lastSensexPrice":75424.43,"timestamp":1771140858908}
{"symbol":"ADANIPOWER-EQ","action":"HOLD","stockDirection":"DOWN","sensexDirection":"NEUTRAL","stockPrice":133.04,"sensexPrice":75424.43,"lastStockPrice":140.56,"lastSensexPrice":75424.43,"timestamp":1771140858909}
{"symbol":"PIDILITIND-EQ","action":"HOLD","stockDirection":"UP","sensexDirection":"NEUTRAL","stockPrice":1571.92,"sensexPrice":75424.43,"lastStockPrice":1474.8,"lastSensexPrice":75424.43,"timestamp":1771140858910}
{"symbol":"ENRIN-EQ","action":"HOLD","stockDirection":"UP","sensexDirection":"NEUTRAL","stockPrice":2451.6,"sensexPrice":75424.43,"lastStockPrice":2316.9,"lastSensexPrice":75424.43,"timestamp":1771140858911}
{"symbol":"CANBK-EQ","action":"HOLD","stockDirection":"UP","sensexDirection":"NEUTRAL","stockPrice":165.5,"sensexPrice":74913.81,"lastStockPrice":156.86,"lastSensexPrice":75424.43,"timestamp":1771140859921}
{"symbol":"BOSCHLTD-EQ","action":"HOLD","stockDirection":"DOWN","sensexDirection":"NEUTRAL","stockPrice":32402.95,"sensexPrice":74913.81,"lastStockPrice":34449.17,"lastSensexPrice":75424.43,"timestamp":1771140859923}
{"symbol":"ABB-EQ","action":"HOLD","stockDirection":"UP","sensexDirection":"NEUTRAL","stockPrice":5152.62,"sensexPrice":74913.81,"lastStockPrice":4865.5,"lastSensexPrice":75424.43,"timestamp":1771140859924}
{"symbol":"VEDL-EQ","action":"HOLD","stockDirection":"DOWN","sensexDirection":"NEUTRAL","stockPrice":640.41,"sensexPrice":74714.64,"lastStockPrice":674.8,"lastSensexPrice":75424.43,"timestamp":1771140860935}
{"symbol":"LTIM-EQ","action":"HOLD","stockDirection":"DOWN","sensexDirection":"NEUTRAL","stockPrice":6027.7,"sensexPrice":74714.64,"lastStockPrice":6407,"lastSensexPrice":75424.43,"timestamp":1771140861041}
{"symbol":"ADANIENSOL-EQ","action":"HOLD","stockDirection":"UP","sensexDirection":"NEUTRAL","stockPrice":1004.16,"sensexPrice":74714.64,"lastStockPrice":954.71,"lastSensexPrice":75424.43,"timestamp":1771140861043}
{"symbol":"TATAPOWER-EQ","action":"HOLD","stockDirection":"DOWN","sensexDirection":"NEUTRAL","stockPrice":342.86,"sensexPrice":74170.16,"lastStockPrice":363.2,"lastSensexPrice":75424.43,"timestamp":1771140861947}
{"symbol":"INDHOTEL-EQ","action":"HOLD","stockDirection":"UP","sensexDirection":"NEUTRAL","stockPrice":705.61,"sensexPrice":74170.16,"lastStockPrice":668.35,"lastSensexPrice":75424.43,"timestamp":1771140861949}
{"symbol":"DMART-EQ","action":"HOLD","stockDirection":"DOWN","sensexDirection":"NEUTRAL","stockPrice":3926.05,"sensexPrice":74170.16,"lastStockPrice":4179.84,"lastSensexPrice":75424.43,"timestamp":1771140861950}
{"symbol":"SHREECEM-EQ","action":"HOLD","stockDirection":"UP","sensexDirection":"NEUTRAL","stockPrice":30813,"sensexPrice":75303.1,"lastStockPrice":29068.73,"lastSensexPrice":75424.43,"timestamp":1771140862956}
{"symbol":"HINDZINC-EQ","action":"HOLD","stockDirection":"UP","sensexDirection":"NEUTRAL","stockPrice":702.92,"sensexPrice":75303.1,"lastStockPrice":660.4,"lastSensexPrice":75424.43,"timestamp":1771140862958}
{"symbol":"IRFC-EQ","action":"HOLD","stockDirection":"UP","sensexDirection":"NEUTRAL","stockPrice":127.26,"sensexPrice":75303.1,"lastStockPrice":120.9,"lastSensexPrice":75424.43,"timestamp":1771140862959}
{"symbol":"TVSMOTOR-EQ","action":"HOLD","stockDirection":"DOWN","sensexDirection":"NEUTRAL","stockPrice":3694.72,"sensexPrice":75902.48,"lastStockPrice":3903.25,"lastSensexPrice":75424.43,"timestamp":1771140863970}
{"symbol":"VBL-EQ","action":"HOLD","stockDirection":"UP","sensexDirection":"NEUTRAL","stockPrice":526.2,"sensexPrice":75902.48,"lastStockPrice":496,"lastSensexPrice":75424.43,"timestamp":1771140863972}
{"symbol":"BANKBARODA-EQ","action":"HOLD","stockDirection":"UP","sensexDirection":"NEUTRAL","stockPrice":307.31,"sensexPrice":75902.48,"lastStockPrice":290.45,"lastSensexPrice":75424.43,"timestamp":1771140863973}
{"symbol":"SOLARINDS-EQ","action":"HOLD","stockDirection":"DOWN","sensexDirection":"NEUTRAL","stockPrice":12190.32,"sensexPrice":75902.48,"lastStockPrice":12925,"lastSensexPrice":75424.43,"timestamp":1771140863974}
{"symbol":"JSWENERGY-EQ","action":"HOLD","stockDirection":"UP","sensexDirection":"NEUTRAL","stockPrice":540.41,"sensexPrice":75902.48,"lastStockPrice":513.86,"lastSensexPrice":75424.43,"timestamp":1771140863975}
{"symbol":"ENRIN-EQ","action":"HOLD","stockDirection":"DOWN","sensexDirection":"NEUTRAL","stockPrice":2302.77,"sensexPrice":75902.48,"lastStockPrice":2451.6,"lastSensexPrice":75424.43,"timestamp":1771140863976}
{"symbol":"MAZDOCK-EQ","action":"HOLD","stockDirection":"UP","sensexDirection":"NEUTRAL","stockPrice":2423.53,"sensexPrice":75902.48,"lastStockPrice":2295.18,"lastSensexPrice":75424.43,"timestamp":1771140863977}
{"symbol":"HAL-EQ","action":"HOLD","stockDirection":"DOWN","sensexDirection":"NEUTRAL","stockPrice":4458.93,"sensexPrice":74924.6,"lastStockPrice":4740.6,"lastSensexPrice":75424.43,"timestamp":1771140864986}
{"symbol":"CHOLAFIN-EQ","action":"HOLD","stockDirection":"DOWN","sensexDirection":"NEUTRAL","stockPrice":1817.79,"sensexPrice":74924.6,"lastStockPrice":1916.99,"lastSensexPrice":75424.43,"timestamp":1771140864992}
{"symbol":"GAIL-EQ","action":"HOLD","stockDirection":"UP","sensexDirection":"NEUTRAL","stockPrice":165.22,"sensexPrice":74924.6,"lastStockPrice":156.18,"lastSensexPrice":75424.43,"timestamp":1771140864995}
{"symbol":"PIDILITIND-EQ","action":"HOLD","stockDirection":"UP","sensexDirection":"NEUTRAL","stockPrice":1659.29,"sensexPrice":74979.36,"lastStockPrice":1571.92,"lastSensexPrice":75424.43,"timestamp":1771140865998}
{"symbol":"ADANIGREEN-EQ","action":"HOLD","stockDirection":"DOWN","sensexDirection":"NEUTRAL","stockPrice":855.58,"sensexPrice":74979.36,"lastStockPrice":914,"lastSensexPrice":75424.43,"timestamp":1771140865999}
{"symbol":"BPCL-EQ","action":"HOLD","stockDirection":"UP","sensexDirection":"NEUTRAL","stockPrice":338.3,"sensexPrice":75064.8,"lastStockPrice":321.76,"lastSensexPrice":75424.43,"timestamp":1771140867013}
{"symbol":"IOC-EQ","action":"HOLD","stockDirection":"UP","sensexDirection":"NEUTRAL","stockPrice":170.6,"sensexPrice":75064.8,"lastStockPrice":160.9,"lastSensexPrice":75424.43,"timestamp":1771140867015}
{"symbol":"LICI-EQ","action":"HOLD","stockDirection":"DOWN","sensexDirection":"NEUTRAL","stockPrice":716.21,"sensexPrice":75064.8,"lastStockPrice":768.97,"lastSensexPrice":75424.43,"timestamp":1771140867016}
{"symbol":"VEDL-EQ","action":"HOLD","stockDirection":"NEUTRAL","sensexDirection":"DOWN","stockPrice":652.29,"sensexPrice":73772.63,"lastStockPrice":640.41,"lastSensexPrice":75424.43,"timestamp":1771140868024}
{"symbol":"CHOLAFIN-EQ","action":"HOLD","stockDirection":"DOWN","sensexDirection":"NEUTRAL","stockPrice":1723.38,"sensexPrice":73772.63,"lastStockPrice":1817.79,"lastSensexPrice":73772.63,"timestamp":1771140868026}
{"symbol":"CANBK-EQ","action":"HOLD","stockDirection":"DOWN","sensexDirection":"NEUTRAL","stockPrice":155.65,"sensexPrice":73772.63,"lastStockPrice":165.5,"lastSensexPrice":73772.63,"timestamp":1771140868027}
{"symbol":"GODREJCP-EQ","action":"HOLD","stockDirection":"UP","sensexDirection":"NEUTRAL","stockPrice":1296.97,"sensexPrice":73772.63,"lastStockPrice":1232.2,"lastSensexPrice":73772.63,"timestamp":1771140868028}
{"symbol":"BAJAJHLDNG-EQ","action":"HOLD","stockDirection":"DOWN","sensexDirection":"NEUTRAL","stockPrice":9975.43,"sensexPrice":73772.63,"lastStockPrice":10500.63,"lastSensexPrice":73772.63,"timestamp":1771140868028}
{"symbol":"GAIL-EQ","action":"HOLD","stockDirection":"UP","sensexDirection":"NEUTRAL","stockPrice":175.59,"sensexPrice":73772.63,"lastStockPrice":165.22,"lastSensexPrice":73772.63,"timestamp":1771140868029}
{"symbol":"VEDL-EQ","action":"HOLD","stockDirection":"NEUTRAL","sensexDirection":"DOWN","stockPrice":661.54,"sensexPrice":72035.31,"lastStockPrice":640.41,"lastSensexPrice":73772.63,"timestamp":1771140869031}
{"symbol":"LTIM-EQ","action":"HOLD","stockDirection":"DOWN","sensexDirection":"NEUTRAL","stockPrice":5715.96,"sensexPrice":72035.31,"lastStockPrice":6027.7,"lastSensexPrice":72035.31,"timestamp":1771140869034}
{"symbol":"ICICIGI-EQ","action":"HOLD","stockDirection":"UP","sensexDirection":"NEUTRAL","stockPrice":1869.61,"sensexPrice":72035.31,"lastStockPrice":1780.52,"lastSensexPrice":72035.31,"timestamp":1771140869035}
{"symbol":"ABB-EQ","action":"HOLD","stockDirection":"UP","sensexDirection":"NEUTRAL","stockPrice":5413.65,"sensexPrice":72035.31,"lastStockPrice":5152.62,"lastSensexPrice":72035.31,"timestamp":1771140869037}
{"symbol":"ZYDUSLIFE-EQ","action":"HOLD","stockDirection":"UP","sensexDirection":"NEUTRAL","stockPrice":979.21,"sensexPrice":72035.31,"lastStockPrice":930.42,"lastSensexPrice":72035.31,"timestamp":1771140869038}
{"symbol":"VEDL-EQ","action":"HOLD","stockDirection":"NEUTRAL","sensexDirection":"DOWN","stockPrice":657.08,"sensexPrice":70579.8,"lastStockPrice":640.41,"lastSensexPrice":72035.31,"timestamp":1771140870052}
{"symbol":"HAL-EQ","action":"HOLD","stockDirection":"DOWN","sensexDirection":"NEUTRAL","stockPrice":4229.28,"sensexPrice":70579.8,"lastStockPrice":4458.93,"lastSensexPrice":70579.8,"timestamp":1771140870163}
{"symbol":"DMART-EQ","action":"HOLD","stockDirection":"DOWN","sensexDirection":"NEUTRAL","stockPrice":3677.53,"sensexPrice":70579.8,"lastStockPrice":3926.05,"lastSensexPrice":70579.8,"timestamp":1771140870173}
{"symbol":"PIDILITIND-EQ","action":"HOLD","stockDirection":"UP","sensexDirection":"NEUTRAL","stockPrice":1762.64,"sensexPrice":70579.8,"lastStockPrice":1659.29,"lastSensexPrice":70579.8,"timestamp":1771140870176}
{"symbol":"BAJAJHFL-EQ","action":"HOLD","stockDirection":"DOWN","sensexDirection":"NEUTRAL","stockPrice":85.81,"sensexPrice":70579.8,"lastStockPrice":91.35,"lastSensexPrice":70579.8,"timestamp":1771140870182}
{"symbol":"TVSMOTOR-EQ","action":"HOLD","stockDirection":"UP","sensexDirection":"NEUTRAL","stockPrice":3947.8,"sensexPrice":70623.07,"lastStockPrice":3694.72,"lastSensexPrice":70579.8,"timestamp":1771140871067}
{"symbol":"BANKBARODA-EQ","action":"HOLD","stockDirection":"UP","sensexDirection":"NEUTRAL","stockPrice":325.09,"sensexPrice":70623.07,"lastStockPrice":307.31,"lastSensexPrice":70579.8,"timestamp":1771140871072}
{"symbol":"PFC-EQ","action":"HOLD","stockDirection":"DOWN","sensexDirection":"NEUTRAL","stockPrice":328.95,"sensexPrice":71245.83,"lastStockPrice":350.85,"lastSensexPrice":70579.8,"timestamp":1771140872068}
{"symbol":"PNB-EQ","action":"HOLD","stockDirection":"DOWN","sensexDirection":"NEUTRAL","stockPrice":127.91,"sensexPrice":71245.83,"lastStockPrice":135.41,"lastSensexPrice":70579.8,"timestamp":1771140872076}
{"symbol":"HINDZINC-EQ","action":"HOLD","stockDirection":"UP","sensexDirection":"NEUTRAL","stockPrice":745.13,"sensexPrice":71245.83,"lastStockPrice":702.92,"lastSensexPrice":70579.8,"timestamp":1771140872082}
{"symbol":"VEDL-EQ","action":"HOLD","stockDirection":"NEUTRAL","sensexDirection":"UP","stockPrice":637.38,"sensexPrice":72587.28,"lastStockPrice":640.41,"lastSensexPrice":70579.8,"timestamp":1771140873078}
{"symbol":"CANBK-EQ","action":"HOLD","stockDirection":"UP","sensexDirection":"NEUTRAL","stockPrice":166.64,"sensexPrice":72587.28,"lastStockPrice":155.65,"lastSensexPrice":72587.28,"timestamp":1771140873081}
{"symbol":"RECLTD-EQ","action":"HOLD","stockDirection":"UP","sensexDirection":"NEUTRAL","stockPrice":390.23,"sensexPrice":72587.28,"lastStockPrice":370.1,"lastSensexPrice":72587.28,"timestamp":1771140873085}
{"symbol":"AMBUJACEM-EQ","action":"HOLD","stockDirection":"DOWN","sensexDirection":"NEUTRAL","stockPrice":520.32,"sensexPrice":72587.28,"lastStockPrice":552.15,"lastSensexPrice":72587.28,"timestamp":1771140873091}
{"symbol":"CGPOWER-EQ","action":"HOLD","stockDirection":"DOWN","sensexDirection":"NEUTRAL","stockPrice":554.7,"sensexPrice":73805.95,"lastStockPrice":590,"lastSensexPrice":72587.28,"timestamp":1771140874090}
{"symbol":"HYUNDAI-EQ","action":"HOLD","stockDirection":"DOWN","sensexDirection":"NEUTRAL","stockPrice":2337.4,"sensexPrice":73805.95,"lastStockPrice":2464.69,"lastSensexPrice":72587.28,"timestamp":1771140874092}
{"symbol":"ICICIGI-EQ","action":"HOLD","stockDirection":"UP","sensexDirection":"NEUTRAL","stockPrice":1966.95,"sensexPrice":72575.21,"lastStockPrice":1869.61,"lastSensexPrice":72587.28,"timestamp":1771140875105}
{"symbol":"IRFC-EQ","action":"HOLD","stockDirection":"DOWN","sensexDirection":"NEUTRAL","stockPrice":120.62,"sensexPrice":72575.21,"lastStockPrice":127.26,"lastSensexPrice":72587.28,"timestamp":1771140875113}
{"symbol":"HAL-EQ","action":"HOLD","stockDirection":"UP","sensexDirection":"NEUTRAL","stockPrice":4480.59,"sensexPrice":72998.45,"lastStockPrice":4229.28,"lastSensexPrice":72587.28,"timestamp":1771140876108}
{"symbol":"CHOLAFIN-EQ","action":"HOLD","stockDirection":"DOWN","sensexDirection":"NEUTRAL","stockPrice":1610.1,"sensexPrice":72998.45,"lastStockPrice":1723.38,"lastSensexPrice":72587.28,"timestamp":1771140876111}
{"symbol":"TATAPOWER-EQ","action":"HOLD","stockDirection":"UP","sensexDirection":"NEUTRAL","stockPrice":365.74,"sensexPrice":72998.45,"lastStockPrice":342.86,"lastSensexPrice":72587.28,"timestamp":1771140876113}
{"symbol":"HINDZINC-EQ","action":"HOLD","stockDirection":"UP","sensexDirection":"NEUTRAL","stockPrice":791.89,"sensexPrice":72998.45,"lastStockPrice":745.13,"lastSensexPrice":72587.28,"timestamp":1771140876117}
{"symbol":"BRITANNIA-EQ","action":"HOLD","stockDirection":"DOWN","sensexDirection":"NEUTRAL","stockPrice":5618.17,"sensexPrice":73946.68,"lastStockPrice":5924.63,"lastSensexPrice":72587.28,"timestamp":1771140877121}
{"symbol":"LTIM-EQ","action":"HOLD","stockDirection":"DOWN","sensexDirection":"NEUTRAL","stockPrice":5384.98,"sensexPrice":73946.68,"lastStockPrice":5715.96,"lastSensexPrice":72587.28,"timestamp":1771140877124}
{"symbol":"HYUNDAI-EQ","action":"HOLD","stockDirection":"UP","sensexDirection":"NEUTRAL","stockPrice":2456.24,"sensexPrice":73946.68,"lastStockPrice":2337.4,"lastSensexPrice":72587.28,"timestamp":1771140877131}
{"symbol":"ENRIN-EQ","action":"HOLD","stockDirection":"DOWN","sensexDirection":"NEUTRAL","stockPrice":2173.26,"sensexPrice":73946.68,"lastStockPrice":2302.77,"lastSensexPrice":72587.28,"timestamp":1771140877139}
{"symbol":"VEDL-EQ","action":"HOLD","stockDirection":"NEUTRAL","sensexDirection":"UP","stockPrice":609.05,"sensexPrice":74546.88,"lastStockPrice":640.41,"lastSensexPrice":72587.28,"timestamp":1771140878132}
{"symbol":"IOC-EQ","action":"HOLD","stockDirection":"DOWN","sensexDirection":"NEUTRAL","stockPrice":161.88,"sensexPrice":74546.88,"lastStockPrice":170.6,"lastSensexPrice":74546.88,"timestamp":1771140878134}
{"symbol":"CGPOWER-EQ","action":"HOLD","stockDirection":"DOWN","sensexDirection":"NEUTRAL","stockPrice":525.75,"sensexPrice":74546.88,"lastStockPrice":554.7,"lastSensexPrice":74546.88,"timestamp":1771140878139}
{"symbol":"LICI-EQ","action":"HOLD","stockDirection":"DOWN","sensexDirection":"NEUTRAL","stockPrice":679.15,"sensexPrice":74546.88,"lastStockPrice":716.21,"lastSensexPrice":74546.88,"timestamp":1771140878145}
{"symbol":"VEDL-EQ","action":"HOLD","stockDirection":"DOWN","sensexDirection":"UP","stockPrice":606.39,"sensexPrice":76179.9,"lastStockPrice":640.41,"lastSensexPrice":74546.88,"timestamp":1771140879135}
{"symbol":"DIVISLAB-EQ","action":"HOLD","stockDirection":"DOWN","sensexDirection":"NEUTRAL","stockPrice":5456.52,"sensexPrice":76179.9,"lastStockPrice":5790.62,"lastSensexPrice":76179.9,"timestamp":1771140879137}
{"symbol":"DMART-EQ","action":"HOLD","stockDirection":"UP","sensexDirection":"NEUTRAL","stockPrice":3895.64,"sensexPrice":76179.9,"lastStockPrice":3677.53,"lastSensexPrice":76179.9,"timestamp":1771140879139}
{"symbol":"PFC-EQ","action":"HOLD","stockDirection":"DOWN","sensexDirection":"NEUTRAL","stockPrice":311.82,"sensexPrice":76179.9,"lastStockPrice":328.95,"lastSensexPrice":76179.9,"timestamp":1771140879141}
{"symbol":"MAZDOCK-EQ","action":"HOLD","stockDirection":"UP","sensexDirection":"NEUTRAL","stockPrice":2554.45,"sensexPrice":76179.9,"lastStockPrice":2423.53,"lastSensexPrice":76179.9,"timestamp":1771140879145}
{"symbol":"UNITDSPR-EQ","action":"HOLD","stockDirection":"UP","sensexDirection":"NEUTRAL","stockPrice":1483.5,"sensexPrice":77477.04,"lastStockPrice":1405.44,"lastSensexPrice":76179.9,"timestamp":1771140880147}
{"symbol":"IRFC-EQ","action":"HOLD","stockDirection":"UP","sensexDirection":"NEUTRAL","stockPrice":127.27,"sensexPrice":77477.04,"lastStockPrice":120.62,"lastSensexPrice":76179.9,"timestamp":1771140880152}
{"symbol":"BAJAJHLDNG-EQ","action":"HOLD","stockDirection":"UP","sensexDirection":"NEUTRAL","stockPrice":10524.75,"sensexPrice":77459.34,"lastStockPrice":9975.43,"lastSensexPrice":76179.9,"timestamp":1771140881160}
{"symbol":"CGPOWER-EQ","action":"HOLD","stockDirection":"UP","sensexDirection":"NEUTRAL","stockPrice":556.26,"sensexPrice":77459.34,"lastStockPrice":525.75,"lastSensexPrice":76179.9,"timestamp":1771140881163}
{"symbol":"SHREECEM-EQ","action":"HOLD","stockDirection":"DOWN","sensexDirection":"NEUTRAL","stockPrice":29242.19,"sensexPrice":77459.34,"lastStockPrice":30813,"lastSensexPrice":76179.9,"timestamp":1771140881166}
{"symbol":"ADANIENSOL-EQ","action":"HOLD","stockDirection":"UP","sensexDirection":"NEUTRAL","stockPrice":1057.08,"sensexPrice":77459.34,"lastStockPrice":1004.16,"lastSensexPrice":76179.9,"timestamp":1771140881169}
{"symbol":"LODHA-EQ","action":"HOLD","stockDirection":"UP","sensexDirection":"NEUTRAL","stockPrice":1113.47,"sensexPrice":77459.34,"lastStockPrice":1044,"lastSensexPrice":76179.9,"timestamp":1771140881171}
{"symbol":"ADANIGREEN-EQ","action":"HOLD","stockDirection":"DOWN","sensexDirection":"NEUTRAL","stockPrice":811.85,"sensexPrice":77459.34,"lastStockPrice":855.58,"lastSensexPrice":76179.9,"timestamp":1771140881173}
{"symbol":"JINDALSTEL-EQ","action":"HOLD","stockDirection":"UP","sensexDirection":"NEUTRAL","stockPrice":1061.53,"sensexPrice":77593.41,"lastStockPrice":997.29,"lastSensexPrice":76179.9,"timestamp":1771140882172}
{"symbol":"BAJAJHFL-EQ","action":"HOLD","stockDirection":"DOWN","sensexDirection":"NEUTRAL","stockPrice":81.5,"sensexPrice":76040.15,"lastStockPrice":85.81,"lastSensexPrice":76179.9,"timestamp":1771140883183}
{"symbol":"TORNTPHARM-EQ","action":"HOLD","stockDirection":"UP","sensexDirection":"NEUTRAL","stockPrice":4307.4,"sensexPrice":75608.18,"lastStockPrice":4086.6,"lastSensexPrice":76179.9,"timestamp":1771140884196}
{"symbol":"DLF-EQ","action":"HOLD","stockDirection":"UP","sensexDirection":"NEUTRAL","stockPrice":675.26,"sensexPrice":75608.18,"lastStockPrice":641.85,"lastSensexPrice":76179.9,"timestamp":1771140884199}
{"symbol":"ABB-EQ","action":"HOLD","stockDirection":"UP","sensexDirection":"NEUTRAL","stockPrice":5715.49,"sensexPrice":75608.18,"lastStockPrice":5413.65,"lastSensexPrice":76179.9,"timestamp":1771140884203}
{"symbol":"MAZDOCK-EQ","action":"HOLD","stockDirection":"DOWN","sensexDirection":"NEUTRAL","stockPrice":2394.26,"sensexPrice":75608.18,"lastStockPrice":2554.45,"lastSensexPrice":76179.9,"timestamp":1771140884212}
{"symbol":"VEDL-EQ","action":"HOLD","stockDirection":"NEUTRAL","sensexDirection":"DOWN","stockPrice":582.11,"sensexPrice":73977.41,"lastStockPrice":606.39,"lastSensexPrice":76179.9,"timestamp":1771140885203}
{"symbol":"MOTHERSON-EQ","action":"HOLD","stockDirection":"DOWN","sensexDirection":"NEUTRAL","stockPrice":100.27,"sensexPrice":73977.41,"lastStockPrice":105.91,"lastSensexPrice":73977.41,"timestamp":1771140885205}
{"symbol":"JINDALSTEL-EQ","action":"HOLD","stockDirection":"DOWN","sensexDirection":"NEUTRAL","stockPrice":991.67,"sensexPrice":73977.41,"lastStockPrice":1061.53,"lastSensexPrice":73977.41,"timestamp":1771140885208}
{"symbol":"LODHA-EQ","action":"HOLD","stockDirection":"UP","sensexDirection":"NEUTRAL","stockPrice":1171.39,"sensexPrice":73977.41,"lastStockPrice":1113.47,"lastSensexPrice":73977.41,"timestamp":1771140885211}
{"symbol":"SIEMENS-EQ","action":"HOLD","stockDirection":"UP","sensexDirection":"NEUTRAL","stockPrice":3101.89,"sensexPrice":73977.41,"lastStockPrice":2952.6,"lastSensexPrice":73977.41,"timestamp":1771140885213}
{"symbol":"TVSMOTOR-EQ","action":"HOLD","stockDirection":"UP","sensexDirection":"NEUTRAL","stockPrice":4191.51,"sensexPrice":74568.54,"lastStockPrice":3947.8,"lastSensexPrice":73977.41,"timestamp":1771140886215}
{"symbol":"BAJAJHLDNG-EQ","action":"HOLD","stockDirection":"DOWN","sensexDirection":"NEUTRAL","stockPrice":9946.31,"sensexPrice":74568.54,"lastStockPrice":10524.75,"lastSensexPrice":73977.41,"timestamp":1771140886220}
{"symbol":"JSWENERGY-EQ","action":"HOLD","stockDirection":"UP","sensexDirection":"NEUTRAL","stockPrice":572.65,"sensexPrice":74568.54,"lastStockPrice":540.41,"lastSensexPrice":73977.41,"timestamp":1771140886225}
{"symbol":"INDHOTEL-EQ","action":"HOLD","stockDirection":"DOWN","sensexDirection":"NEUTRAL","stockPrice":664.07,"sensexPrice":72769.43,"lastStockPrice":705.61,"lastSensexPrice":73977.41,"timestamp":1771140887228}
{"symbol":"TORNTPHARM-EQ","action":"HOLD","stockDirection":"DOWN","sensexDirection":"NEUTRAL","stockPrice":4058.14,"sensexPrice":72769.43,"lastStockPrice":4307.4,"lastSensexPrice":73977.41,"timestamp":1771140887234}
{"symbol":"ADANIENSOL-EQ","action":"HOLD","stockDirection":"DOWN","sensexDirection":"NEUTRAL","stockPrice":999.67,"sensexPrice":72769.43,"lastStockPrice":1057.08,"lastSensexPrice":73977.41,"timestamp":1771140887236}
{"symbol":"JINDALSTEL-EQ","action":"HOLD","stockDirection":"UP","sensexDirection":"NEUTRAL","stockPrice":1049.66,"sensexPrice":72930.54,"lastStockPrice":991.67,"lastSensexPrice":73977.41,"timestamp":1771140888239}
{"symbol":"ABB-EQ","action":"HOLD","stockDirection":"UP","sensexDirection":"NEUTRAL","stockPrice":6086.45,"sensexPrice":72930.54,"lastStockPrice":5715.49,"lastSensexPrice":73977.41,"timestamp":1771140888245}
{"symbol":"VEDL-EQ","action":"HOLD","stockDirection":"NEUTRAL","sensexDirection":"DOWN","stockPrice":594.16,"sensexPrice":71727.27,"lastStockPrice":606.39,"lastSensexPrice":73977.41,"timestamp":1771140889249}
{"symbol":"BRITANNIA-EQ","action":"HOLD","stockDirection":"UP","sensexDirection":"NEUTRAL","stockPrice":5976.65,"sensexPrice":70515.33,"lastStockPrice":5618.17,"lastSensexPrice":71727.27,"timestamp":1771140890260}
{"symbol":"TATAPOWER-EQ","action":"HOLD","stockDirection":"DOWN","sensexDirection":"NEUTRAL","stockPrice":343.47,"sensexPrice":70515.33,"lastStockPrice":365.74,"lastSensexPrice":71727.27,"timestamp":1771140890263}
{"symbol":"BANKBARODA-EQ","action":"HOLD","stockDirection":"UP","sensexDirection":"NEUTRAL","stockPrice":342.51,"sensexPrice":70515.33,"lastStockPrice":325.09,"lastSensexPrice":71727.27,"timestamp":1771140890265}
{"symbol":"CHOLAFIN-EQ","action":"HOLD","stockDirection":"UP","sensexDirection":"NEUTRAL","stockPrice":1704.79,"sensexPrice":71544.15,"lastStockPrice":1610.1,"lastSensexPrice":71727.27,"timestamp":1771140891274}
{"symbol":"PFC-EQ","action":"HOLD","stockDirection":"DOWN","sensexDirection":"NEUTRAL","stockPrice":295.86,"sensexPrice":71544.15,"lastStockPrice":311.82,"lastSensexPrice":71727.27,"timestamp":1771140891277}
{"symbol":"MOTHERSON-EQ","action":"HOLD","stockDirection":"DOWN","sensexDirection":"NEUTRAL","stockPrice":95.11,"sensexPrice":71544.15,"lastStockPrice":100.27,"lastSensexPrice":71727.27,"timestamp":1771140891279}
{"symbol":"BOSCHLTD-EQ","action":"HOLD","stockDirection":"DOWN","sensexDirection":"NEUTRAL","stockPrice":30780.23,"sensexPrice":71544.15,"lastStockPrice":32402.95,"lastSensexPrice":71727.27,"timestamp":1771140891282}
{"symbol":"MAZDOCK-EQ","action":"HOLD","stockDirection":"UP","sensexDirection":"NEUTRAL","stockPrice":2543.86,"sensexPrice":71544.15,"lastStockPrice":2394.26,"lastSensexPrice":71727.27,"timestamp":1771140891288}
{"symbol":"TVSMOTOR-EQ","action":"HOLD","stockDirection":"DOWN","sensexDirection":"NEUTRAL","stockPrice":3949.83,"sensexPrice":72051.54,"lastStockPrice":4191.51,"lastSensexPrice":71727.27,"timestamp":1771140892283}
{"symbol":"HAL-EQ","action":"HOLD","stockDirection":"UP","sensexDirection":"NEUTRAL","stockPrice":4706.2,"sensexPrice":72051.54,"lastStockPrice":4480.59,"lastSensexPrice":71727.27,"timestamp":1771140892286}
{"symbol":"GODREJCP-EQ","action":"HOLD","stockDirection":"DOWN","sensexDirection":"NEUTRAL","stockPrice":1223.37,"sensexPrice":72051.54,"lastStockPrice":1296.97,"lastSensexPrice":71727.27,"timestamp":1771140892289}
{"symbol":"PIDILITIND-EQ","action":"HOLD","stockDirection":"DOWN","sensexDirection":"NEUTRAL","stockPrice":1658.76,"sensexPrice":72051.54,"lastStockPrice":1762.64,"lastSensexPrice":71727.27,"timestamp":1771140892291}
{"symbol":"GAIL-EQ","action":"HOLD","stockDirection":"DOWN","sensexDirection":"NEUTRAL","stockPrice":164.29,"sensexPrice":72051.54,"lastStockPrice":175.59,"lastSensexPrice":71727.27,"timestamp":1771140892292}
{"symbol":"AMBUJACEM-EQ","action":"HOLD","stockDirection":"DOWN","sensexDirection":"NEUTRAL","stockPrice":492.5,"sensexPrice":72051.54,"lastStockPrice":520.32,"lastSensexPrice":71727.27,"timestamp":1771140892295}
{"symbol":"ADANIPOWER-EQ","action":"HOLD","stockDirection":"DOWN","sensexDirection":"NEUTRAL","stockPrice":124.77,"sensexPrice":70356.95,"lastStockPrice":133.04,"lastSensexPrice":71727.27,"timestamp":1771140893297}
{"symbol":"RECLTD-EQ","action":"HOLD","stockDirection":"UP","sensexDirection":"NEUTRAL","stockPrice":418.77,"sensexPrice":70356.95,"lastStockPrice":390.23,"lastSensexPrice":71727.27,"timestamp":1771140893300}
{"symbol":"SOLARINDS-EQ","action":"HOLD","stockDirection":"UP","sensexDirection":"NEUTRAL","stockPrice":12915.24,"sensexPrice":70356.95,"lastStockPrice":12190.32,"lastSensexPrice":71727.27,"timestamp":1771140893302}
{"symbol":"VEDL-EQ","action":"HOLD","stockDirection":"NEUTRAL","sensexDirection":"DOWN","stockPrice":615.27,"sensexPrice":69971.44,"lastStockPrice":606.39,"lastSensexPrice":71727.27,"timestamp":1771140894306}
{"symbol":"VBL-EQ","action":"HOLD","stockDirection":"DOWN","sensexDirection":"NEUTRAL","stockPrice":493.97,"sensexPrice":69971.44,"lastStockPrice":526.2,"lastSensexPrice":69971.44,"timestamp":1771140894308}
{"symbol":"DLF-EQ","action":"HOLD","stockDirection":"DOWN","sensexDirection":"NEUTRAL","stockPrice":632.39,"sensexPrice":71274.66,"lastStockPrice":675.26,"lastSensexPrice":69971.44,"timestamp":1771140895322}
{"symbol":"LICI-EQ","action":"HOLD","stockDirection":"DOWN","sensexDirection":"NEUTRAL","stockPrice":644.01,"sensexPrice":71274.66,"lastStockPrice":679.15,"lastSensexPrice":69971.44,"timestamp":1771140895330}
{"symbol":"DMART-EQ","action":"HOLD","stockDirection":"UP","sensexDirection":"NEUTRAL","stockPrice":4106.55,"sensexPrice":69634.37,"lastStockPrice":3895.64,"lastSensexPrice":69971.44,"timestamp":1771140896333}
{"symbol":"GODREJCP-EQ","action":"HOLD","stockDirection":"DOWN","sensexDirection":"NEUTRAL","stockPrice":1151.23,"sensexPrice":69634.37,"lastStockPrice":1223.37,"lastSensexPrice":69971.44,"timestamp":1771140896337}
{"symbol":"HYUNDAI-EQ","action":"HOLD","stockDirection":"UP","sensexDirection":"NEUTRAL","stockPrice":2584.59,"sensexPrice":69634.37,"lastStockPrice":2456.24,"lastSensexPrice":69971.44,"timestamp":1771140896345}
{"symbol":"ADANIGREEN-EQ","action":"HOLD","stockDirection":"DOWN","sensexDirection":"NEUTRAL","stockPrice":765.64,"sensexPrice":69634.37,"lastStockPrice":811.85,"lastSensexPrice":69971.44,"timestamp":1771140896353}
{"symbol":"CHOLAFIN-EQ","action":"HOLD","stockDirection":"UP","sensexDirection":"NEUTRAL","stockPrice":1796.1,"sensexPrice":69354.37,"lastStockPrice":1704.79,"lastSensexPrice":69971.44,"timestamp":1771140897342}
{"symbol":"ADANIENSOL-EQ","action":"HOLD","stockDirection":"DOWN","sensexDirection":"NEUTRAL","stockPrice":940.45,"sensexPrice":69354.37,"lastStockPrice":999.67,"lastSensexPrice":69971.44,"timestamp":1771140897347}
{"symbol":"ZYDUSLIFE-EQ","action":"HOLD","stockDirection":"UP","sensexDirection":"NEUTRAL","stockPrice":1030.75,"sensexPrice":69354.37,"lastStockPrice":979.21,"lastSensexPrice":69971.44,"timestamp":1771140897351}
{"symbol":"VEDL-EQ","action":"HOLD","stockDirection":"UP","sensexDirection":"DOWN","stockPrice":614.22,"sensexPrice":64458.95,"lastStockPrice":574.78,"lastSensexPrice":65992.48,"timestamp":1771141071769}
{"symbol":"VEDL-EQ","action":"HOLD","stockDirection":"UP","sensexDirection":"DOWN","stockPrice":763.08,"sensexPrice":70501.97,"lastStockPrice":724.2,"lastSensexPrice":72527.91,"timestamp":1771141183593}
{"symbol":"VEDL-EQ","action":"HOLD","stockDirection":"UP","sensexDirection":"DOWN","stockPrice":816.39,"sensexPrice":66871.09,"lastStockPrice":763.08,"lastSensexPrice":68957.73,"timestamp":1771141187613}
{"symbol":"VEDL-EQ","action":"HOLD","stockDirection":"UP","sensexDirection":"DOWN","stockPrice":857.35,"sensexPrice":66784.35,"lastStockPrice":816.39,"lastSensexPrice":68416.8,"timestamp":1771141191625}
{"symbol":"VEDL-EQ","action":"HOLD","stockDirection":"NEUTRAL","sensexDirection":"DOWN","stockPrice":699.23,"sensexPrice":79467.33,"lastStockPrice":674.8,"lastSensexPrice":82180.47,"timestamp":1771142292472}
{"symbol":"VEDL-EQ","action":"HOLD","stockDirection":"UP","sensexDirection":"NEUTRAL","stockPrice":708.82,"sensexPrice":78924.7,"lastStockPrice":674.8,"lastSensexPrice":79467.33,"timestamp":1771142297513}
{"symbol":"VEDL-EQ","action":"HOLD","stockDirection":"NEUTRAL","sensexDirection":"DOWN","stockPrice":723.17,"sensexPrice":77646.45,"lastStockPrice":708.82,"lastSensexPrice":79467.33,"timestamp":1771142302548}
{"symbol":"VEDL-EQ","action":"HOLD","stockDirection":"NEUTRAL","sensexDirection":"DOWN","stockPrice":733.03,"sensexPrice":75161.81,"lastStockPrice":708.82,"lastSensexPrice":77646.45,"timestamp":1771142304567}
{"symbol":"VEDL-EQ","action":"HOLD","stockDirection":"NEUTRAL","sensexDirection":"DOWN","stockPrice":697.4,"sensexPrice":73415.27,"lastStockPrice":708.82,"lastSensexPrice":75161.81,"timestamp":1771142307609}
{"symbol":"VEDL-EQ","action":"HOLD","stockDirection":"NEUTRAL","sensexDirection":"DOWN","stockPrice":732.06,"sensexPrice":71478.82,"lastStockPrice":708.82,"lastSensexPrice":73415.27,"timestamp":1771142313664}
{"symbol":"VEDL-EQ","action":"HOLD","stockDirection":"UP","sensexDirection":"NEUTRAL","stockPrice":744.74,"sensexPrice":71289.06,"lastStockPrice":708.82,"lastSensexPrice":71478.82,"timestamp":1771142314679}
{"symbol":"VEDL-EQ","action":"HOLD","stockDirection":"NEUTRAL","sensexDirection":"UP","stockPrice":771,"sensexPrice":73378.51,"lastStockPrice":744.74,"lastSensexPrice":71478.82,"timestamp":1771142316692}
{"symbol":"VEDL-EQ","action":"HOLD","stockDirection":"NEUTRAL","sensexDirection":"UP","stockPrice":774.07,"sensexPrice":75836.68,"lastStockPrice":744.74,"lastSensexPrice":73378.51,"timestamp":1771142319736}
{"symbol":"VEDL-EQ","action":"HOLD","stockDirection":"NEUTRAL","sensexDirection":"UP","stockPrice":768.51,"sensexPrice":77513.3,"lastStockPrice":744.74,"lastSensexPrice":75836.68,"timestamp":1771142320743}
{"symbol":"VEDL-EQ","action":"HOLD","stockDirection":"UP","sensexDirection":"DOWN","stockPrice":794.98,"sensexPrice":75913.05,"lastStockPrice":744.74,"lastSensexPrice":77513.3,"timestamp":1771142322747}
{"symbol":"VEDL-EQ","action":"HOLD","stockDirection":"NEUTRAL","sensexDirection":"DOWN","stockPrice":785.87,"sensexPrice":73038.13,"lastStockPrice":794.98,"lastSensexPrice":75913.05,"timestamp":1771142324759}
{"symbol":"VEDL-EQ","action":"HOLD","stockDirection":"NEUTRAL","sensexDirection":"UP","stockPrice":809.99,"sensexPrice":74589.07,"lastStockPrice":794.98,"lastSensexPrice":73038.13,"timestamp":1771142332822}
{"symbol":"VEDL-EQ","action":"HOLD","stockDirection":"NEUTRAL","sensexDirection":"UP","stockPrice":784.7,"sensexPrice":76489.65,"lastStockPrice":794.98,"lastSensexPrice":74589.07,"timestamp":1771142335862}
{"symbol":"VEDL-EQ","action":"HOLD","stockDirection":"NEUTRAL","sensexDirection":"DOWN","stockPrice":762.4,"sensexPrice":74411.6,"lastStockPrice":794.98,"lastSensexPrice":76489.65,"timestamp":1771142337888}
{"symbol":"VEDL-EQ","action":"HOLD","stockDirection":"NEUTRAL","sensexDirection":"UP","stockPrice":807.92,"sensexPrice":76042.63,"lastStockPrice":794.98,"lastSensexPrice":74411.6,"timestamp":1771142342947}
{"symbol":"VEDL-EQ","action":"HOLD","stockDirection":"NEUTRAL","sensexDirection":"UP","stockPrice":827.84,"sensexPrice":77859.53,"lastStockPrice":794.98,"lastSensexPrice":76042.63,"timestamp":1771142343961}
{"symbol":"VEDL-EQ","action":"HOLD","stockDirection":"UP","sensexDirection":"NEUTRAL","stockPrice":836.31,"sensexPrice":77388.03,"lastStockPrice":794.98,"lastSensexPrice":77859.53,"timestamp":1771142344973}
{"symbol":"VEDL-EQ","action":"HOLD","stockDirection":"NEUTRAL","sensexDirection":"DOWN","stockPrice":843.82,"sensexPrice":75407.54,"lastStockPrice":836.31,"lastSensexPrice":77859.53,"timestamp":1771142348001}
{"symbol":"VEDL-EQ","action":"HOLD","stockDirection":"NEUTRAL","sensexDirection":"UP","stockPrice":854.95,"sensexPrice":76937.06,"lastStockPrice":836.31,"lastSensexPrice":75407.54,"timestamp":1771142349016}
{"symbol":"VEDL-EQ","action":"HOLD","stockDirection":"NEUTRAL","sensexDirection":"UP","stockPrice":862.61,"sensexPrice":78875.7,"lastStockPrice":836.31,"lastSensexPrice":76937.06,"timestamp":1771142356086}
{"symbol":"VEDL-EQ","action":"HOLD","stockDirection":"NEUTRAL","sensexDirection":"DOWN","stockPrice":843.01,"sensexPrice":77169.02,"lastStockPrice":836.31,"lastSensexPrice":78875.7,"timestamp":1771142357099}
{"symbol":"VEDL-EQ","action":"HOLD","stockDirection":"NEUTRAL","sensexDirection":"UP","stockPrice":810.49,"sensexPrice":78786.52,"lastStockPrice":836.31,"lastSensexPrice":77169.02,"timestamp":1771142367181}
{"symbol":"VEDL-EQ","action":"HOLD","stockDirection":"DOWN","sensexDirection":"NEUTRAL","stockPrice":779.27,"sensexPrice":79108.7,"lastStockPrice":836.31,"lastSensexPrice":78786.52,"timestamp":1771142369206}
{"symbol":"VEDL-EQ","action":"HOLD","stockDirection":"NEUTRAL","sensexDirection":"UP","stockPrice":763.59,"sensexPrice":80762.38,"lastStockPrice":779.27,"lastSensexPrice":78786.52,"timestamp":1771142372241}
{"symbol":"VEDL-EQ","action":"HOLD","stockDirection":"NEUTRAL","sensexDirection":"UP","stockPrice":758.19,"sensexPrice":83302.06,"lastStockPrice":779.27,"lastSensexPrice":80762.38,"timestamp":1771142374256}
{"symbol":"VEDL-EQ","action":"HOLD","stockDirection":"NEUTRAL","sensexDirection":"UP","stockPrice":756.13,"sensexPrice":85669.38,"lastStockPrice":779.27,"lastSensexPrice":83302.06,"timestamp":1771142379288}
{"symbol":"VEDL-EQ","action":"HOLD","stockDirection":"NEUTRAL","sensexDirection":"UP","stockPrice":758.5,"sensexPrice":87760.12,"lastStockPrice":779.27,"lastSensexPrice":85669.38,"timestamp":1771142380292}
{"symbol":"VEDL-EQ","action":"HOLD","stockDirection":"NEUTRAL","sensexDirection":"UP","stockPrice":759.42,"sensexPrice":90602.83,"lastStockPrice":779.27,"lastSensexPrice":87760.12,"timestamp":1771142383330}
{"symbol":"VEDL-EQ","action":"HOLD","stockDirection":"DOWN","sensexDirection":"NEUTRAL","stockPrice":730.41,"sensexPrice":88969.51,"lastStockPrice":779.27,"lastSensexPrice":90602.83,"timestamp":1771142386334}
{"symbol":"VEDL-EQ","action":"HOLD","stockDirection":"NEUTRAL","sensexDirection":"DOWN","stockPrice":750.22,"sensexPrice":87549.67,"lastStockPrice":730.41,"lastSensexPrice":90602.83,"timestamp":1771142388337}
{"symbol":"VEDL-EQ","action":"HOLD","stockDirection":"NEUTRAL","sensexDirection":"DOWN","stockPrice":714.45,"sensexPrice":84798.9,"lastStockPrice":730.41,"lastSensexPrice":87549.67,"timestamp":1771142394380}
{"symbol":"VEDL-EQ","action":"HOLD","stockDirection":"NEUTRAL","sensexDirection":"UP","stockPrice":725.74,"sensexPrice":87988.95,"lastStockPrice":730.41,"lastSensexPrice":84798.9,"timestamp":1771142398417}
{"symbol":"VEDL-EQ","action":"HOLD","stockDirection":"NEUTRAL","sensexDirection":"UP","stockPrice":719.71,"sensexPrice":90487.52,"lastStockPrice":730.41,"lastSensexPrice":87988.95,"timestamp":1771142404455}
{"symbol":"VEDL-EQ","action":"BUY","stockDirection":"DOWN","sensexDirection":"DOWN","stockPrice":693.52,"sensexPrice":88638.06,"lastStockPrice":730.41,"lastSensexPrice":90487.52,"timestamp":1771142406469}
{"symbol":"VEDL-EQ","action":"HOLD","stockDirection":"NEUTRAL","sensexDirection":"UP","stockPrice":682.48,"sensexPrice":91614.07,"lastStockPrice":693.52,"lastSensexPrice":88638.06,"timestamp":1771142408494}
{"symbol":"VEDL-EQ","action":"HOLD","stockDirection":"NEUTRAL","sensexDirection":"DOWN","stockPrice":695.46,"sensexPrice":88029.21,"lastStockPrice":693.52,"lastSensexPrice":91614.07,"timestamp":1771142413542}
{"symbol":"VEDL-EQ","action":"HOLD","stockDirection":"NEUTRAL","sensexDirection":"DOWN","stockPrice":705.1,"sensexPrice":85652.89,"lastStockPrice":693.52,"lastSensexPrice":88029.21,"timestamp":1771142415561}
{"symbol":"VEDL-EQ","action":"HOLD","stockDirection":"NEUTRAL","sensexDirection":"UP","stockPrice":721.53,"sensexPrice":87622.81,"lastStockPrice":693.52,"lastSensexPrice":85652.89,"timestamp":1771142418578}
{"symbol":"VEDL-EQ","action":"HOLD","stockDirection":"UP","sensexDirection":"NEUTRAL","stockPrice":731.66,"sensexPrice":86623.5,"lastStockPrice":693.52,"lastSensexPrice":87622.81,"timestamp":1771142420596}
{"symbol":"VEDL-EQ","action":"HOLD","stockDirection":"NEUTRAL","sensexDirection":"UP","stockPrice":720.07,"sensexPrice":89429.43,"lastStockPrice":731.66,"lastSensexPrice":87622.81,"timestamp":1771142422604}
{"symbol":"VEDL-EQ","action":"HOLD","stockDirection":"NEUTRAL","sensexDirection":"UP","stockPrice":725.26,"sensexPrice":91337.21,"lastStockPrice":731.66,"lastSensexPrice":89429.43,"timestamp":1771142423612}
{"symbol":"VEDL-EQ","action":"HOLD","stockDirection":"DOWN","sensexDirection":"NEUTRAL","stockPrice":694.81,"sensexPrice":89751.33,"lastStockPrice":731.66,"lastSensexPrice":91337.21,"timestamp":1771142428676}
{"symbol":"VEDL-EQ","action":"HOLD","stockDirection":"NEUTRAL","sensexDirection":"DOWN","stockPrice":710.54,"sensexPrice":87705.41,"lastStockPrice":694.81,"lastSensexPrice":91337.21,"timestamp":1771142429688}
{"symbol":"VEDL-EQ","action":"SELL","stockDirection":"UP","sensexDirection":"UP","stockPrice":739.01,"sensexPrice":90418.25,"lastStockPrice":694.81,"lastSensexPrice":87705.41,"timestamp":1771142431714}
{"symbol":"VEDL-EQ","action":"HOLD","stockDirection":"NEUTRAL","sensexDirection":"DOWN","stockPrice":734.43,"sensexPrice":88567.71,"lastStockPrice":739.01,"lastSensexPrice":90418.25,"timestamp":1771142433734}
{"symbol":"VEDL-EQ","action":"HOLD","stockDirection":"NEUTRAL","sensexDirection":"DOWN","stockPrice":744.79,"sensexPrice":86301.6,"lastStockPrice":739.01,"lastSensexPrice":88567.71,"timestamp":1771142440811}
{"symbol":"VEDL-EQ","action":"HOLD","stockDirection":"NEUTRAL","sensexDirection":"UP","stockPrice":765.14,"sensexPrice":88747.65,"lastStockPrice":739.01,"lastSensexPrice":86301.6,"timestamp":1771142446867}
{"symbol":"VEDL-EQ","action":"HOLD","stockDirection":"NEUTRAL","sensexDirection":"UP","stockPrice":774.12,"sensexPrice":90541.83,"lastStockPrice":739.01,"lastSensexPrice":88747.65,"timestamp":1771142447874}
{"symbol":"VEDL-EQ","action":"HOLD","stockDirection":"UP","sensexDirection":"NEUTRAL","stockPrice":791.25,"sensexPrice":88873.11,"lastStockPrice":739.01,"lastSensexPrice":90541.83,"timestamp":1771142448886}
{"symbol":"VEDL-EQ","action":"HOLD","stockDirection":"NEUTRAL","sensexDirection":"DOWN","stockPrice":789.67,"sensexPrice":86764.78,"lastStockPrice":791.25,"lastSensexPrice":90541.83,"timestamp":1771142449901}
{"symbol":"VEDL-EQ","action":"HOLD","stockDirection":"NEUTRAL","sensexDirection":"DOWN","stockPrice":764.43,"sensexPrice":84705.24,"lastStockPrice":791.25,"lastSensexPrice":86764.78,"timestamp":1771142453941}
{"symbol":"VEDL-EQ","action":"HOLD","stockDirection":"DOWN","sensexDirection":"NEUTRAL","stockPrice":748.34,"sensexPrice":84965.08,"lastStockPrice":791.25,"lastSensexPrice":84705.24,"timestamp":1771142457967}
{"symbol":"VEDL-EQ","action":"HOLD","stockDirection":"NEUTRAL","sensexDirection":"DOWN","stockPrice":737.96,"sensexPrice":81759.26,"lastStockPrice":748.34,"lastSensexPrice":84705.24,"timestamp":1771142459994}
{"symbol":"VEDL-EQ","action":"HOLD","stockDirection":"NEUTRAL","sensexDirection":"DOWN","stockPrice":738.22,"sensexPrice":79864.06,"lastStockPrice":748.34,"lastSensexPrice":81759.26,"timestamp":1771142460999}
{"symbol":"VEDL-EQ","action":"HOLD","stockDirection":"NEUTRAL","sensexDirection":"DOWN","stockPrice":735.68,"sensexPrice":77654.4,"lastStockPrice":748.34,"lastSensexPrice":79864.06,"timestamp":1771142463025}
{"symbol":"VEDL-EQ","action":"HOLD","stockDirection":"NEUTRAL","sensexDirection":"DOWN","stockPrice":745.5,"sensexPrice":75837.36,"lastStockPrice":748.34,"lastSensexPrice":77654.4,"timestamp":1771142467071}
{"symbol":"VEDL-EQ","action":"HOLD","stockDirection":"NEUTRAL","sensexDirection":"DOWN","stockPrice":747.59,"sensexPrice":74089.37,"lastStockPrice":748.34,"lastSensexPrice":75837.36,"timestamp":1771142470099}
{"symbol":"VEDL-EQ","action":"HOLD","stockDirection":"NEUTRAL","sensexDirection":"DOWN","stockPrice":776.99,"sensexPrice":71973.61,"lastStockPrice":748.34,"lastSensexPrice":74089.37,"timestamp":1771142476129}
{"symbol":"VEDL-EQ","action":"HOLD","stockDirection":"UP","sensexDirection":"NEUTRAL","stockPrice":791.33,"sensexPrice":72948.73,"lastStockPrice":748.34,"lastSensexPrice":71973.61,"timestamp":1771142477142}
{"symbol":"VEDL-EQ","action":"HOLD","stockDirection":"NEUTRAL","sensexDirection":"UP","stockPrice":798.5,"sensexPrice":73421.96,"lastStockPrice":791.33,"lastSensexPrice":71973.61,"timestamp":1771142478155}
{"symbol":"VEDL-EQ","action":"HOLD","stockDirection":"NEUTRAL","sensexDirection":"UP","stockPrice":826.98,"sensexPrice":75218.24,"lastStockPrice":791.33,"lastSensexPrice":73421.96,"timestamp":1771142483204}
{"symbol":"VEDL-EQ","action":"HOLD","stockDirection":"NEUTRAL","sensexDirection":"DOWN","stockPrice":794.78,"sensexPrice":72190.2,"lastStockPrice":791.33,"lastSensexPrice":75218.24,"timestamp":1771142485228}
{"symbol":"VEDL-EQ","action":"HOLD","stockDirection":"NEUTRAL","sensexDirection":"UP","stockPrice":760.44,"sensexPrice":73866.44,"lastStockPrice":791.33,"lastSensexPrice":72190.2,"timestamp":1771142490280}
{"symbol":"VEDL-EQ","action":"HOLD","stockDirection":"DOWN","sensexDirection":"NEUTRAL","stockPrice":749,"sensexPrice":73395.5,"lastStockPrice":791.33,"lastSensexPrice":73866.44,"timestamp":1771142491284}
{"symbol":"VEDL-EQ","action":"HOLD","stockDirection":"NEUTRAL","sensexDirection":"UP","stockPrice":726.34,"sensexPrice":75528.06,"lastStockPrice":749,"lastSensexPrice":73866.44,"timestamp":1771142497343}
{"symbol":"VEDL-EQ","action":"HOLD","stockDirection":"NEUTRAL","sensexDirection":"DOWN","stockPrice":731.01,"sensexPrice":72611.9,"lastStockPrice":749,"lastSensexPrice":75528.06,"timestamp":1771142499372}
{"symbol":"VEDL-EQ","action":"HOLD","stockDirection":"NEUTRAL","sensexDirection":"UP","stockPrice":754.26,"sensexPrice":74307.7,"lastStockPrice":749,"lastSensexPrice":72611.9,"timestamp":1771142503407}
{"symbol":"VEDL-EQ","action":"HOLD","stockDirection":"NEUTRAL","sensexDirection":"DOWN","stockPrice":770.84,"sensexPrice":72470.6,"lastStockPrice":749,"lastSensexPrice":74307.7,"timestamp":1771142504412}
{"symbol":"VEDL-EQ","action":"HOLD","stockDirection":"NEUTRAL","sensexDirection":"UP","stockPrice":771.53,"sensexPrice":73979.31,"lastStockPrice":749,"lastSensexPrice":72470.6,"timestamp":1771142507424}
{"symbol":"VEDL-EQ","action":"HOLD","stockDirection":"NEUTRAL","sensexDirection":"DOWN","stockPrice":766.77,"sensexPrice":71973.04,"lastStockPrice":749,"lastSensexPrice":73979.31,"timestamp":1771142509452}
{"symbol":"VEDL-EQ","action":"HOLD","stockDirection":"NEUTRAL","sensexDirection":"DOWN","stockPrice":768.21,"sensexPrice":70268.88,"lastStockPrice":749,"lastSensexPrice":71973.04,"timestamp":1771142511478}
{"symbol":"VEDL-EQ","action":"HOLD","stockDirection":"NEUTRAL","sensexDirection":"UP","stockPrice":746.02,"sensexPrice":72156.15,"lastStockPrice":749,"lastSensexPrice":70268.88,"timestamp":1771142516526}
{"symbol":"VEDL-EQ","action":"HOLD","stockDirection":"NEUTRAL","sensexDirection":"DOWN","stockPrice":721.03,"sensexPrice":70399.17,"lastStockPrice":749,"lastSensexPrice":72156.15,"timestamp":1771142520541}
{"symbol":"VEDL-EQ","action":"HOLD","stockDirection":"NEUTRAL","sensexDirection":"UP","stockPrice":716.29,"sensexPrice":72076.17,"lastStockPrice":749,"lastSensexPrice":70399.17,"timestamp":1771142522554}
{"symbol":"VEDL-EQ","action":"HOLD","stockDirection":"DOWN","sensexDirection":"UP","stockPrice":700.69,"sensexPrice":73595.81,"lastStockPrice":749,"lastSensexPrice":72076.17,"timestamp":1771142523567}
{"symbol":"VEDL-EQ","action":"HOLD","stockDirection":"DOWN","sensexDirection":"NEUTRAL","stockPrice":657.24,"sensexPrice":74532.7,"lastStockPrice":700.69,"lastSensexPrice":73595.81,"timestamp":1771142528602}
{"symbol":"VEDL-EQ","action":"HOLD","stockDirection":"NEUTRAL","sensexDirection":"UP","stockPrice":667.93,"sensexPrice":75372.65,"lastStockPrice":657.24,"lastSensexPrice":73595.81,"timestamp":1771142531619}
{"symbol":"VEDL-EQ","action":"HOLD","stockDirection":"NEUTRAL","sensexDirection":"UP","stockPrice":624.53,"sensexPrice":77791.76,"lastStockPrice":657.24,"lastSensexPrice":75372.65,"timestamp":1771142536679}
{"symbol":"VEDL-EQ","action":"HOLD","stockDirection":"DOWN","sensexDirection":"NEUTRAL","stockPrice":613.45,"sensexPrice":78264.65,"lastStockPrice":657.24,"lastSensexPrice":77791.76,"timestamp":1771142537692}
{"symbol":"VEDL-EQ","action":"HOLD","stockDirection":"NEUTRAL","sensexDirection":"UP","stockPrice":628.95,"sensexPrice":79679.63,"lastStockPrice":613.45,"lastSensexPrice":77791.76,"timestamp":1771142540717}
{"symbol":"VEDL-EQ","action":"HOLD","stockDirection":"NEUTRAL","sensexDirection":"DOWN","stockPrice":622.62,"sensexPrice":76929.21,"lastStockPrice":613.45,"lastSensexPrice":79679.63,"timestamp":1771142543754}
{"symbol":"VEDL-EQ","action":"HOLD","stockDirection":"NEUTRAL","sensexDirection":"DOWN","stockPrice":620.94,"sensexPrice":74091.21,"lastStockPrice":613.45,"lastSensexPrice":76929.21,"timestamp":1771142545779}
{"symbol":"VEDL-EQ","action":"HOLD","stockDirection":"NEUTRAL","sensexDirection":"UP","stockPrice":594.9,"sensexPrice":75929.17,"lastStockPrice":613.45,"lastSensexPrice":74091.21,"timestamp":1771142548808}
{"symbol":"VEDL-EQ","action":"HOLD","stockDirection":"DOWN","sensexDirection":"NEUTRAL","stockPrice":570.41,"sensexPrice":76125.23,"lastStockPrice":613.45,"lastSensexPrice":75929.17,"timestamp":1771142550822}
{"symbol":"VEDL-EQ","action":"HOLD","stockDirection":"NEUTRAL","sensexDirection":"DOWN","stockPrice":557.01,"sensexPrice":74232.35,"lastStockPrice":570.41,"lastSensexPrice":75929.17,"timestamp":1771142551821}
{"symbol":"VEDL-EQ","action":"HOLD","stockDirection":"DOWN","sensexDirection":"UP","stockPrice":540.82,"sensexPrice":77279.27,"lastStockPrice":570.41,"lastSensexPrice":74232.35,"timestamp":1771142553842}
{"symbol":"VEDL-EQ","action":"HOLD","stockDirection":"NEUTRAL","sensexDirection":"DOWN","stockPrice":526.56,"sensexPrice":74895.02,"lastStockPrice":540.82,"lastSensexPrice":77279.27,"timestamp":1771142555859}
{"symbol":"VEDL-EQ","action":"HOLD","stockDirection":"NEUTRAL","sensexDirection":"DOWN","stockPrice":514.71,"sensexPrice":73245.44,"lastStockPrice":540.82,"lastSensexPrice":74895.02,"timestamp":1771142556870}
{"symbol":"VEDL-EQ","action":"HOLD","stockDirection":"NEUTRAL","sensexDirection":"UP","stockPrice":534.2,"sensexPrice":74944.56,"lastStockPrice":540.82,"lastSensexPrice":73245.44,"timestamp":1771142561916}
{"symbol":"VEDL-EQ","action":"HOLD","stockDirection":"DOWN","sensexDirection":"UP","stockPrice":510.01,"sensexPrice":77180.85,"lastStockPrice":540.82,"lastSensexPrice":74944.56,"timestamp":1771142565951}
{"symbol":"VEDL-EQ","action":"HOLD","stockDirection":"NEUTRAL","sensexDirection":"DOWN","stockPrice":532.15,"sensexPrice":75125.43,"lastStockPrice":510.01,"lastSensexPrice":77180.85,"timestamp":1771142568973}
{"symbol":"VEDL-EQ","action":"HOLD","stockDirection":"NEUTRAL","sensexDirection":"DOWN","stockPrice":519.77,"sensexPrice":72894.84,"lastStockPrice":510.01,"lastSensexPrice":75125.43,"timestamp":1771142572000}
{"symbol":"VEDL-EQ","action":"HOLD","stockDirection":"NEUTRAL","sensexDirection":"UP","stockPrice":522.66,"sensexPrice":75765.96,"lastStockPrice":510.01,"lastSensexPrice":72894.84,"timestamp":1771142575015}
{"symbol":"VEDL-EQ","action":"HOLD","stockDirection":"NEUTRAL","sensexDirection":"UP","stockPrice":515.2,"sensexPrice":78665.15,"lastStockPrice":510.01,"lastSensexPrice":75765.96,"timestamp":1771142577032}
{"symbol":"VEDL-EQ","action":"HOLD","stockDirection":"NEUTRAL","sensexDirection":"UP","stockPrice":503.67,"sensexPrice":82196.59,"lastStockPrice":510.01,"lastSensexPrice":78665.15,"timestamp":1771142584081}
{"symbol":"VEDL-EQ","action":"HOLD","stockDirection":"NEUTRAL","sensexDirection":"UP","stockPrice":519.9,"sensexPrice":84499.94,"lastStockPrice":510.01,"lastSensexPrice":82196.59,"timestamp":1771142589127}
{"symbol":"VEDL-EQ","action":"HOLD","stockDirection":"NEUTRAL","sensexDirection":"UP","stockPrice":508.64,"sensexPrice":86524.94,"lastStockPrice":510.01,"lastSensexPrice":84499.94,"timestamp":1771142601219}
{"symbol":"VEDL-EQ","action":"HOLD","stockDirection":"NEUTRAL","sensexDirection":"DOWN","stockPrice":496.24,"sensexPrice":84041.31,"lastStockPrice":510.01,"lastSensexPrice":86524.94,"timestamp":1771142604240}
{"symbol":"VEDL-EQ","action":"HOLD","stockDirection":"NEUTRAL","sensexDirection":"UP","stockPrice":503.27,"sensexPrice":85993.56,"lastStockPrice":510.01,"lastSensexPrice":84041.31,"timestamp":1771142605243}
{"symbol":"VEDL-EQ","action":"HOLD","stockDirection":"NEUTRAL","sensexDirection":"UP","stockPrice":508.78,"sensexPrice":87952.79,"lastStockPrice":510.01,"lastSensexPrice":85993.56,"timestamp":1771142607253}
{"symbol":"VEDL-EQ","action":"HOLD","stockDirection":"NEUTRAL","sensexDirection":"DOWN","stockPrice":502.9,"sensexPrice":84999.41,"lastStockPrice":510.01,"lastSensexPrice":87952.79,"timestamp":1771142613313}
{"symbol":"VEDL-EQ","action":"HOLD","stockDirection":"NEUTRAL","sensexDirection":"UP","stockPrice":484.85,"sensexPrice":88117.9,"lastStockPrice":510.01,"lastSensexPrice":84999.41,"timestamp":1771142615319}
{"symbol":"VEDL-EQ","action":"HOLD","stockDirection":"DOWN","sensexDirection":"NEUTRAL","stockPrice":477.69,"sensexPrice":88152.06,"lastStockPrice":510.01,"lastSensexPrice":88117.9,"timestamp":1771142617347}
{"symbol":"VEDL-EQ","action":"HOLD","stockDirection":"NEUTRAL","sensexDirection":"UP","stockPrice":487.68,"sensexPrice":91868.91,"lastStockPrice":477.69,"lastSensexPrice":88117.9,"timestamp":1771142619359}
{"symbol":"VEDL-EQ","action":"HOLD","stockDirection":"NEUTRAL","sensexDirection":"DOWN","stockPrice":491.32,"sensexPrice":89635.06,"lastStockPrice":477.69,"lastSensexPrice":91868.91,"timestamp":1771142620364}
{"symbol":"VEDL-EQ","action":"HOLD","stockDirection":"NEUTRAL","sensexDirection":"UP","stockPrice":485.51,"sensexPrice":91690.88,"lastStockPrice":477.69,"lastSensexPrice":89635.06,"timestamp":1771142621365}
{"symbol":"VEDL-EQ","action":"HOLD","stockDirection":"NEUTRAL","sensexDirection":"UP","stockPrice":481.1,"sensexPrice":93844.14,"lastStockPrice":477.69,"lastSensexPrice":91690.88,"timestamp":1771142622377}
{"symbol":"VEDL-EQ","action":"HOLD","stockDirection":"NEUTRAL","sensexDirection":"UP","stockPrice":469.52,"sensexPrice":96515.42,"lastStockPrice":477.69,"lastSensexPrice":93844.14,"timestamp":1771142626410}
{"symbol":"VEDL-EQ","action":"HOLD","stockDirection":"DOWN","sensexDirection":"NEUTRAL","stockPrice":451.24,"sensexPrice":95731.77,"lastStockPrice":477.69,"lastSensexPrice":96515.42,"timestamp":1771142628422}
{"symbol":"VEDL-EQ","action":"HOLD","stockDirection":"NEUTRAL","sensexDirection":"DOWN","stockPrice":448.17,"sensexPrice":94246.82,"lastStockPrice":451.24,"lastSensexPrice":96515.42,"timestamp":1771142629426}
{"symbol":"VEDL-EQ","action":"HOLD","stockDirection":"NEUTRAL","sensexDirection":"UP","stockPrice":430.81,"sensexPrice":97088.95,"lastStockPrice":451.24,"lastSensexPrice":94246.82,"timestamp":1771142632449}
{"symbol":"VEDL-EQ","action":"HOLD","stockDirection":"DOWN","sensexDirection":"NEUTRAL","stockPrice":423.89,"sensexPrice":97681.35,"lastStockPrice":451.24,"lastSensexPrice":97088.95,"timestamp":1771142633463}
{"symbol":"VEDL-EQ","action":"HOLD","stockDirection":"NEUTRAL","sensexDirection":"DOWN","stockPrice":438.52,"sensexPrice":93013.89,"lastStockPrice":423.89,"lastSensexPrice":97088.95,"timestamp":1771142645552}
{"symbol":"VEDL-EQ","action":"HOLD","stockDirection":"NEUTRAL","sensexDirection":"UP","stockPrice":430.74,"sensexPrice":96289.28,"lastStockPrice":423.89,"lastSensexPrice":93013.89,"timestamp":1771142648566}
{"symbol":"VEDL-EQ","action":"HOLD","stockDirection":"NEUTRAL","sensexDirection":"DOWN","stockPrice":425.48,"sensexPrice":93889.89,"lastStockPrice":423.89,"lastSensexPrice":96289.28,"timestamp":1771142649573}
{"symbol":"VEDL-EQ","action":"HOLD","stockDirection":"NEUTRAL","sensexDirection":"DOWN","stockPrice":410.02,"sensexPrice":90256.41,"lastStockPrice":423.89,"lastSensexPrice":93889.89,"timestamp":1771142652595}
{"symbol":"VEDL-EQ","action":"HOLD","stockDirection":"DOWN","sensexDirection":"NEUTRAL","stockPrice":400.02,"sensexPrice":89110.94,"lastStockPrice":423.89,"lastSensexPrice":90256.41,"timestamp":1771142654617}
{"symbol":"VEDL-EQ","action":"HOLD","stockDirection":"NEUTRAL","sensexDirection":"DOWN","stockPrice":399.74,"sensexPrice":88113.87,"lastStockPrice":400.02,"lastSensexPrice":90256.41,"timestamp":1771142655630}
{"symbol":"VEDL-EQ","action":"HOLD","stockDirection":"NEUTRAL","sensexDirection":"UP","stockPrice":416.11,"sensexPrice":90463.29,"lastStockPrice":400.02,"lastSensexPrice":88113.87,"timestamp":1771142659677}
{"symbol":"VEDL-EQ","action":"HOLD","stockDirection":"UP","sensexDirection":"NEUTRAL","stockPrice":420.83,"sensexPrice":88737.75,"lastStockPrice":400.02,"lastSensexPrice":90463.29,"timestamp":1771142660688}
{"symbol":"VEDL-EQ","action":"HOLD","stockDirection":"NEUTRAL","sensexDirection":"UP","stockPrice":433.53,"sensexPrice":94130.59,"lastStockPrice":420.83,"lastSensexPrice":90463.29,"timestamp":1771142665736}
{"symbol":"VEDL-EQ","action":"HOLD","stockDirection":"NEUTRAL","sensexDirection":"UP","stockPrice":438.47,"sensexPrice":96291.66,"lastStockPrice":420.83,"lastSensexPrice":94130.59,"timestamp":1771142666746}
{"symbol":"VEDL-EQ","action":"HOLD","stockDirection":"UP","sensexDirection":"NEUTRAL","stockPrice":443.1,"sensexPrice":96489.56,"lastStockPrice":420.83,"lastSensexPrice":96291.66,"timestamp":1771142667760}
{"symbol":"VEDL-EQ","action":"HOLD","stockDirection":"NEUTRAL","sensexDirection":"UP","stockPrice":450.59,"sensexPrice":98534.41,"lastStockPrice":443.1,"lastSensexPrice":96291.66,"timestamp":1771142668773}
{"symbol":"VEDL-EQ","action":"HOLD","stockDirection":"NEUTRAL","sensexDirection":"DOWN","stockPrice":449.52,"sensexPrice":95955.41,"lastStockPrice":443.1,"lastSensexPrice":98534.41,"timestamp":1771142670788}
{"symbol":"VEDL-EQ","action":"HOLD","stockDirection":"NEUTRAL","sensexDirection":"UP","stockPrice":434.74,"sensexPrice":97940.1,"lastStockPrice":443.1,"lastSensexPrice":95955.41,"timestamp":1771142673829}
{"symbol":"VEDL-EQ","action":"HOLD","stockDirection":"NEUTRAL","sensexDirection":"UP","stockPrice":435.78,"sensexPrice":100637.47,"lastStockPrice":443.1,"lastSensexPrice":97940.1,"timestamp":1771142676856}
{"symbol":"VEDL-EQ","action":"HOLD","stockDirection":"NEUTRAL","sensexDirection":"DOWN","stockPrice":425.67,"sensexPrice":97759.19,"lastStockPrice":443.1,"lastSensexPrice":100637.47,"timestamp":1771142678872}
{"symbol":"VEDL-EQ","action":"HOLD","stockDirection":"NEUTRAL","sensexDirection":"DOWN","stockPrice":428.91,"sensexPrice":95444.37,"lastStockPrice":443.1,"lastSensexPrice":97759.19,"timestamp":1771142679883}
{"symbol":"VEDL-EQ","action":"HOLD","stockDirection":"NEUTRAL","sensexDirection":"UP","stockPrice":437.93,"sensexPrice":98236.89,"lastStockPrice":443.1,"lastSensexPrice":95444.37,"timestamp":1771142681904}
{"symbol":"VEDL-EQ","action":"HOLD","stockDirection":"NEUTRAL","sensexDirection":"DOWN","stockPrice":443.44,"sensexPrice":95903.46,"lastStockPrice":443.1,"lastSensexPrice":98236.89,"timestamp":1771142682917}
{"symbol":"VEDL-EQ","action":"HOLD","stockDirection":"NEUTRAL","sensexDirection":"DOWN","stockPrice":454.28,"sensexPrice":93977,"lastStockPrice":443.1,"lastSensexPrice":95903.46,"timestamp":1771142683932}
{"symbol":"VEDL-EQ","action":"HOLD","stockDirection":"NEUTRAL","sensexDirection":"UP","stockPrice":451.39,"sensexPrice":95956.37,"lastStockPrice":443.1,"lastSensexPrice":93977,"timestamp":1771142695014}
{"symbol":"VEDL-EQ","action":"HOLD","stockDirection":"NEUTRAL","sensexDirection":"UP","stockPrice":445.57,"sensexPrice":98093.5,"lastStockPrice":443.1,"lastSensexPrice":95956.37,"timestamp":1771142698055}
{"symbol":"VEDL-EQ","action":"HOLD","stockDirection":"NEUTRAL","sensexDirection":"DOWN","stockPrice":452.48,"sensexPrice":95655.87,"lastStockPrice":443.1,"lastSensexPrice":98093.5,"timestamp":1771142699062}
{"symbol":"VEDL-EQ","action":"HOLD","stockDirection":"NEUTRAL","sensexDirection":"UP","stockPrice":448.41,"sensexPrice":97789.84,"lastStockPrice":443.1,"lastSensexPrice":95655.87,"timestamp":1771142700062}
{"symbol":"VEDL-EQ","action":"HOLD","stockDirection":"UP","sensexDirection":"NEUTRAL","stockPrice":473.2,"sensexPrice":98407.74,"lastStockPrice":443.1,"lastSensexPrice":97789.84,"timestamp":1771142707106}
{"symbol":"VEDL-EQ","action":"HOLD","stockDirection":"NEUTRAL","sensexDirection":"UP","stockPrice":481.36,"sensexPrice":100078.37,"lastStockPrice":473.2,"lastSensexPrice":97789.84,"timestamp":1771142708109}
{"symbol":"VEDL-EQ","action":"HOLD","stockDirection":"NEUTRAL","sensexDirection":"UP","stockPrice":459.42,"sensexPrice":102767.32,"lastStockPrice":473.2,"lastSensexPrice":100078.37,"timestamp":1771142710117}
{"symbol":"VEDL-EQ","action":"HOLD","stockDirection":"NEUTRAL","sensexDirection":"DOWN","stockPrice":459.2,"sensexPrice":100328.42,"lastStockPrice":473.2,"lastSensexPrice":102767.32,"timestamp":1771142711122}
{"symbol":"VEDL-EQ","action":"HOLD","stockDirection":"DOWN","sensexDirection":"UP","stockPrice":444.35,"sensexPrice":102533.36,"lastStockPrice":473.2,"lastSensexPrice":100328.42,"timestamp":1771142713130}
{"symbol":"VEDL-EQ","action":"HOLD","stockDirection":"NEUTRAL","sensexDirection":"UP","stockPrice":430.02,"sensexPrice":106236.66,"lastStockPrice":444.35,"lastSensexPrice":102533.36,"timestamp":1771142721172}
{"symbol":"VEDL-EQ","action":"HOLD","stockDirection":"NEUTRAL","sensexDirection":"UP","stockPrice":425.66,"sensexPrice":108440.82,"lastStockPrice":444.35,"lastSensexPrice":106236.66,"timestamp":1771142722185}
{"symbol":"VEDL-EQ","action":"HOLD","stockDirection":"DOWN","sensexDirection":"NEUTRAL","stockPrice":418.96,"sensexPrice":107564.75,"lastStockPrice":444.35,"lastSensexPrice":108440.82,"timestamp":1771142724188}
{"symbol":"VEDL-EQ","action":"HOLD","stockDirection":"NEUTRAL","sensexDirection":"UP","stockPrice":419.48,"sensexPrice":112665.95,"lastStockPrice":418.96,"lastSensexPrice":108440.82,"timestamp":1771142726202}
{"symbol":"VEDL-EQ","action":"HOLD","stockDirection":"NEUTRAL","sensexDirection":"DOWN","stockPrice":417.75,"sensexPrice":109997.53,"lastStockPrice":418.96,"lastSensexPrice":112665.95,"timestamp":1771142727204}
{"symbol":"VEDL-EQ","action":"HOLD","stockDirection":"NEUTRAL","sensexDirection":"DOWN","stockPrice":421.38,"sensexPrice":106220.63,"lastStockPrice":418.96,"lastSensexPrice":109997.53,"timestamp":1771142730215}
{"symbol":"VEDL-EQ","action":"SELL","stockDirection":"UP","sensexDirection":"UP","stockPrice":708.92,"sensexPrice":81855.38,"lastStockPrice":674.8,"lastSensexPrice":80790.09,"timestamp":1771170309688}
{"symbol":"VEDL-EQ","action":"BUY","stockDirection":"DOWN","sensexDirection":"DOWN","stockPrice":664.22,"sensexPrice":80048.14,"lastStockPrice":708.92,"lastSensexPrice":79168.65,"timestamp":1771170317767}
{"symbol":"VEDL-EQ","action":"HOLD","stockDirection":"UP","sensexDirection":"DOWN","stockPrice":699.64,"sensexPrice":80079.12,"lastStockPrice":664.22,"lastSensexPrice":80265.75,"timestamp":1771170322807}
{"symbol":"VEDL-EQ","action":"HOLD","stockDirection":"DOWN","sensexDirection":"UP","stockPrice":662.94,"sensexPrice":83140.4,"lastStockPrice":699.64,"lastSensexPrice":83140.4,"timestamp":1771170325833}
{"symbol":"VEDL-EQ","action":"HOLD","stockDirection":"UP","sensexDirection":"DOWN","stockPrice":704.25,"sensexPrice":70407.19,"lastStockPrice":662.94,"lastSensexPrice":71535.1,"timestamp":1771170342968}
{"symbol":"VEDL-EQ","action":"HOLD","stockDirection":"UP","sensexDirection":"DOWN","stockPrice":744.49,"sensexPrice":69837.99,"lastStockPrice":704.25,"lastSensexPrice":68964.47,"timestamp":1771170346992}
{"symbol":"VEDL-EQ","action":"HOLD","stockDirection":"UP","sensexDirection":"DOWN","stockPrice":783.79,"sensexPrice":69160.54,"lastStockPrice":744.49,"lastSensexPrice":68964.47,"timestamp":1771170350015}
{"symbol":"VEDL-EQ","action":"BUY","stockDirection":"DOWN","sensexDirection":"DOWN","stockPrice":744.18,"sensexPrice":64827.24,"lastStockPrice":783.79,"lastSensexPrice":64689.84,"timestamp":1771170419632}
{"symbol":"VEDL-EQ","action":"HOLD","stockDirection":"UP","sensexDirection":"DOWN","stockPrice":782.13,"sensexPrice":63589.32,"lastStockPrice":744.18,"lastSensexPrice":64616.14,"timestamp":1771170472989}
{"symbol":"VEDL-EQ","action":"HOLD","stockDirection":"DOWN","sensexDirection":"UP","stockPrice":730.07,"sensexPrice":67760.64,"lastStockPrice":782.13,"lastSensexPrice":67760.64,"timestamp":1771170484102}
{"symbol":"VEDL-EQ","action":"HOLD","stockDirection":"DOWN","sensexDirection":"UP","stockPrice":687.95,"sensexPrice":72730.5,"lastStockPrice":730.07,"lastSensexPrice":71585.31,"timestamp":1771170493162}
{"symbol":"VEDL-EQ","action":"HOLD","stockDirection":"DOWN","sensexDirection":"UP","stockPrice":652.91,"sensexPrice":79722.13,"lastStockPrice":687.95,"lastSensexPrice":81238.34,"timestamp":1771170535400}
{"symbol":"VEDL-EQ","action":"HOLD","stockDirection":"UP","sensexDirection":"DOWN","stockPrice":690.71,"sensexPrice":76531.76,"lastStockPrice":652.91,"lastSensexPrice":75548.23,"timestamp":1771170539432}
{"symbol":"VEDL-EQ","action":"BUY","stockDirection":"DOWN","sensexDirection":"DOWN","stockPrice":652.92,"sensexPrice":72018.58,"lastStockPrice":690.71,"lastSensexPrice":72018.58,"timestamp":1771170551493}
{"symbol":"VEDL-EQ","action":"HOLD","stockDirection":"UP","sensexDirection":"DOWN","stockPrice":687.22,"sensexPrice":71904.94,"lastStockPrice":652.92,"lastSensexPrice":72018.58,"timestamp":1771170554522}
{"symbol":"VEDL-EQ","action":"HOLD","stockDirection":"UP","sensexDirection":"DOWN","stockPrice":729.95,"sensexPrice":65818.39,"lastStockPrice":687.22,"lastSensexPrice":66920.99,"timestamp":1771170567597}
{"symbol":"VEDL-EQ","action":"HOLD","stockDirection":"DOWN","sensexDirection":"UP","stockPrice":685.83,"sensexPrice":69562.53,"lastStockPrice":729.95,"lastSensexPrice":70261.48,"timestamp":1771170586727}
{"symbol":"VEDL-EQ","action":"SELL","stockDirection":"UP","sensexDirection":"UP","stockPrice":727.29,"sensexPrice":71027.67,"lastStockPrice":685.83,"lastSensexPrice":70261.48,"timestamp":1771170589761}
{"symbol":"VEDL-EQ","action":"HOLD","stockDirection":"DOWN","sensexDirection":"UP","stockPrice":687.78,"sensexPrice":70047.25,"lastStockPrice":727.29,"lastSensexPrice":70261.48,"timestamp":1771170593779}
{"symbol":"VEDL-EQ","action":"HOLD","stockDirection":"UP","sensexDirection":"DOWN","stockPrice":726.37,"sensexPrice":71689.53,"lastStockPrice":687.78,"lastSensexPrice":72140.08,"timestamp":1771170607866}
{"symbol":"VEDL-EQ","action":"HOLD","stockDirection":"UP","sensexDirection":"DOWN","stockPrice":766.47,"sensexPrice":72463.74,"lastStockPrice":726.37,"lastSensexPrice":72140.08,"timestamp":1771170610898}
{"symbol":"VEDL-EQ","action":"BUY","stockDirection":"DOWN","sensexDirection":"DOWN","stockPrice":713.01,"sensexPrice":69073.5,"lastStockPrice":766.47,"lastSensexPrice":69608.5,"timestamp":1771170644135}
{"symbol":"VEDL-EQ","action":"SELL","stockDirection":"UP","sensexDirection":"UP","stockPrice":754.54,"sensexPrice":66016.44,"lastStockPrice":713.01,"lastSensexPrice":66731.32,"timestamp":1771170659239}
{"symbol":"VEDL-EQ","action":"HOLD","stockDirection":"UP","sensexDirection":"DOWN","stockPrice":797.37,"sensexPrice":67679,"lastStockPrice":754.54,"lastSensexPrice":67679,"timestamp":1771170667302}
{"symbol":"VEDL-EQ","action":"HOLD","stockDirection":"UP","sensexDirection":"DOWN","stockPrice":839.51,"sensexPrice":67661.35,"lastStockPrice":797.37,"lastSensexPrice":67434.6,"timestamp":1771170678393}
{"symbol":"VEDL-EQ","action":"HOLD","stockDirection":"UP","sensexDirection":"DOWN","stockPrice":892.71,"sensexPrice":65112.44,"lastStockPrice":839.51,"lastSensexPrice":66043.41,"timestamp":1771170705598}
{"symbol":"VEDL-EQ","action":"SELL","stockDirection":"UP","sensexDirection":"UP","stockPrice":937.72,"sensexPrice":72288.72,"lastStockPrice":892.71,"lastSensexPrice":71307.57,"timestamp":1771170722749}
{"symbol":"VEDL-EQ","action":"HOLD","stockDirection":"UP","sensexDirection":"DOWN","stockPrice":998.2,"sensexPrice":69794.96,"lastStockPrice":937.72,"lastSensexPrice":69614.68,"timestamp":1771170727802}
{"symbol":"VEDL-EQ","action":"SELL","stockDirection":"UP","sensexDirection":"UP","stockPrice":1055.35,"sensexPrice":71276.97,"lastStockPrice":998.2,"lastSensexPrice":71276.97,"timestamp":1771170732860}
{"symbol":"VEDL-EQ","action":"BUY","stockDirection":"DOWN","sensexDirection":"DOWN","stockPrice":1001.87,"sensexPrice":64546.1,"lastStockPrice":1055.35,"lastSensexPrice":64719.03,"timestamp":1771170760012}
{"symbol":"VEDL-EQ","action":"HOLD","stockDirection":"DOWN","sensexDirection":"UP","stockPrice":945.17,"sensexPrice":74488.73,"lastStockPrice":1001.87,"lastSensexPrice":73214.68,"timestamp":1771170793262}
{"symbol":"VEDL-EQ","action":"SELL","stockDirection":"UP","sensexDirection":"UP","stockPrice":1002.88,"sensexPrice":77517.64,"lastStockPrice":945.17,"lastSensexPrice":77971.37,"timestamp":1771170812380}
{"symbol":"VEDL-EQ","action":"SELL","stockDirection":"UP","sensexDirection":"UP","stockPrice":1062.11,"sensexPrice":87539.05,"lastStockPrice":1002.88,"lastSensexPrice":86284.35,"timestamp":1771170844693}
{"symbol":"VEDL-EQ","action":"HOLD","stockDirection":"DOWN","sensexDirection":"UP","stockPrice":1008.02,"sensexPrice":97016.37,"lastStockPrice":1062.11,"lastSensexPrice":96835.94,"timestamp":1771170870949}
{"symbol":"VEDL-EQ","action":"BUY","stockDirection":"DOWN","sensexDirection":"DOWN","stockPrice":951.23,"sensexPrice":87111.15,"lastStockPrice":1008.02,"lastSensexPrice":87405.45,"timestamp":1771170887045}
{"symbol":"VEDL-EQ","action":"HOLD","stockDirection":"UP","sensexDirection":"DOWN","stockPrice":1006.18,"sensexPrice":79216.71,"lastStockPrice":951.23,"lastSensexPrice":77814.19,"timestamp":1771170938450}
{"symbol":"VEDL-EQ","action":"BUY","stockDirection":"DOWN","sensexDirection":"DOWN","stockPrice":953.51,"sensexPrice":77848.72,"lastStockPrice":1006.18,"lastSensexPrice":77848.72,"timestamp":1771170941474}
{"symbol":"VEDL-EQ","action":"SELL","stockDirection":"UP","sensexDirection":"UP","stockPrice":1009.76,"sensexPrice":76719.99,"lastStockPrice":953.51,"lastSensexPrice":76612.88,"timestamp":1771170961656}
{"symbol":"VEDL-EQ","action":"HOLD","stockDirection":"DOWN","sensexDirection":"UP","stockPrice":956.91,"sensexPrice":77442.7,"lastStockPrice":1009.76,"lastSensexPrice":77778.19,"timestamp":1771170982795}
{"symbol":"VEDL-EQ","action":"HOLD","stockDirection":"UP","sensexDirection":"DOWN","stockPrice":1006.8,"sensexPrice":75529.37,"lastStockPrice":956.91,"lastSensexPrice":75337.71,"timestamp":1771170987812}
{"symbol":"VEDL-EQ","action":"BUY","stockDirection":"DOWN","sensexDirection":"DOWN","stockPrice":953.21,"sensexPrice":72876.81,"lastStockPrice":1006.8,"lastSensexPrice":72407.74,"timestamp":1771170993847}
